Archive member included to satisfy reference by file (symbol)

c:/programdata/chocolatey/lib/gcc-arm-embedded/tools/gcc-arm-none-eabi-10.3-2021.10/bin/../lib/gcc/arm-none-eabi/10.3.1/thumb/v7e-m+fp/hard\libgcc.a(_arm_muldf3.o)
                              ../../../../../../Drivers/BSP/Components/L6470/L6470.o (__aeabi_dmul)
c:/programdata/chocolatey/lib/gcc-arm-embedded/tools/gcc-arm-none-eabi-10.3-2021.10/bin/../lib/gcc/arm-none-eabi/10.3.1/thumb/v7e-m+fp/hard\libgcc.a(_arm_addsubdf3.o)
                              ../../../../../../Drivers/BSP/Components/L6470/L6470.o (__aeabi_dadd)
c:/programdata/chocolatey/lib/gcc-arm-embedded/tools/gcc-arm-none-eabi-10.3-2021.10/bin/../lib/gcc/arm-none-eabi/10.3.1/thumb/v7e-m+fp/hard\libgcc.a(_arm_truncdfsf2.o)
                              ../../../../../../Drivers/BSP/Components/L6470/L6470.o (__aeabi_d2f)
c:/programdata/chocolatey/lib/gcc-arm-embedded/tools/gcc-arm-none-eabi-10.3-2021.10/bin/../lib/gcc/arm-none-eabi/10.3.1/../../../../arm-none-eabi/lib/thumb/v7e-m+fp/hard\libc.a(lib_a-exit.o)
                              c:/programdata/chocolatey/lib/gcc-arm-embedded/tools/gcc-arm-none-eabi-10.3-2021.10/bin/../lib/gcc/arm-none-eabi/10.3.1/../../../../arm-none-eabi/lib/thumb/v7e-m+fp/hard/crt0.o (exit)
c:/programdata/chocolatey/lib/gcc-arm-embedded/tools/gcc-arm-none-eabi-10.3-2021.10/bin/../lib/gcc/arm-none-eabi/10.3.1/../../../../arm-none-eabi/lib/thumb/v7e-m+fp/hard\libc.a(lib_a-impure.o)
                              c:/programdata/chocolatey/lib/gcc-arm-embedded/tools/gcc-arm-none-eabi-10.3-2021.10/bin/../lib/gcc/arm-none-eabi/10.3.1/../../../../arm-none-eabi/lib/thumb/v7e-m+fp/hard\libc.a(lib_a-exit.o) (_global_impure_ptr)
c:/programdata/chocolatey/lib/gcc-arm-embedded/tools/gcc-arm-none-eabi-10.3-2021.10/bin/../lib/gcc/arm-none-eabi/10.3.1/../../../../arm-none-eabi/lib/thumb/v7e-m+fp/hard\libc.a(lib_a-init.o)
                              c:/programdata/chocolatey/lib/gcc-arm-embedded/tools/gcc-arm-none-eabi-10.3-2021.10/bin/../lib/gcc/arm-none-eabi/10.3.1/../../../../arm-none-eabi/lib/thumb/v7e-m+fp/hard/crt0.o (__libc_init_array)
c:/programdata/chocolatey/lib/gcc-arm-embedded/tools/gcc-arm-none-eabi-10.3-2021.10/bin/../lib/gcc/arm-none-eabi/10.3.1/../../../../arm-none-eabi/lib/thumb/v7e-m+fp/hard\libc.a(lib_a-memset.o)
                              c:/programdata/chocolatey/lib/gcc-arm-embedded/tools/gcc-arm-none-eabi-10.3-2021.10/bin/../lib/gcc/arm-none-eabi/10.3.1/../../../../arm-none-eabi/lib/thumb/v7e-m+fp/hard/crt0.o (memset)
c:/programdata/chocolatey/lib/gcc-arm-embedded/tools/gcc-arm-none-eabi-10.3-2021.10/bin/../lib/gcc/arm-none-eabi/10.3.1/../../../../arm-none-eabi/lib/thumb/v7e-m+fp/hard\libc.a(lib_a-__call_atexit.o)
                              c:/programdata/chocolatey/lib/gcc-arm-embedded/tools/gcc-arm-none-eabi-10.3-2021.10/bin/../lib/gcc/arm-none-eabi/10.3.1/../../../../arm-none-eabi/lib/thumb/v7e-m+fp/hard\libc.a(lib_a-exit.o) (__call_exitprocs)
c:/programdata/chocolatey/lib/gcc-arm-embedded/tools/gcc-arm-none-eabi-10.3-2021.10/bin/../lib/gcc/arm-none-eabi/10.3.1/../../../../arm-none-eabi/lib/thumb/v7e-m+fp/hard\libc.a(lib_a-atexit.o)
                              c:/programdata/chocolatey/lib/gcc-arm-embedded/tools/gcc-arm-none-eabi-10.3-2021.10/bin/../lib/gcc/arm-none-eabi/10.3.1/../../../../arm-none-eabi/lib/thumb/v7e-m+fp/hard\libc.a(lib_a-__call_atexit.o) (atexit)
c:/programdata/chocolatey/lib/gcc-arm-embedded/tools/gcc-arm-none-eabi-10.3-2021.10/bin/../lib/gcc/arm-none-eabi/10.3.1/../../../../arm-none-eabi/lib/thumb/v7e-m+fp/hard\libc.a(lib_a-fini.o)
                              c:/programdata/chocolatey/lib/gcc-arm-embedded/tools/gcc-arm-none-eabi-10.3-2021.10/bin/../lib/gcc/arm-none-eabi/10.3.1/../../../../arm-none-eabi/lib/thumb/v7e-m+fp/hard\libc.a(lib_a-__call_atexit.o) (__libc_fini_array)
c:/programdata/chocolatey/lib/gcc-arm-embedded/tools/gcc-arm-none-eabi-10.3-2021.10/bin/../lib/gcc/arm-none-eabi/10.3.1/../../../../arm-none-eabi/lib/thumb/v7e-m+fp/hard\libc.a(lib_a-lock.o)
                              c:/programdata/chocolatey/lib/gcc-arm-embedded/tools/gcc-arm-none-eabi-10.3-2021.10/bin/../lib/gcc/arm-none-eabi/10.3.1/../../../../arm-none-eabi/lib/thumb/v7e-m+fp/hard\libc.a(lib_a-__call_atexit.o) (__retarget_lock_acquire_recursive)
c:/programdata/chocolatey/lib/gcc-arm-embedded/tools/gcc-arm-none-eabi-10.3-2021.10/bin/../lib/gcc/arm-none-eabi/10.3.1/../../../../arm-none-eabi/lib/thumb/v7e-m+fp/hard\libc.a(lib_a-__atexit.o)
                              c:/programdata/chocolatey/lib/gcc-arm-embedded/tools/gcc-arm-none-eabi-10.3-2021.10/bin/../lib/gcc/arm-none-eabi/10.3.1/../../../../arm-none-eabi/lib/thumb/v7e-m+fp/hard\libc.a(lib_a-atexit.o) (__register_exitproc)
c:/programdata/chocolatey/lib/gcc-arm-embedded/tools/gcc-arm-none-eabi-10.3-2021.10/bin/../lib/gcc/arm-none-eabi/10.3.1/../../../../arm-none-eabi/lib/thumb/v7e-m+fp/hard\libnosys.a(_exit.o)
[...]
Memory Configuration

Name             Origin             Length             Attributes
FLASH            0x08000000         0x00080000         xr
RAM              0x20000000         0x00018000         xrw
*default*        0x00000000         0xffffffff

Linker script and memory map

LOAD c:/programdata/chocolatey/lib/gcc-arm-embedded/tools/gcc-arm-none-eabi-10.3-2021.10/bin/../lib/gcc/arm-none-eabi/10.3.1/thumb/v7e-m+fp/hard/crti.o
LOAD c:/programdata/chocolatey/lib/gcc-arm-embedded/tools/gcc-arm-none-eabi-10.3-2021.10/bin/../lib/gcc/arm-none-eabi/10.3.1/thumb/v7e-m+fp/hard/crtbegin.o
LOAD c:/programdata/chocolatey/lib/gcc-arm-embedded/tools/gcc-arm-none-eabi-10.3-2021.10/bin/../lib/gcc/arm-none-eabi/10.3.1/../../../../arm-none-eabi/lib/thumb/v7e-m+fp/hard/crt0.o
LOAD c:/programdata/chocolatey/lib/gcc-arm-embedded/tools/gcc-arm-none-eabi-10.3-2021.10/bin/../lib/gcc/arm-none-eabi/10.3.1/../../../../arm-none-eabi/lib/thumb/v7e-m+fp/hard\libnosys.a
LOAD ../../../../../../Drivers/BSP/Components/L6470/L6470.o
LOAD ../../../../../../Drivers/BSP/STM32F4xx-Nucleo/stm32f4xx_nucleo.o
LOAD ../../../../../../Drivers/BSP/X-NUCLEO-IHM02A1/NUCLEO-F401RE/xnucleoihm02a1_interface.o
LOAD ../../../../../../Drivers/BSP/X-NUCLEO-IHM02A1/xnucleoihm02a1.o
LOAD ../../../../../../Drivers/CMSIS/Device/ST/STM32F4xx/Source/Templates/system_stm32f4xx.o
LOAD ../../../../../../Drivers/STM32F4xx_HAL_Driver/Src/stm32f4xx_hal.o
LOAD ../../../../../../Drivers/STM32F4xx_HAL_Driver/Src/stm32f4xx_hal_adc.o
LOAD ../../../../../../Drivers/STM32F4xx_HAL_Driver/Src/stm32f4xx_hal_adc_ex.o
LOAD ../../../../../../Drivers/STM32F4xx_HAL_Driver/Src/stm32f4xx_hal_cortex.o
LOAD ../../../../../../Drivers/STM32F4xx_HAL_Driver/Src/stm32f4xx_hal_dma.o
LOAD ../../../../../../Drivers/STM32F4xx_HAL_Driver/Src/stm32f4xx_hal_dma_ex.o
LOAD ../../../../../../Drivers/STM32F4xx_HAL_Driver/Src/stm32f4xx_hal_flash.o
LOAD ../../../../../../Drivers/STM32F4xx_HAL_Driver/Src/stm32f4xx_hal_flash_ex.o
LOAD ../../../../../../Drivers/STM32F4xx_HAL_Driver/Src/stm32f4xx_hal_flash_ramfunc.o
LOAD ../../../../../../Drivers/STM32F4xx_HAL_Driver/Src/stm32f4xx_hal_gpio.o
LOAD ../../../../../../Drivers/STM32F4xx_HAL_Driver/Src/stm32f4xx_hal_pwr.o
LOAD ../../../../../../Drivers/STM32F4xx_HAL_Driver/Src/stm32f4xx_hal_pwr_ex.o
LOAD ../../../../../../Drivers/STM32F4xx_HAL_Driver/Src/stm32f4xx_hal_rcc.o
LOAD ../../../../../../Drivers/STM32F4xx_HAL_Driver/Src/stm32f4xx_hal_rcc_ex.o
LOAD ../../../../../../Drivers/STM32F4xx_HAL_Driver/Src/stm32f4xx_hal_spi.o
LOAD ../../../../../../Drivers/STM32F4xx_HAL_Driver/Src/stm32f4xx_hal_uart.o
LOAD ../Src/example.o
LOAD ../Src/example_usart.o
LOAD ../Src/main.o
LOAD ../Src/params.o
LOAD ../Src/stm32f4xx_hal_msp.o
LOAD ../Src/stm32f4xx_it.o
LOAD gcc_startupfile_stm32f401retx.o
LOAD c:/programdata/chocolatey/lib/gcc-arm-embedded/tools/gcc-arm-none-eabi-10.3-2021.10/bin/../lib/gcc/arm-none-eabi/10.3.1/../../../../arm-none-eabi/lib/thumb/v7e-m+fp/hard\libstdc++.a
LOAD c:/programdata/chocolatey/lib/gcc-arm-embedded/tools/gcc-arm-none-eabi-10.3-2021.10/bin/../lib/gcc/arm-none-eabi/10.3.1/../../../../arm-none-eabi/lib/thumb/v7e-m+fp/hard\libm.a
START GROUP
LOAD c:/programdata/chocolatey/lib/gcc-arm-embedded/tools/gcc-arm-none-eabi-10.3-2021.10/bin/../lib/gcc/arm-none-eabi/10.3.1/thumb/v7e-m+fp/hard\libgcc.a
LOAD c:/programdata/chocolatey/lib/gcc-arm-embedded/tools/gcc-arm-none-eabi-10.3-2021.10/bin/../lib/gcc/arm-none-eabi/10.3.1/../../../../arm-none-eabi/lib/thumb/v7e-m+fp/hard\libc.a
END GROUP
LOAD c:/programdata/chocolatey/lib/gcc-arm-embedded/tools/gcc-arm-none-eabi-10.3-2021.10/bin/../lib/gcc/arm-none-eabi/10.3.1/thumb/v7e-m+fp/hard/crtend.o
LOAD c:/programdata/chocolatey/lib/gcc-arm-embedded/tools/gcc-arm-none-eabi-10.3-2021.10/bin/../lib/gcc/arm-none-eabi/10.3.1/thumb/v7e-m+fp/hard/crtn.o
                0x20018000                _estack = 0x20018000
                0x00000200                _Min_Heap_Size = 0x200
                0x00000400                _Min_Stack_Size = 0x400

.isr_vector     0x08000000      0x194
                0x08000000                . = ALIGN (0x4)
 *(.isr_vector)
 .isr_vector    0x08000000      0x194 gcc_startupfile_stm32f401retx.o
                0x08000000                g_pfnVectors
                0x08000194                . = ALIGN (0x4)

.descriptor     0x08000194       0x6c
                0x08000200                . = ALIGN (0x80)
 *fill*         0x08000194       0x6c 
 *(.descriptor)

.text           0x08000200     0x3cfc
                0x08000200                . = ALIGN (0x4)
 *(.text)
 .text          0x08000200       0x40 c:/programdata/chocolatey/lib/gcc-arm-embedded/tools/gcc-arm-none-eabi-10.3-2021.10/bin/../lib/gcc/arm-none-eabi/10.3.1/thumb/v7e-m+fp/hard/crtbegin.o
 *(.text*)
 .text.L6470_ResetAppCmdPkg
                0x08000240       0x38 ../../../../../../Drivers/BSP/Components/L6470/L6470.o
                0x08000240                L6470_ResetAppCmdPkg
 .text.L6470_FillAppCmdPkg
                0x08000278       0x20 ../../../../../../Drivers/BSP/Components/L6470/L6470.o
                0x08000278                L6470_FillAppCmdPkg
 .text.L6470_PrepareAppCmdPkg
                0x08000298       0x3c ../../../../../../Drivers/BSP/Components/L6470/L6470.o
                0x08000298                L6470_PrepareAppCmdPkg
 .text.L6470_PrepareSetParam
                0x080002d4       0x20 ../../../../../../Drivers/BSP/Components/L6470/L6470.o
                0x080002d4                L6470_PrepareSetParam
 .text.L6470_PrepareGetParam
                0x080002f4       0x20 ../../../../../../Drivers/BSP/Components/L6470/L6470.o
                0x080002f4                L6470_PrepareGetParam
 .text.L6470_PrepareRun
                0x08000314       0x20 ../../../../../../Drivers/BSP/Components/L6470/L6470.o
                0x08000314                L6470_PrepareRun
 .text.L6470_PrepareStepClock
                0x08000334       0x20 ../../../../../../Drivers/BSP/Components/L6470/L6470.o
                0x08000334                L6470_PrepareStepClock
 .text.L6470_PrepareMove
                0x08000354       0x20 ../../../../../../Drivers/BSP/Components/L6470/L6470.o
                0x08000354                L6470_PrepareMove
 .text.L6470_PrepareGoTo
                0x08000374       0x20 ../../../../../../Drivers/BSP/Components/L6470/L6470.o
                0x08000374                L6470_PrepareGoTo
 .text.L6470_PrepareGoToDir
                0x08000394       0x20 ../../../../../../Drivers/BSP/Components/L6470/L6470.o
                0x08000394                L6470_PrepareGoToDir
 .text.L6470_PrepareGoUntil
                0x080003b4       0x1c ../../../../../../Drivers/BSP/Components/L6470/L6470.o
                0x080003b4                L6470_PrepareGoUntil
 .text.L6470_PrepareReleaseSW
                0x080003d0       0x20 ../../../../../../Drivers/BSP/Components/L6470/L6470.o
                0x080003d0                L6470_PrepareReleaseSW
 .text.L6470_PrepareGoHome
                0x080003f0       0x1c ../../../../../../Drivers/BSP/Components/L6470/L6470.o
                0x080003f0                L6470_PrepareGoHome
 .text.L6470_PrepareGoMark
                0x0800040c       0x1c ../../../../../../Drivers/BSP/Components/L6470/L6470.o
                0x0800040c                L6470_PrepareGoMark
 .text.L6470_PrepareResetPos
                0x08000428       0x1c ../../../../../../Drivers/BSP/Components/L6470/L6470.o
                0x08000428                L6470_PrepareResetPos
 .text.L6470_PrepareResetDevice
                0x08000444       0x1c ../../../../../../Drivers/BSP/Components/L6470/L6470.o
                0x08000444                L6470_PrepareResetDevice
 .text.L6470_PrepareSoftStop
                0x08000460       0x1c ../../../../../../Drivers/BSP/Components/L6470/L6470.o
                0x08000460                L6470_PrepareSoftStop
 .text.L6470_PrepareHardStop
                0x0800047c       0x1c ../../../../../../Drivers/BSP/Components/L6470/L6470.o
                0x0800047c                L6470_PrepareHardStop
 .text.L6470_PrepareSoftHiZ
                0x08000498       0x1c ../../../../../../Drivers/BSP/Components/L6470/L6470.o
                0x08000498                L6470_PrepareSoftHiZ
 .text.L6470_PrepareHardHiZ
                0x080004b4       0x1c ../../../../../../Drivers/BSP/Components/L6470/L6470.o
                0x080004b4                L6470_PrepareHardHiZ
 .text.L6470_PrepareGetStatus
                0x080004d0       0x1c ../../../../../../Drivers/BSP/Components/L6470/L6470.o
                0x080004d0                L6470_PrepareGetStatus
 .text.L6470_PrepareDaisyChainCommand
                0x080004ec      0x230 ../../../../../../Drivers/BSP/Components/L6470/L6470.o
                0x080004ec                L6470_PrepareDaisyChainCommand
 .text.Step_s_2_Speed
                0x0800071c       0x2c ../../../../../../Drivers/BSP/Components/L6470/L6470.o
                0x0800071c                Step_s_2_Speed
 .text.Step_s2_2_Acc
                0x08000748       0x30 ../../../../../../Drivers/BSP/Components/L6470/L6470.o
                0x08000748                Step_s2_2_Acc
 .text.Step_s2_2_Dec
                0x08000778       0x30 ../../../../../../Drivers/BSP/Components/L6470/L6470.o
                0x08000778                Step_s2_2_Dec
 .text.Step_s_2_MaxSpeed
                0x080007a8       0x30 ../../../../../../Drivers/BSP/Components/L6470/L6470.o
                0x080007a8                Step_s_2_MaxSpeed
 .text.Step_s_2_MinSpeed
                0x080007d8       0x30 ../../../../../../Drivers/BSP/Components/L6470/L6470.o
                0x080007d8                Step_s_2_MinSpeed
 .text.Step_s_2_FsSpd
                0x08000808       0x38 ../../../../../../Drivers/BSP/Components/L6470/L6470.o
                0x08000808                Step_s_2_FsSpd
 .text.Step_s_2_IntSpeed
                0x08000840       0x30 ../../../../../../Drivers/BSP/Components/L6470/L6470.o
                0x08000840                Step_s_2_IntSpeed
 .text.s_Step_2_StSlp
                0x08000870       0x34 ../../../../../../Drivers/BSP/Components/L6470/L6470.o
                0x08000870                s_Step_2_StSlp
 .text.s_Step_2_FnSlpAcc
                0x080008a4       0x34 ../../../../../../Drivers/BSP/Components/L6470/L6470.o
                0x080008a4                s_Step_2_FnSlpAcc
 .text.s_Step_2_FnSlpDec
                0x080008d8       0x34 ../../../../../../Drivers/BSP/Components/L6470/L6470.o
                0x080008d8                s_Step_2_FnSlpDec
 .text.mA_2_OcdTh
                0x0800090c       0x54 ../../../../../../Drivers/BSP/Components/L6470/L6470.o
                0x0800090c                mA_2_OcdTh
 .text.mA_2_StallTh
                0x08000960       0x54 ../../../../../../Drivers/BSP/Components/L6470/L6470.o
                0x08000960                mA_2_StallTh
 .text.L6470_ID
                0x080009b4        0xa ../../../../../../Drivers/BSP/Components/L6470/L6470.o
                0x080009b4                L6470_ID
 *fill*         0x080009be        0x2 
 .text.L6470_DaisyChainCommand
                0x080009c0       0x70 ../../../../../../Drivers/BSP/Components/L6470/L6470.o
                0x080009c0                L6470_DaisyChainCommand
 .text.L6470_SetParam
                0x08000a30       0x38 ../../../../../../Drivers/BSP/Components/L6470/L6470.o
                0x08000a30                L6470_SetParam
 .text.L6470_Run
                0x08000a68       0x38 ../../../../../../Drivers/BSP/Components/L6470/L6470.o
                0x08000a68                L6470_Run
 .text.L6470_StepClock
                0x08000aa0       0x38 ../../../../../../Drivers/BSP/Components/L6470/L6470.o
                0x08000aa0                L6470_StepClock
 .text.L6470_Move
                0x08000ad8       0x38 ../../../../../../Drivers/BSP/Components/L6470/L6470.o
                0x08000ad8                L6470_Move
 .text.L6470_GoTo
                0x08000b10       0x40 ../../../../../../Drivers/BSP/Components/L6470/L6470.o
                0x08000b10                L6470_GoTo
 .text.L6470_GoToDir
                0x08000b50       0x40 ../../../../../../Drivers/BSP/Components/L6470/L6470.o
                0x08000b50                L6470_GoToDir
 .text.L6470_GoUntil
                0x08000b90       0x38 ../../../../../../Drivers/BSP/Components/L6470/L6470.o
                0x08000b90                L6470_GoUntil
 .text.L6470_ReleaseSW
                0x08000bc8       0x38 ../../../../../../Drivers/BSP/Components/L6470/L6470.o
                0x08000bc8                L6470_ReleaseSW
 .text.L6470_GoHome
                0x08000c00       0x38 ../../../../../../Drivers/BSP/Components/L6470/L6470.o
                0x08000c00                L6470_GoHome
 .text.L6470_GoMark
                0x08000c38       0x38 ../../../../../../Drivers/BSP/Components/L6470/L6470.o
                0x08000c38                L6470_GoMark
 .text.L6470_ResetPos
                0x08000c70       0x38 ../../../../../../Drivers/BSP/Components/L6470/L6470.o
                0x08000c70                L6470_ResetPos
 .text.L6470_ResetDevice
                0x08000ca8       0x38 ../../../../../../Drivers/BSP/Components/L6470/L6470.o
                0x08000ca8                L6470_ResetDevice
 .text.L6470_SoftStop
                0x08000ce0       0x38 ../../../../../../Drivers/BSP/Components/L6470/L6470.o
                0x08000ce0                L6470_SoftStop
 .text.L6470_HardStop
                0x08000d18       0x38 ../../../../../../Drivers/BSP/Components/L6470/L6470.o
                0x08000d18                L6470_HardStop
 .text.L6470_SoftHiZ
                0x08000d50       0x38 ../../../../../../Drivers/BSP/Components/L6470/L6470.o
                0x08000d50                L6470_SoftHiZ
 .text.L6470_HardHiZ
                0x08000d88       0x38 ../../../../../../Drivers/BSP/Components/L6470/L6470.o
                0x08000d88                L6470_HardHiZ
 .text.L6470_PerformPreparedApplicationCommand
                0x08000dc0       0x28 ../../../../../../Drivers/BSP/Components/L6470/L6470.o
                0x08000dc0                L6470_PerformPreparedApplicationCommand
 .text.L6470_ExtractReturnedData
                0x08000de8       0x2c ../../../../../../Drivers/BSP/Components/L6470/L6470.o
                0x08000de8                L6470_ExtractReturnedData
 .text.L6470_GetParam
                0x08000e14       0x58 ../../../../../../Drivers/BSP/Components/L6470/L6470.o
                0x08000e14                L6470_GetParam
 .text.L6470_CheckStatusRegisterFlag
                0x08000e6c       0xe0 ../../../../../../Drivers/BSP/Components/L6470/L6470.o
                0x08000e6c                L6470_CheckStatusRegisterFlag
 .text.L6470_GetStatus
                0x08000f4c       0x48 ../../../../../../Drivers/BSP/Components/L6470/L6470.o
                0x08000f4c                L6470_GetStatus
 .text.L6470_GetRegisterName
                0x08000f94       0x20 ../../../../../../Drivers/BSP/Components/L6470/L6470.o
                0x08000f94                L6470_GetRegisterName
 .text.L6470_Config
                0x08000fb4      0x27c ../../../../../../Drivers/BSP/Components/L6470/L6470.o
                0x08000fb4                L6470_Config
 .text.BSP_LED_Init
                0x08001230       0x50 ../../../../../../Drivers/BSP/STM32F4xx-Nucleo/stm32f4xx_nucleo.o
                0x08001230                BSP_LED_Init
 .text.BSP_LED_On
                0x08001280       0x18 ../../../../../../Drivers/BSP/STM32F4xx-Nucleo/stm32f4xx_nucleo.o
                0x08001280                BSP_LED_On
 .text.BSP_LED_Off
                0x08001298       0x18 ../../../../../../Drivers/BSP/STM32F4xx-Nucleo/stm32f4xx_nucleo.o
                0x08001298                BSP_LED_Off
 .text.BSP_PB_Init
                0x080012b0       0x80 ../../../../../../Drivers/BSP/STM32F4xx-Nucleo/stm32f4xx_nucleo.o
                0x080012b0                BSP_PB_Init
 .text.SystemClock_Config
                0x08001330       0x7c ../../../../../../Drivers/BSP/X-NUCLEO-IHM02A1/NUCLEO-F401RE/xnucleoihm02a1_interface.o
                0x08001330                SystemClock_Config
 .text.MX_GPIO_Init
                0x080013ac       0x12 ../../../../../../Drivers/BSP/X-NUCLEO-IHM02A1/NUCLEO-F401RE/xnucleoihm02a1_interface.o
                0x080013ac                MX_GPIO_Init
 *fill*         0x080013be        0x2 
 .text.MX_SPI1_Init
                0x080013c0       0x8c ../../../../../../Drivers/BSP/X-NUCLEO-IHM02A1/NUCLEO-F401RE/xnucleoihm02a1_interface.o
                0x080013c0                MX_SPI1_Init
 .text.MX_SPI_Init
                0x0800144c        0x8 ../../../../../../Drivers/BSP/X-NUCLEO-IHM02A1/NUCLEO-F401RE/xnucleoihm02a1_interface.o
                0x0800144c                MX_SPI_Init
 .text.MX_USART2_Init
                0x08001454       0x5c ../../../../../../Drivers/BSP/X-NUCLEO-IHM02A1/NUCLEO-F401RE/xnucleoihm02a1_interface.o
                0x08001454                MX_USART2_Init
 .text.User_LED_Blinking
                0x080014b0       0x2c ../../../../../../Drivers/BSP/X-NUCLEO-IHM02A1/NUCLEO-F401RE/xnucleoihm02a1_interface.o
                0x080014b0                User_LED_Blinking
 .text.NUCLEO_Board_Init
                0x080014dc       0x22 ../../../../../../Drivers/BSP/X-NUCLEO-IHM02A1/NUCLEO-F401RE/xnucleoihm02a1_interface.o
                0x080014dc                NUCLEO_Board_Init
 *fill*         0x080014fe        0x2 
 .text.BSP_Select
                0x08001500       0x3c ../../../../../../Drivers/BSP/X-NUCLEO-IHM02A1/xnucleoihm02a1.o
                0x08001500                BSP_Select
 .text.BSP_L6470_ResetDevice
                0x0800153c       0x14 ../../../../../../Drivers/BSP/X-NUCLEO-IHM02A1/xnucleoihm02a1.o
                0x0800153c                BSP_L6470_ResetDevice
 .text.BSP_L6470_GetStatus
                0x08001550       0x16 ../../../../../../Drivers/BSP/X-NUCLEO-IHM02A1/xnucleoihm02a1.o
                0x08001550                BSP_L6470_GetStatus
 .text.BSP_L6470_SetParam
                0x08001566       0x1c ../../../../../../Drivers/BSP/X-NUCLEO-IHM02A1/xnucleoihm02a1.o
                0x08001566                BSP_L6470_SetParam
 .text.BSP_L6470_GetParam
                0x08001582       0x1a ../../../../../../Drivers/BSP/X-NUCLEO-IHM02A1/xnucleoihm02a1.o
                0x08001582                BSP_L6470_GetParam
 .text.BSP_L6470_Run
                0x0800159c       0x1c ../../../../../../Drivers/BSP/X-NUCLEO-IHM02A1/xnucleoihm02a1.o
                0x0800159c                BSP_L6470_Run
 .text.BSP_L6470_StepClock
                0x080015b8       0x18 ../../../../../../Drivers/BSP/X-NUCLEO-IHM02A1/xnucleoihm02a1.o
                0x080015b8                BSP_L6470_StepClock
 .text.BSP_L6470_Move
                0x080015d0       0x1c ../../../../../../Drivers/BSP/X-NUCLEO-IHM02A1/xnucleoihm02a1.o
                0x080015d0                BSP_L6470_Move
 .text.BSP_L6470_GoTo
                0x080015ec       0x18 ../../../../../../Drivers/BSP/X-NUCLEO-IHM02A1/xnucleoihm02a1.o
                0x080015ec                BSP_L6470_GoTo
 .text.BSP_L6470_GoToDir
                0x08001604       0x1c ../../../../../../Drivers/BSP/X-NUCLEO-IHM02A1/xnucleoihm02a1.o
                0x08001604                BSP_L6470_GoToDir
 .text.BSP_L6470_GoUntil
                0x08001620       0x1e ../../../../../../Drivers/BSP/X-NUCLEO-IHM02A1/xnucleoihm02a1.o
                0x08001620                BSP_L6470_GoUntil
 .text.BSP_L6470_ReleaseSW
                0x0800163e       0x1c ../../../../../../Drivers/BSP/X-NUCLEO-IHM02A1/xnucleoihm02a1.o
                0x0800163e                BSP_L6470_ReleaseSW
 .text.BSP_L6470_GoHome
                0x0800165a       0x14 ../../../../../../Drivers/BSP/X-NUCLEO-IHM02A1/xnucleoihm02a1.o
                0x0800165a                BSP_L6470_GoHome
 .text.BSP_L6470_GoMark
                0x0800166e       0x14 ../../../../../../Drivers/BSP/X-NUCLEO-IHM02A1/xnucleoihm02a1.o
                0x0800166e                BSP_L6470_GoMark
 .text.BSP_L6470_ResetPos
                0x08001682       0x14 ../../../../../../Drivers/BSP/X-NUCLEO-IHM02A1/xnucleoihm02a1.o
                0x08001682                BSP_L6470_ResetPos
 .text.BSP_L6470_SoftStop
                0x08001696       0x14 ../../../../../../Drivers/BSP/X-NUCLEO-IHM02A1/xnucleoihm02a1.o
                0x08001696                BSP_L6470_SoftStop
 .text.BSP_L6470_HardStop
                0x080016aa       0x14 ../../../../../../Drivers/BSP/X-NUCLEO-IHM02A1/xnucleoihm02a1.o
                0x080016aa                BSP_L6470_HardStop
 .text.BSP_L6470_SoftHiZ
                0x080016be       0x14 ../../../../../../Drivers/BSP/X-NUCLEO-IHM02A1/xnucleoihm02a1.o
                0x080016be                BSP_L6470_SoftHiZ
 .text.BSP_L6470_HardHiZ
                0x080016d2       0x14 ../../../../../../Drivers/BSP/X-NUCLEO-IHM02A1/xnucleoihm02a1.o
                0x080016d2                BSP_L6470_HardHiZ
 .text.BSP_L6470_CheckStatusRegisterFlag
                0x080016e6       0x1a ../../../../../../Drivers/BSP/X-NUCLEO-IHM02A1/xnucleoihm02a1.o
                0x080016e6                BSP_L6470_CheckStatusRegisterFlag
 .text.BSP_L6470_0_0_Config
                0x08001700       0x10 ../../../../../../Drivers/BSP/X-NUCLEO-IHM02A1/xnucleoihm02a1.o
                0x08001700                BSP_L6470_0_0_Config
 .text.BSP_L6470_0_1_Config
                0x08001710       0x10 ../../../../../../Drivers/BSP/X-NUCLEO-IHM02A1/xnucleoihm02a1.o
                0x08001710                BSP_L6470_0_1_Config
 .text.BSP_L6470_1_0_Config
                0x08001720       0x10 ../../../../../../Drivers/BSP/X-NUCLEO-IHM02A1/xnucleoihm02a1.o
                0x08001720                BSP_L6470_1_0_Config
 .text.BSP_L6470_1_1_Config
                0x08001730       0x10 ../../../../../../Drivers/BSP/X-NUCLEO-IHM02A1/xnucleoihm02a1.o
                0x08001730                BSP_L6470_1_1_Config
 .text.BSP_L6470_2_0_Config
                0x08001740       0x10 ../../../../../../Drivers/BSP/X-NUCLEO-IHM02A1/xnucleoihm02a1.o
                0x08001740                BSP_L6470_2_0_Config
 .text.BSP_L6470_2_1_Config
                0x08001750       0x10 ../../../../../../Drivers/BSP/X-NUCLEO-IHM02A1/xnucleoihm02a1.o
                0x08001750                BSP_L6470_2_1_Config
 .text.BSP_L6470_3_0_Config
                0x08001760       0x10 ../../../../../../Drivers/BSP/X-NUCLEO-IHM02A1/xnucleoihm02a1.o
                0x08001760                BSP_L6470_3_0_Config
 .text.BSP_L6470_3_1_Config
                0x08001770       0x10 ../../../../../../Drivers/BSP/X-NUCLEO-IHM02A1/xnucleoihm02a1.o
                0x08001770                BSP_L6470_3_1_Config
 .text.BSP_IRQ  0x08001780       0x22 ../../../../../../Drivers/BSP/X-NUCLEO-IHM02A1/xnucleoihm02a1.o
                0x08001780                BSP_IRQ
 .text.EXPBRD_ID
                0x080017a2        0x8 ../../../../../../Drivers/BSP/X-NUCLEO-IHM02A1/xnucleoihm02a1.o
                0x080017a2                EXPBRD_ID
 *fill*         0x080017aa        0x2 
 .text.BSP_NUCLEO_GPIO_Init
                0x080017ac       0xd4 ../../../../../../Drivers/BSP/X-NUCLEO-IHM02A1/xnucleoihm02a1.o
                0x080017ac                BSP_NUCLEO_GPIO_Init
 .text.BSP_L6470_Init
                0x08001880       0x74 ../../../../../../Drivers/BSP/X-NUCLEO-IHM02A1/xnucleoihm02a1.o
                0x08001880                BSP_L6470_Init
 .text.BSP_Init
                0x080018f4       0x1c ../../../../../../Drivers/BSP/X-NUCLEO-IHM02A1/xnucleoihm02a1.o
                0x080018f4                BSP_Init
 .text.BSP_L6470_BusySynchEventManager
                0x08001910        0x4 ../../../../../../Drivers/BSP/X-NUCLEO-IHM02A1/xnucleoihm02a1.o
                0x08001910                BSP_L6470_BusySynchEventManager
 .text.BSP_L6470_FlagEventManager
                0x08001914        0x4 ../../../../../../Drivers/BSP/X-NUCLEO-IHM02A1/xnucleoihm02a1.o
                0x08001914                BSP_L6470_FlagEventManager
 .text.BSP_EmergencyStop
                0x08001918       0x14 ../../../../../../Drivers/BSP/X-NUCLEO-IHM02A1/xnucleoihm02a1.o
                0x08001918                BSP_EmergencyStop
 .text.BSP_GetExpansionBoardHandle
                0x0800192c       0x50 ../../../../../../Drivers/BSP/X-NUCLEO-IHM02A1/xnucleoihm02a1.o
                0x0800192c                BSP_GetExpansionBoardHandle
 .text.BSP_Config
                0x0800197c       0x2a ../../../../../../Drivers/BSP/X-NUCLEO-IHM02A1/xnucleoihm02a1.o
                0x0800197c                BSP_Config
 *fill*         0x080019a6        0x2 
 .text.BSP_0_Config
                0x080019a8       0x10 ../../../../../../Drivers/BSP/X-NUCLEO-IHM02A1/xnucleoihm02a1.o
                0x080019a8                BSP_0_Config
 .text.BSP_1_Config
                0x080019b8       0x10 ../../../../../../Drivers/BSP/X-NUCLEO-IHM02A1/xnucleoihm02a1.o
                0x080019b8                BSP_1_Config
 .text.BSP_2_Config
                0x080019c8       0x10 ../../../../../../Drivers/BSP/X-NUCLEO-IHM02A1/xnucleoihm02a1.o
                0x080019c8                BSP_2_Config
 .text.BSP_3_Config
                0x080019d8       0x10 ../../../../../../Drivers/BSP/X-NUCLEO-IHM02A1/xnucleoihm02a1.o
                0x080019d8                BSP_3_Config
 .text.SystemInit
                0x080019e8       0x4c ../../../../../../Drivers/CMSIS/Device/ST/STM32F4xx/Source/Templates/system_stm32f4xx.o
                0x080019e8                SystemInit
 .text.HAL_InitTick
                0x08001a34       0x28 ../../../../../../Drivers/STM32F4xx_HAL_Driver/Src/stm32f4xx_hal.o
                0x08001a34                HAL_InitTick
 .text.HAL_Init
                0x08001a5c       0x34 ../../../../../../Drivers/STM32F4xx_HAL_Driver/Src/stm32f4xx_hal.o
                0x08001a5c                HAL_Init
 .text.HAL_IncTick
                0x08001a90       0x10 ../../../../../../Drivers/STM32F4xx_HAL_Driver/Src/stm32f4xx_hal.o
                0x08001a90                HAL_IncTick
 .text.HAL_GetTick
                0x08001aa0        0xc ../../../../../../Drivers/STM32F4xx_HAL_Driver/Src/stm32f4xx_hal.o
                0x08001aa0                HAL_GetTick
 .text.HAL_Delay
                0x08001aac       0x1c ../../../../../../Drivers/STM32F4xx_HAL_Driver/Src/stm32f4xx_hal.o
                0x08001aac                HAL_Delay
 .text.HAL_NVIC_SetPriorityGrouping
                0x08001ac8       0x3c ../../../../../../Drivers/STM32F4xx_HAL_Driver/Src/stm32f4xx_hal_cortex.o
                0x08001ac8                HAL_NVIC_SetPriorityGrouping
 .text.HAL_NVIC_SetPriority
                0x08001b04       0x8c ../../../../../../Drivers/STM32F4xx_HAL_Driver/Src/stm32f4xx_hal_cortex.o
                0x08001b04                HAL_NVIC_SetPriority
 .text.HAL_NVIC_EnableIRQ
                0x08001b90       0x2c ../../../../../../Drivers/STM32F4xx_HAL_Driver/Src/stm32f4xx_hal_cortex.o
                0x08001b90                HAL_NVIC_EnableIRQ
 .text.HAL_NVIC_DisableIRQ
                0x08001bbc       0x2c ../../../../../../Drivers/STM32F4xx_HAL_Driver/Src/stm32f4xx_hal_cortex.o
                0x08001bbc                HAL_NVIC_DisableIRQ
 .text.HAL_SYSTICK_Config
                0x08001be8       0x28 ../../../../../../Drivers/STM32F4xx_HAL_Driver/Src/stm32f4xx_hal_cortex.o
                0x08001be8                HAL_SYSTICK_Config
 .text.HAL_SYSTICK_Callback
                0x08001c10        0x2 ../../../../../../Drivers/STM32F4xx_HAL_Driver/Src/stm32f4xx_hal_cortex.o
                0x08001c10                HAL_SYSTICK_Callback
 .text.HAL_SYSTICK_IRQHandler
                0x08001c12        0x8 ../../../../../../Drivers/STM32F4xx_HAL_Driver/Src/stm32f4xx_hal_cortex.o
                0x08001c12                HAL_SYSTICK_IRQHandler
 *fill*         0x08001c1a        0x2 
 .text.HAL_GPIO_Init
                0x08001c1c      0x2a4 ../../../../../../Drivers/STM32F4xx_HAL_Driver/Src/stm32f4xx_hal_gpio.o
                0x08001c1c                HAL_GPIO_Init
 .text.HAL_GPIO_WritePin
                0x08001ec0       0x38 ../../../../../../Drivers/STM32F4xx_HAL_Driver/Src/stm32f4xx_hal_gpio.o
                0x08001ec0                HAL_GPIO_WritePin
 .text.HAL_GPIO_EXTI_IRQHandler
                0x08001ef8       0x1c ../../../../../../Drivers/STM32F4xx_HAL_Driver/Src/stm32f4xx_hal_gpio.o
                0x08001ef8                HAL_GPIO_EXTI_IRQHandler
 .text.HAL_RCC_OscConfig
                0x08001f14      0x498 ../../../../../../Drivers/STM32F4xx_HAL_Driver/Src/stm32f4xx_hal_rcc.o
                0x08001f14                HAL_RCC_OscConfig
 .text.HAL_RCC_ClockConfig
                0x080023ac      0x36c ../../../../../../Drivers/STM32F4xx_HAL_Driver/Src/stm32f4xx_hal_rcc.o
                0x080023ac                HAL_RCC_ClockConfig
 .text.HAL_RCC_GetSysClockFreq
                0x08002718       0x98 ../../../../../../Drivers/STM32F4xx_HAL_Driver/Src/stm32f4xx_hal_rcc.o
                0x08002718                HAL_RCC_GetSysClockFreq
 .text.HAL_RCC_GetHCLKFreq
                0x080027b0       0x34 ../../../../../../Drivers/STM32F4xx_HAL_Driver/Src/stm32f4xx_hal_rcc.o
                0x080027b0                HAL_RCC_GetHCLKFreq
 .text.HAL_RCC_GetPCLK1Freq
                0x080027e4       0x2c ../../../../../../Drivers/STM32F4xx_HAL_Driver/Src/stm32f4xx_hal_rcc.o
                0x080027e4                HAL_RCC_GetPCLK1Freq
 .text.HAL_RCC_GetPCLK2Freq
                0x08002810       0x2c ../../../../../../Drivers/STM32F4xx_HAL_Driver/Src/stm32f4xx_hal_rcc.o
                0x08002810                HAL_RCC_GetPCLK2Freq
 .text.SPI_WaitOnFlagUntilTimeout
                0x0800283c       0xde ../../../../../../Drivers/STM32F4xx_HAL_Driver/Src/stm32f4xx_hal_spi.o
 *fill*         0x0800291a        0x2 
 .text.HAL_SPI_Init
                0x0800291c      0x1b0 ../../../../../../Drivers/STM32F4xx_HAL_Driver/Src/stm32f4xx_hal_spi.o
                0x0800291c                HAL_SPI_Init
 .text.HAL_SPI_TransmitReceive
                0x08002acc      0x3c4 ../../../../../../Drivers/STM32F4xx_HAL_Driver/Src/stm32f4xx_hal_spi.o
                0x08002acc                HAL_SPI_TransmitReceive
 .text.UART_Transmit_IT
                0x08002e90       0x68 ../../../../../../Drivers/STM32F4xx_HAL_Driver/Src/stm32f4xx_hal_uart.o
 .text.UART_SetConfig
                0x08002ef8      0x270 ../../../../../../Drivers/STM32F4xx_HAL_Driver/Src/stm32f4xx_hal_uart.o
 .text.UART_WaitOnFlagUntilTimeout
                0x08003168       0xca ../../../../../../Drivers/STM32F4xx_HAL_Driver/Src/stm32f4xx_hal_uart.o
 *fill*         0x08003232        0x2 
 .text.HAL_UART_Init
                0x08003234      0x118 ../../../../../../Drivers/STM32F4xx_HAL_Driver/Src/stm32f4xx_hal_uart.o
                0x08003234                HAL_UART_Init
 .text.HAL_UART_Transmit
                0x0800334c      0x102 ../../../../../../Drivers/STM32F4xx_HAL_Driver/Src/stm32f4xx_hal_uart.o
                0x0800334c                HAL_UART_Transmit
 .text.HAL_UART_TxCpltCallback
                0x0800344e        0x2 ../../../../../../Drivers/STM32F4xx_HAL_Driver/Src/stm32f4xx_hal_uart.o
                0x0800344e                HAL_UART_TxCpltCallback
 .text.UART_EndTransmit_IT
                0x08003450       0x40 ../../../../../../Drivers/STM32F4xx_HAL_Driver/Src/stm32f4xx_hal_uart.o
 .text.HAL_UART_RxCpltCallback
                0x08003490        0x2 ../../../../../../Drivers/STM32F4xx_HAL_Driver/Src/stm32f4xx_hal_uart.o
                0x08003490                HAL_UART_RxCpltCallback
 .text.UART_Receive_IT
                0x08003492       0xb6 ../../../../../../Drivers/STM32F4xx_HAL_Driver/Src/stm32f4xx_hal_uart.o
 .text.HAL_UART_ErrorCallback
                0x08003548        0x2 ../../../../../../Drivers/STM32F4xx_HAL_Driver/Src/stm32f4xx_hal_uart.o
                0x08003548                HAL_UART_ErrorCallback
 .text.HAL_UART_IRQHandler
                0x0800354a      0x104 ../../../../../../Drivers/STM32F4xx_HAL_Driver/Src/stm32f4xx_hal_uart.o
                0x0800354a                HAL_UART_IRQHandler
 .text.usrPow   0x0800364e       0x16 ../Src/example.o
                0x0800364e                usrPow
 .text.MicrosteppingMotor_Example_01
                0x08003664      0x2b0 ../Src/example.o
                0x08003664                MicrosteppingMotor_Example_01
 .text.HAL_GPIO_EXTI_Callback
                0x08003914       0x24 ../Src/example.o
                0x08003914                HAL_GPIO_EXTI_Callback
 .text.USART_Transmit
                0x08003938       0x18 ../Src/example_usart.o
                0x08003938                USART_Transmit
 .text.USART_TxWelcomeMessage
                0x08003950       0x78 ../Src/example_usart.o
                0x08003950                USART_TxWelcomeMessage
 .text.USART_ITCharManager
                0x080039c8       0x74 ../Src/example_usart.o
                0x080039c8                USART_ITCharManager
 .text.num2hex  0x08003a3c       0x6c ../Src/example_usart.o
                0x08003a3c                num2hex
 .text.USART_PrintRegisterValues
                0x08003aa8       0xb8 ../Src/example_usart.o
                0x08003aa8                USART_PrintRegisterValues
 .text.USART_PrintAllRegisterValues
                0x08003b60       0x3c ../Src/example_usart.o
                0x08003b60                USART_PrintAllRegisterValues
 .text.main     0x08003b9c       0x14 ../Src/main.o
                0x08003b9c                main
 .text.assert_failed
                0x08003bb0        0x2 ../Src/main.o
                0x08003bb0                assert_failed
 *fill*         0x08003bb2        0x2 
 .text.GetMotorParameterInitData
                0x08003bb4        0x8 ../Src/params.o
                0x08003bb4                GetMotorParameterInitData
 .text.HAL_MspInit
                0x08003bbc       0x16 ../Src/stm32f4xx_hal_msp.o
                0x08003bbc                HAL_MspInit
 *fill*         0x08003bd2        0x2 
 .text.HAL_SPI_MspInit
                0x08003bd4       0xdc ../Src/stm32f4xx_hal_msp.o
                0x08003bd4                HAL_SPI_MspInit
 .text.HAL_UART_MspInit
                0x08003cb0       0x70 ../Src/stm32f4xx_hal_msp.o
                0x08003cb0                HAL_UART_MspInit
 .text.SysTick_Handler
                0x08003d20        0xc ../Src/stm32f4xx_it.o
                0x08003d20                SysTick_Handler
 .text.EXTI1_IRQHandler
                0x08003d2c        0xa ../Src/stm32f4xx_it.o
                0x08003d2c                EXTI1_IRQHandler
 .text.EXTI0_IRQHandler
                0x08003d36        0xa ../Src/stm32f4xx_it.o
                0x08003d36                EXTI0_IRQHandler
 .text.USART2_IRQHandler
                0x08003d40       0x18 ../Src/stm32f4xx_it.o
                0x08003d40                USART2_IRQHandler
 .text.EXTI15_10_IRQHandler
                0x08003d58        0xc ../Src/stm32f4xx_it.o
                0x08003d58                EXTI15_10_IRQHandler
 .text.Reset_Handler
                0x08003d64       0x54 gcc_startupfile_stm32f401retx.o
                0x08003d64                Reset_Handler
 .text.Default_Handler
                0x08003db8        0x2 gcc_startupfile_stm32f401retx.o
                0x08003db8                RTC_Alarm_IRQHandler
                0x08003db8                EXTI2_IRQHandler
                0x08003db8                DebugMon_Handler
                0x08003db8                SPI4_IRQHandler
                0x08003db8                TIM1_CC_IRQHandler
                0x08003db8                DMA2_Stream5_IRQHandler
                0x08003db8                HardFault_Handler
                0x08003db8                DMA1_Stream5_IRQHandler
                0x08003db8                PVD_IRQHandler
                0x08003db8                SDIO_IRQHandler
                0x08003db8                TAMP_STAMP_IRQHandler
                0x08003db8                PendSV_Handler
                0x08003db8                NMI_Handler
                0x08003db8                EXTI3_IRQHandler
                0x08003db8                TIM1_UP_TIM10_IRQHandler
                0x08003db8                I2C3_ER_IRQHandler
                0x08003db8                I2C2_EV_IRQHandler
                0x08003db8                DMA1_Stream2_IRQHandler
                0x08003db8                FPU_IRQHandler
                0x08003db8                UsageFault_Handler
                0x08003db8                DMA2_Stream2_IRQHandler
                0x08003db8                SPI1_IRQHandler
                0x08003db8                TIM1_BRK_TIM9_IRQHandler
                0x08003db8                DMA2_Stream3_IRQHandler
                0x08003db8                USART6_IRQHandler
                0x08003db8                DMA2_Stream0_IRQHandler
                0x08003db8                TIM4_IRQHandler
                0x08003db8                I2C1_EV_IRQHandler
                0x08003db8                DMA1_Stream6_IRQHandler
                0x08003db8                DMA1_Stream1_IRQHandler
                0x08003db8                TIM3_IRQHandler
                0x08003db8                RCC_IRQHandler
                0x08003db8                Default_Handler
                0x08003db8                ADC_IRQHandler
                0x08003db8                DMA1_Stream7_IRQHandler
                0x08003db8                TIM5_IRQHandler
                0x08003db8                DMA2_Stream7_IRQHandler
                0x08003db8                I2C3_EV_IRQHandler
                0x08003db8                EXTI9_5_IRQHandler
                0x08003db8                RTC_WKUP_IRQHandler
                0x08003db8                SPI2_IRQHandler
                0x08003db8                MemManage_Handler
                0x08003db8                DMA1_Stream0_IRQHandler
                0x08003db8                SVC_Handler
                0x08003db8                EXTI4_IRQHandler
                0x08003db8                WWDG_IRQHandler
                0x08003db8                TIM2_IRQHandler
                0x08003db8                OTG_FS_WKUP_IRQHandler
                0x08003db8                TIM1_TRG_COM_TIM11_IRQHandler
                0x08003db8                I2C2_ER_IRQHandler
                0x08003db8                DMA2_Stream1_IRQHandler
                0x08003db8                FLASH_IRQHandler
                0x08003db8                DMA2_Stream4_IRQHandler
                0x08003db8                BusFault_Handler
                0x08003db8                USART1_IRQHandler
                0x08003db8                OTG_FS_IRQHandler
                0x08003db8                SPI3_IRQHandler
                0x08003db8                DMA1_Stream4_IRQHandler
                0x08003db8                I2C1_ER_IRQHandler
                0x08003db8                DMA2_Stream6_IRQHandler
                0x08003db8                DMA1_Stream3_IRQHandler
 *fill*         0x08003dba        0x2 
 .text.__libc_init_array
                0x08003dbc       0x48 c:/programdata/chocolatey/lib/gcc-arm-embedded/tools/gcc-arm-none-eabi-10.3-2021.10/bin/../lib/gcc/arm-none-eabi/10.3.1/../../../../arm-none-eabi/lib/thumb/v7e-m+fp/hard\libc.a(lib_a-init.o)
                0x08003dbc                __libc_init_array
 .text.startup.register_fini
                0x08003e04       0x14 c:/programdata/chocolatey/lib/gcc-arm-embedded/tools/gcc-arm-none-eabi-10.3-2021.10/bin/../lib/gcc/arm-none-eabi/10.3.1/../../../../arm-none-eabi/lib/thumb/v7e-m+fp/hard\libc.a(lib_a-__call_atexit.o)
 .text.atexit   0x08003e18        0xc c:/programdata/chocolatey/lib/gcc-arm-embedded/tools/gcc-arm-none-eabi-10.3-2021.10/bin/../lib/gcc/arm-none-eabi/10.3.1/../../../../arm-none-eabi/lib/thumb/v7e-m+fp/hard\libc.a(lib_a-atexit.o)
                0x08003e18                atexit
 .text.__libc_fini_array
                0x08003e24       0x2c c:/programdata/chocolatey/lib/gcc-arm-embedded/tools/gcc-arm-none-eabi-10.3-2021.10/bin/../lib/gcc/arm-none-eabi/10.3.1/../../../../arm-none-eabi/lib/thumb/v7e-m+fp/hard\libc.a(lib_a-fini.o)
                0x08003e24                __libc_fini_array
 .text.__retarget_lock_acquire_recursive
                0x08003e50        0x4 c:/programdata/chocolatey/lib/gcc-arm-embedded/tools/gcc-arm-none-eabi-10.3-2021.10/bin/../lib/gcc/arm-none-eabi/10.3.1/../../../../arm-none-eabi/lib/thumb/v7e-m+fp/hard\libc.a(lib_a-lock.o)
                0x08003e50                __retarget_lock_acquire_recursive
 .text.__retarget_lock_release_recursive
                0x08003e54        0x4 c:/programdata/chocolatey/lib/gcc-arm-embedded/tools/gcc-arm-none-eabi-10.3-2021.10/bin/../lib/gcc/arm-none-eabi/10.3.1/../../../../arm-none-eabi/lib/thumb/v7e-m+fp/hard\libc.a(lib_a-lock.o)
                0x08003e54                __retarget_lock_release_recursive
 .text.__register_exitproc
                0x08003e58       0x8c c:/programdata/chocolatey/lib/gcc-arm-embedded/tools/gcc-arm-none-eabi-10.3-2021.10/bin/../lib/gcc/arm-none-eabi/10.3.1/../../../../arm-none-eabi/lib/thumb/v7e-m+fp/hard\libc.a(lib_a-__atexit.o)
                0x08003e58                __register_exitproc
 *(.glue_7)
 .glue_7        0x08003ee4        0x0 linker stubs
 *(.glue_7t)
 .glue_7t       0x08003ee4        0x0 linker stubs
 *(.eh_frame)
 .eh_frame      0x08003ee4        0x0 c:/programdata/chocolatey/lib/gcc-arm-embedded/tools/gcc-arm-none-eabi-10.3-2021.10/bin/../lib/gcc/arm-none-eabi/10.3.1/thumb/v7e-m+fp/hard/crtbegin.o
 *(.init)
 .init          0x08003ee4        0x4 c:/programdata/chocolatey/lib/gcc-arm-embedded/tools/gcc-arm-none-eabi-10.3-2021.10/bin/../lib/gcc/arm-none-eabi/10.3.1/thumb/v7e-m+fp/hard/crti.o
                0x08003ee4                _init
 .init          0x08003ee8        0x8 c:/programdata/chocolatey/lib/gcc-arm-embedded/tools/gcc-arm-none-eabi-10.3-2021.10/bin/../lib/gcc/arm-none-eabi/10.3.1/thumb/v7e-m+fp/hard/crtn.o
 *(.fini)
 .fini          0x08003ef0        0x4 c:/programdata/chocolatey/lib/gcc-arm-embedded/tools/gcc-arm-none-eabi-10.3-2021.10/bin/../lib/gcc/arm-none-eabi/10.3.1/thumb/v7e-m+fp/hard/crti.o
                0x08003ef0                _fini
 .fini          0x08003ef4        0x8 c:/programdata/chocolatey/lib/gcc-arm-embedded/tools/gcc-arm-none-eabi-10.3-2021.10/bin/../lib/gcc/arm-none-eabi/10.3.1/thumb/v7e-m+fp/hard/crtn.o
                0x08003efc                . = ALIGN (0x4)
                0x08003efc                _etext = .

.vfp11_veneer   0x08003efc        0x0
 .vfp11_veneer  0x08003efc        0x0 linker stubs

.v4_bx          0x08003efc        0x0
 .v4_bx         0x08003efc        0x0 linker stubs

.iplt           0x08003efc        0x0
 .iplt          0x08003efc        0x0 c:/programdata/chocolatey/lib/gcc-arm-embedded/tools/gcc-arm-none-eabi-10.3-2021.10/bin/../lib/gcc/arm-none-eabi/10.3.1/thumb/v7e-m+fp/hard/crtbegin.o

.rodata         0x08003efc      0x880
                0x08003efc                . = ALIGN (0x4)
 *(.rodata)
 *(.rodata*)
 .rodata.L6470_GetRegisterName.str1.4
                0x08003efc        0x0 ../../../../../../Drivers/BSP/Components/L6470/L6470.o
                                  0x1 (size before relaxing)
 .rodata.L6470_ACT
                0x08003efc        0xa ../../../../../../Drivers/BSP/Components/L6470/L6470.o
                0x08003efc                L6470_ACT
 *fill*         0x08003f06        0x2 
 .rodata.L6470_ApplicationCommand
                0x08003f08      0x10a ../../../../../../Drivers/BSP/Components/L6470/L6470.o
                0x08003f08                L6470_ApplicationCommand
 *fill*         0x08004012        0x2 
 .rodata.L6470_Direction
                0x08004014       0x12 ../../../../../../Drivers/BSP/Components/L6470/L6470.o
                0x08004014                L6470_Direction
 *fill*         0x08004026        0x2 
 .rodata.L6470_Register
                0x08004028      0x1db ../../../../../../Drivers/BSP/Components/L6470/L6470.o
                0x08004028                L6470_Register
 *fill*         0x08004203        0x1 
 .rodata.HAL_NVIC_SetPriorityGrouping.str1.4
                0x08004204       0x4a ../../../../../../Drivers/STM32F4xx_HAL_Driver/Src/stm32f4xx_hal_cortex.o
 *fill*         0x0800424e        0x2 
 .rodata.HAL_GPIO_Init.str1.4
                0x08004250       0x48 ../../../../../../Drivers/STM32F4xx_HAL_Driver/Src/stm32f4xx_hal_gpio.o
 .rodata.HAL_RCC_OscConfig.str1.4
                0x08004298       0x47 ../../../../../../Drivers/STM32F4xx_HAL_Driver/Src/stm32f4xx_hal_rcc.o
 *fill*         0x080042df        0x1 
 .rodata.APBAHBPrescTable
                0x080042e0       0x10 ../../../../../../Drivers/STM32F4xx_HAL_Driver/Src/stm32f4xx_hal_rcc.o
                0x080042e0                APBAHBPrescTable
 .rodata.HAL_SPI_Init.str1.4
                0x080042f0       0x47 ../../../../../../Drivers/STM32F4xx_HAL_Driver/Src/stm32f4xx_hal_spi.o
 *fill*         0x08004337        0x1 
 .rodata.UART_SetConfig.str1.4
                0x08004338       0x48 ../../../../../../Drivers/STM32F4xx_HAL_Driver/Src/stm32f4xx_hal_uart.o
 .rodata.MicrosteppingMotor_Example_01.str1.4
                0x08004380       0x3f ../Src/example.o
 *fill*         0x080043bf        0x1 
 .rodata.USART_TxWelcomeMessage.str1.4
                0x080043c0       0xce ../Src/example_usart.o
                                 0xd2 (size before relaxing)
 *fill*         0x0800448e        0x2 
 .rodata.USART_PrintRegisterValues.str1.4
                0x08004490       0x3f ../Src/example_usart.o
 *fill*         0x080044cf        0x1 
 .rodata.MotorParameterInitData
                0x080044d0      0x2a8 ../Src/params.o
                0x080044d0                MotorParameterInitData
 .rodata._global_impure_ptr
                0x08004778        0x4 c:/programdata/chocolatey/lib/gcc-arm-embedded/tools/gcc-arm-none-eabi-10.3-2021.10/bin/../lib/gcc/arm-none-eabi/10.3.1/../../../../arm-none-eabi/lib/thumb/v7e-m+fp/hard\libc.a(lib_a-impure.o)
                0x08004778                _global_impure_ptr
                0x0800477c                . = ALIGN (0x4)

.rel.dyn        0x0800477c        0x0
 .rel.iplt      0x0800477c        0x0 c:/programdata/chocolatey/lib/gcc-arm-embedded/tools/gcc-arm-none-eabi-10.3-2021.10/bin/../lib/gcc/arm-none-eabi/10.3.1/thumb/v7e-m+fp/hard/crtbegin.o

.ARM.extab
 *(.ARM.extab* .gnu.linkonce.armextab.*)

.ARM            0x0800477c        0x0
                0x0800477c                __exidx_start = .
 *(.ARM.exidx*)
                0x0800477c                __exidx_end = .

.preinit_array  0x0800477c        0x0
                0x0800477c                PROVIDE (__preinit_array_start = .)
 *(.preinit_array*)
                0x0800477c                PROVIDE (__preinit_array_end = .)

.init_array     0x0800477c        0x8
                0x0800477c                PROVIDE (__init_array_start = .)
 *(SORT_BY_NAME(.init_array.*))
 .init_array.00000
                0x0800477c        0x4 c:/programdata/chocolatey/lib/gcc-arm-embedded/tools/gcc-arm-none-eabi-10.3-2021.10/bin/../lib/gcc/arm-none-eabi/10.3.1/../../../../arm-none-eabi/lib/thumb/v7e-m+fp/hard\libc.a(lib_a-__call_atexit.o)
 *(.init_array*)
 .init_array    0x08004780        0x4 c:/programdata/chocolatey/lib/gcc-arm-embedded/tools/gcc-arm-none-eabi-10.3-2021.10/bin/../lib/gcc/arm-none-eabi/10.3.1/thumb/v7e-m+fp/hard/crtbegin.o
                0x08004784                PROVIDE (__init_array_end = .)

.fini_array     0x08004784        0x4
                0x08004784                PROVIDE (__fini_array_start = .)
 *(SORT_BY_NAME(.fini_array.*))
 *(.fini_array*)
 .fini_array    0x08004784        0x4 c:/programdata/chocolatey/lib/gcc-arm-embedded/tools/gcc-arm-none-eabi-10.3-2021.10/bin/../lib/gcc/arm-none-eabi/10.3.1/thumb/v7e-m+fp/hard/crtbegin.o
                0x08004788                PROVIDE (__fini_array_end = .)
                0x08004788                _sidata = LOADADDR (.data)

.data           0x20000000      0x744 load address 0x08004788
                0x20000000                . = ALIGN (0x4)
                0x20000000                _sdata = .
 *(.data)
 *(.data*)
 .data.L6470Command
                0x20000000       0x94 ../../../../../../Drivers/BSP/Components/L6470/L6470.o
                0x20000000                L6470Command
 .data.pL6470_StatusRegister
                0x20000094        0x4 ../../../../../../Drivers/BSP/Components/L6470/L6470.o
                0x20000094                pL6470_StatusRegister
 .data.BUTTON_PORT
                0x20000098        0x4 ../../../../../../Drivers/BSP/STM32F4xx-Nucleo/stm32f4xx_nucleo.o
                0x20000098                BUTTON_PORT
 .data.GPIO_PORT
                0x2000009c        0x4 ../../../../../../Drivers/BSP/STM32F4xx-Nucleo/stm32f4xx_nucleo.o
                0x2000009c                GPIO_PORT
 .data.L6470DrvMtx
                0x200000a0      0x1a0 ../../../../../../Drivers/BSP/X-NUCLEO-IHM02A1/xnucleoihm02a1.o
                0x200000a0                L6470DrvMtx
 .data.L6470_nBUSY_SYNC_GPIO
                0x20000240        0xa ../../../../../../Drivers/BSP/X-NUCLEO-IHM02A1/xnucleoihm02a1.o
                0x20000240                L6470_nBUSY_SYNC_GPIO
 *fill*         0x2000024a        0x2 
 .data.L6470_nCS_GPIO_Array
                0x2000024c        0xa ../../../../../../Drivers/BSP/X-NUCLEO-IHM02A1/xnucleoihm02a1.o
                0x2000024c                L6470_nCS_GPIO_Array
 *fill*         0x20000256        0x2 
 .data.L6470_nFLAG_GPIO
                0x20000258        0xa ../../../../../../Drivers/BSP/X-NUCLEO-IHM02A1/xnucleoihm02a1.o
                0x20000258                L6470_nFLAG_GPIO
 *fill*         0x20000262        0x2 
 .data.L6470_nSTBY_nRST_GPIO
                0x20000264        0xa ../../../../../../Drivers/BSP/X-NUCLEO-IHM02A1/xnucleoihm02a1.o
                0x20000264                L6470_nSTBY_nRST_GPIO
 *fill*         0x2000026e        0x2 
 .data.XNUCLEOIHM02A1Command
                0x20000270       0x50 ../../../../../../Drivers/BSP/X-NUCLEO-IHM02A1/xnucleoihm02a1.o
                0x20000270                XNUCLEOIHM02A1Command
 .data.XNUCLEOIHM02A1Drv
                0x200002c0       0x54 ../../../../../../Drivers/BSP/X-NUCLEO-IHM02A1/xnucleoihm02a1.o
                0x200002c0                XNUCLEOIHM02A1Drv
 .data.SystemCoreClock
                0x20000314        0x4 ../../../../../../Drivers/CMSIS/Device/ST/STM32F4xx/Source/Templates/system_stm32f4xx.o
                0x20000314                SystemCoreClock
 .data.impure_data
                0x20000318      0x428 c:/programdata/chocolatey/lib/gcc-arm-embedded/tools/gcc-arm-none-eabi-10.3-2021.10/bin/../lib/gcc/arm-none-eabi/10.3.1/../../../../arm-none-eabi/lib/thumb/v7e-m+fp/hard\libc.a(lib_a-impure.o)
 .data.__atexit_recursive_mutex
                0x20000740        0x4 c:/programdata/chocolatey/lib/gcc-arm-embedded/tools/gcc-arm-none-eabi-10.3-2021.10/bin/../lib/gcc/arm-none-eabi/10.3.1/../../../../arm-none-eabi/lib/thumb/v7e-m+fp/hard\libc.a(lib_a-__call_atexit.o)
                0x20000740                __atexit_recursive_mutex
                0x20000744                . = ALIGN (0x4)
                0x20000744                _edata = .

.igot.plt       0x20000744        0x0 load address 0x08004ecc
 .igot.plt      0x20000744        0x0 c:/programdata/chocolatey/lib/gcc-arm-embedded/tools/gcc-arm-none-eabi-10.3-2021.10/bin/../lib/gcc/arm-none-eabi/10.3.1/thumb/v7e-m+fp/hard/crtbegin.o
                0x20000744                . = ALIGN (0x4)

.bss            0x20000744      0x108 load address 0x08004ecc
                0x20000744                _sbss = .
                0x20000744                __bss_start__ = _sbss
 *(.bss)
 .bss           0x20000744       0x1c c:/programdata/chocolatey/lib/gcc-arm-embedded/tools/gcc-arm-none-eabi-10.3-2021.10/bin/../lib/gcc/arm-none-eabi/10.3.1/thumb/v7e-m+fp/hard/crtbegin.o
 *(.bss*)
 .bss.L6470_AppCmdPkg
                0x20000760       0x1a ../../../../../../Drivers/BSP/Components/L6470/L6470.o
                0x20000760                L6470_AppCmdPkg
 *fill*         0x2000077a        0x2 
 .bss.L6470_DaisyChainSpiRxStruct
                0x2000077c        0x8 ../../../../../../Drivers/BSP/Components/L6470/L6470.o
                0x2000077c                L6470_DaisyChainSpiRxStruct
 .bss.L6470_DaisyChainSpiTxStruct
                0x20000784        0x8 ../../../../../../Drivers/BSP/Components/L6470/L6470.o
                0x20000784                L6470_DaisyChainSpiTxStruct
 .bss.L6470_DaisyChain_HalfPrepared
                0x2000078c        0x1 ../../../../../../Drivers/BSP/Components/L6470/L6470.o
                0x2000078c                L6470_DaisyChain_HalfPrepared
 *fill*         0x2000078d        0x3 
 .bss.L6470_StatusRegister
                0x20000790        0x2 ../../../../../../Drivers/BSP/Components/L6470/L6470.o
                0x20000790                L6470_StatusRegister
 .bss.delay_cnt
                0x20000792        0x1 ../../../../../../Drivers/BSP/Components/L6470/L6470.o
                0x20000792                delay_cnt
 *fill*         0x20000793        0x1 
 .bss.hspi1     0x20000794       0x56 ../../../../../../Drivers/BSP/X-NUCLEO-IHM02A1/NUCLEO-F401RE/xnucleoihm02a1_interface.o
                0x20000794                hspi1
 *fill*         0x200007ea        0x2 
 .bss.L6470_nCS_GPIO
                0x200007ec        0xa ../../../../../../Drivers/BSP/X-NUCLEO-IHM02A1/xnucleoihm02a1.o
                0x200007ec                L6470_nCS_GPIO
 *fill*         0x200007f6        0x2 
 .bss.uwTick    0x200007f8        0x4 ../../../../../../Drivers/STM32F4xx_HAL_Driver/Src/stm32f4xx_hal.o
 .bss.HexValue.0
                0x200007fc        0x9 ../Src/example_usart.o
 *fill*         0x20000805        0x3 
 .bss.huart2    0x20000808       0x3e ../Src/example_usart.o
                0x20000808                huart2
 *fill*         0x20000846        0x2 
 .bss.__lock___atexit_recursive_mutex
                0x20000848        0x1 c:/programdata/chocolatey/lib/gcc-arm-embedded/tools/gcc-arm-none-eabi-10.3-2021.10/bin/../lib/gcc/arm-none-eabi/10.3.1/../../../../arm-none-eabi/lib/thumb/v7e-m+fp/hard\libc.a(lib_a-lock.o)
                0x20000848                __lock___atexit_recursive_mutex
 *(COMMON)
                0x2000084c                . = ALIGN (0x4)
 *fill*         0x20000849        0x3 
                0x2000084c                _ebss = .
                0x2000084c                __bss_end__ = _ebss

._user_heap_stack
                0x2000084c      0x604 load address 0x08004ecc
                0x20000850                . = ALIGN (0x8)
 *fill*         0x2000084c        0x4 
                [!provide]                PROVIDE (end = .)
                [!provide]                PROVIDE (_end = .)
                0x20000a50                . = (. + _Min_Heap_Size)
 *fill*         0x20000850      0x200 
                0x20000e50                . = (. + _Min_Stack_Size)
 *fill*         0x20000a50      0x400 
                0x20000e50                . = ALIGN (0x8)

/DISCARD/
 libnosys.a(*)
 libc.a(*)
 libm.a(*)
 libgcc.a(*)

.ARM.attributes
                0x00000000       0x30
 *(.ARM.attributes)
 .ARM.attributes
                0x00000000       0x1e c:/programdata/chocolatey/lib/gcc-arm-embedded/tools/gcc-arm-none-eabi-10.3-2021.10/bin/../lib/gcc/arm-none-eabi/10.3.1/thumb/v7e-m+fp/hard/crti.o
 .ARM.attributes
                0x0000001e       0x34 c:/programdata/chocolatey/lib/gcc-arm-embedded/tools/gcc-arm-none-eabi-10.3-2021.10/bin/../lib/gcc/arm-none-eabi/10.3.1/thumb/v7e-m+fp/hard/crtbegin.o
 .ARM.attributes
                0x00000052       0x34 ../../../../../../Drivers/BSP/Components/L6470/L6470.o
 .ARM.attributes
                0x00000086       0x34 ../../../../../../Drivers/BSP/STM32F4xx-Nucleo/stm32f4xx_nucleo.o
 .ARM.attributes
                0x000000ba       0x34 ../../../../../../Drivers/BSP/X-NUCLEO-IHM02A1/NUCLEO-F401RE/xnucleoihm02a1_interface.o
 .ARM.attributes
                0x000000ee       0x34 ../../../../../../Drivers/BSP/X-NUCLEO-IHM02A1/xnucleoihm02a1.o
 .ARM.attributes
                0x00000122       0x34 ../../../../../../Drivers/CMSIS/Device/ST/STM32F4xx/Source/Templates/system_stm32f4xx.o
 .ARM.attributes
                0x00000156       0x34 ../../../../../../Drivers/STM32F4xx_HAL_Driver/Src/stm32f4xx_hal.o
 .ARM.attributes
                0x0000018a       0x34 ../../../../../../Drivers/STM32F4xx_HAL_Driver/Src/stm32f4xx_hal_cortex.o
 .ARM.attributes
                0x000001be       0x34 ../../../../../../Drivers/STM32F4xx_HAL_Driver/Src/stm32f4xx_hal_gpio.o
 .ARM.attributes
                0x000001f2       0x34 ../../../../../../Drivers/STM32F4xx_HAL_Driver/Src/stm32f4xx_hal_rcc.o
 .ARM.attributes
                0x00000226       0x34 ../../../../../../Drivers/STM32F4xx_HAL_Driver/Src/stm32f4xx_hal_spi.o
 .ARM.attributes
                0x0000025a       0x34 ../../../../../../Drivers/STM32F4xx_HAL_Driver/Src/stm32f4xx_hal_uart.o
 .ARM.attributes
                0x0000028e       0x34 ../Src/example.o
 .ARM.attributes
                0x000002c2       0x34 ../Src/example_usart.o
 .ARM.attributes
                0x000002f6       0x34 ../Src/main.o
 .ARM.attributes
                0x0000032a       0x34 ../Src/params.o
 .ARM.attributes
                0x0000035e       0x34 ../Src/stm32f4xx_hal_msp.o
 .ARM.attributes
                0x00000392       0x34 ../Src/stm32f4xx_it.o
 .ARM.attributes
                0x000003c6       0x21 gcc_startupfile_stm32f401retx.o
 .ARM.attributes
                0x000003e7       0x34 c:/programdata/chocolatey/lib/gcc-arm-embedded/tools/gcc-arm-none-eabi-10.3-2021.10/bin/../lib/gcc/arm-none-eabi/10.3.1/../../../../arm-none-eabi/lib/thumb/v7e-m+fp/hard\libc.a(lib_a-impure.o)
 .ARM.attributes
                0x0000041b       0x34 c:/programdata/chocolatey/lib/gcc-arm-embedded/tools/gcc-arm-none-eabi-10.3-2021.10/bin/../lib/gcc/arm-none-eabi/10.3.1/../../../../arm-none-eabi/lib/thumb/v7e-m+fp/hard\libc.a(lib_a-init.o)
 .ARM.attributes
                0x0000044f       0x34 c:/programdata/chocolatey/lib/gcc-arm-embedded/tools/gcc-arm-none-eabi-10.3-2021.10/bin/../lib/gcc/arm-none-eabi/10.3.1/../../../../arm-none-eabi/lib/thumb/v7e-m+fp/hard\libc.a(lib_a-__call_atexit.o)
 .ARM.attributes
                0x00000483       0x34 c:/programdata/chocolatey/lib/gcc-arm-embedded/tools/gcc-arm-none-eabi-10.3-2021.10/bin/../lib/gcc/arm-none-eabi/10.3.1/../../../../arm-none-eabi/lib/thumb/v7e-m+fp/hard\libc.a(lib_a-atexit.o)
 .ARM.attributes
                0x000004b7       0x34 c:/programdata/chocolatey/lib/gcc-arm-embedded/tools/gcc-arm-none-eabi-10.3-2021.10/bin/../lib/gcc/arm-none-eabi/10.3.1/../../../../arm-none-eabi/lib/thumb/v7e-m+fp/hard\libc.a(lib_a-fini.o)
 .ARM.attributes
                0x000004eb       0x34 c:/programdata/chocolatey/lib/gcc-arm-embedded/tools/gcc-arm-none-eabi-10.3-2021.10/bin/../lib/gcc/arm-none-eabi/10.3.1/../../../../arm-none-eabi/lib/thumb/v7e-m+fp/hard\libc.a(lib_a-lock.o)
 .ARM.attributes
                0x0000051f       0x34 c:/programdata/chocolatey/lib/gcc-arm-embedded/tools/gcc-arm-none-eabi-10.3-2021.10/bin/../lib/gcc/arm-none-eabi/10.3.1/../../../../arm-none-eabi/lib/thumb/v7e-m+fp/hard\libc.a(lib_a-__atexit.o)
 .ARM.attributes
                0x00000553       0x1e c:/programdata/chocolatey/lib/gcc-arm-embedded/tools/gcc-arm-none-eabi-10.3-2021.10/bin/../lib/gcc/arm-none-eabi/10.3.1/thumb/v7e-m+fp/hard/crtn.o
OUTPUT(START.elf elf32-littlearm)
LOAD linker stubs
LOAD c:/programdata/chocolatey/lib/gcc-arm-embedded/tools/gcc-arm-none-eabi-10.3-2021.10/bin/../lib/gcc/arm-none-eabi/10.3.1/../../../../arm-none-eabi/lib/thumb/v7e-m+fp/hard\libnosys.a
LOAD c:/programdata/chocolatey/lib/gcc-arm-embedded/tools/gcc-arm-none-eabi-10.3-2021.10/bin/../lib/gcc/arm-none-eabi/10.3.1/../../../../arm-none-eabi/lib/thumb/v7e-m+fp/hard\libc.a
LOAD c:/programdata/chocolatey/lib/gcc-arm-embedded/tools/gcc-arm-none-eabi-10.3-2021.10/bin/../lib/gcc/arm-none-eabi/10.3.1/../../../../arm-none-eabi/lib/thumb/v7e-m+fp/hard\libm.a
LOAD c:/programdata/chocolatey/lib/gcc-arm-embedded/tools/gcc-arm-none-eabi-10.3-2021.10/bin/../lib/gcc/arm-none-eabi/10.3.1/thumb/v7e-m+fp/hard\libgcc.a

.debug_info     0x00000000    0x14138
 .debug_info    0x00000000     0x321a ../../../../../../Drivers/BSP/Components/L6470/L6470.o
 .debug_info    0x0000321a     0x1c69 ../../../../../../Drivers/BSP/STM32F4xx-Nucleo/stm32f4xx_nucleo.o
 .debug_info    0x00004e83     0x12ce ../../../../../../Drivers/BSP/X-NUCLEO-IHM02A1/NUCLEO-F401RE/xnucleoihm02a1_interface.o
 .debug_info    0x00006151     0x256e ../../../../../../Drivers/BSP/X-NUCLEO-IHM02A1/xnucleoihm02a1.o
 .debug_info    0x000086bf      0x501 ../../../../../../Drivers/CMSIS/Device/ST/STM32F4xx/Source/Templates/system_stm32f4xx.o
 .debug_info    0x00008bc0      0x89e ../../../../../../Drivers/STM32F4xx_HAL_Driver/Src/stm32f4xx_hal.o
 .debug_info    0x0000945e     0x1202 ../../../../../../Drivers/STM32F4xx_HAL_Driver/Src/stm32f4xx_hal_cortex.o
 .debug_info    0x0000a660      0x92d ../../../../../../Drivers/STM32F4xx_HAL_Driver/Src/stm32f4xx_hal_gpio.o
 .debug_info    0x0000af8d     0x1109 ../../../../../../Drivers/STM32F4xx_HAL_Driver/Src/stm32f4xx_hal_rcc.o
 .debug_info    0x0000c096     0x1a5e ../../../../../../Drivers/STM32F4xx_HAL_Driver/Src/stm32f4xx_hal_spi.o
 .debug_info    0x0000daf4     0x16d4 ../../../../../../Drivers/STM32F4xx_HAL_Driver/Src/stm32f4xx_hal_uart.o
 .debug_info    0x0000f1c8     0x15da ../Src/example.o
 .debug_info    0x000107a2     0x1c3f ../Src/example_usart.o
 .debug_info    0x000123e1      0x152 ../Src/main.o
 .debug_info    0x00012533      0x298 ../Src/params.o
 .debug_info    0x000127cb     0x12eb ../Src/stm32f4xx_hal_msp.o
 .debug_info    0x00013ab6      0x660 ../Src/stm32f4xx_it.o
 .debug_info    0x00014116       0x22 gcc_startupfile_stm32f401retx.o

.debug_abbrev   0x00000000     0x266b
 .debug_abbrev  0x00000000      0x336 ../../../../../../Drivers/BSP/Components/L6470/L6470.o
 .debug_abbrev  0x00000336      0x2ca ../../../../../../Drivers/BSP/STM32F4xx-Nucleo/stm32f4xx_nucleo.o
 .debug_abbrev  0x00000600      0x23c ../../../../../../Drivers/BSP/X-NUCLEO-IHM02A1/NUCLEO-F401RE/xnucleoihm02a1_interface.o
 .debug_abbrev  0x0000083c      0x2db ../../../../../../Drivers/BSP/X-NUCLEO-IHM02A1/xnucleoihm02a1.o
 .debug_abbrev  0x00000b17      0x12c ../../../../../../Drivers/CMSIS/Device/ST/STM32F4xx/Source/Templates/system_stm32f4xx.o
 .debug_abbrev  0x00000c43      0x273 ../../../../../../Drivers/STM32F4xx_HAL_Driver/Src/stm32f4xx_hal.o
 .debug_abbrev  0x00000eb6      0x373 ../../../../../../Drivers/STM32F4xx_HAL_Driver/Src/stm32f4xx_hal_cortex.o
 .debug_abbrev  0x00001229      0x22b ../../../../../../Drivers/STM32F4xx_HAL_Driver/Src/stm32f4xx_hal_gpio.o
 .debug_abbrev  0x00001454      0x2f5 ../../../../../../Drivers/STM32F4xx_HAL_Driver/Src/stm32f4xx_hal_rcc.o
 .debug_abbrev  0x00001749      0x272 ../../../../../../Drivers/STM32F4xx_HAL_Driver/Src/stm32f4xx_hal_spi.o
 .debug_abbrev  0x000019bb      0x270 ../../../../../../Drivers/STM32F4xx_HAL_Driver/Src/stm32f4xx_hal_uart.o
 .debug_abbrev  0x00001c2b      0x2b1 ../Src/example.o
 .debug_abbrev  0x00001edc      0x2bb ../Src/example_usart.o
 .debug_abbrev  0x00002197       0xab ../Src/main.o
 .debug_abbrev  0x00002242       0xe6 ../Src/params.o
 .debug_abbrev  0x00002328      0x1af ../Src/stm32f4xx_hal_msp.o
 .debug_abbrev  0x000024d7      0x182 ../Src/stm32f4xx_it.o
 .debug_abbrev  0x00002659       0x12 gcc_startupfile_stm32f401retx.o

.debug_loc      0x00000000     0x8008
 .debug_loc     0x00000000     0x1385 ../../../../../../Drivers/BSP/Components/L6470/L6470.o
 .debug_loc     0x00001385      0x50d ../../../../../../Drivers/BSP/STM32F4xx-Nucleo/stm32f4xx_nucleo.o
 .debug_loc     0x00001892      0x137 ../../../../../../Drivers/BSP/X-NUCLEO-IHM02A1/NUCLEO-F401RE/xnucleoihm02a1_interface.o
 .debug_loc     0x000019c9      0xbff ../../../../../../Drivers/BSP/X-NUCLEO-IHM02A1/xnucleoihm02a1.o
 .debug_loc     0x000025c8      0x158 ../../../../../../Drivers/CMSIS/Device/ST/STM32F4xx/Source/Templates/system_stm32f4xx.o
 .debug_loc     0x00002720       0xdb ../../../../../../Drivers/STM32F4xx_HAL_Driver/Src/stm32f4xx_hal.o
 .debug_loc     0x000027fb      0x8ef ../../../../../../Drivers/STM32F4xx_HAL_Driver/Src/stm32f4xx_hal_cortex.o
 .debug_loc     0x000030ea      0x674 ../../../../../../Drivers/STM32F4xx_HAL_Driver/Src/stm32f4xx_hal_gpio.o
 .debug_loc     0x0000375e      0x854 ../../../../../../Drivers/STM32F4xx_HAL_Driver/Src/stm32f4xx_hal_rcc.o
 .debug_loc     0x00003fb2     0x145c ../../../../../../Drivers/STM32F4xx_HAL_Driver/Src/stm32f4xx_hal_spi.o
 .debug_loc     0x0000540e     0x1348 ../../../../../../Drivers/STM32F4xx_HAL_Driver/Src/stm32f4xx_hal_uart.o
 .debug_loc     0x00006756      0x56e ../Src/example.o
 .debug_loc     0x00006cc4     0x11b8 ../Src/example_usart.o
 .debug_loc     0x00007e7c      0x18c ../Src/stm32f4xx_hal_msp.o

.debug_aranges  0x00000000      0xbe8
 .debug_aranges
                0x00000000      0x260 ../../../../../../Drivers/BSP/Components/L6470/L6470.o
 .debug_aranges
                0x00000260       0xf0 ../../../../../../Drivers/BSP/STM32F4xx-Nucleo/stm32f4xx_nucleo.o
 .debug_aranges
                0x00000350       0x60 ../../../../../../Drivers/BSP/X-NUCLEO-IHM02A1/NUCLEO-F401RE/xnucleoihm02a1_interface.o
 .debug_aranges
                0x000003b0      0x170 ../../../../../../Drivers/BSP/X-NUCLEO-IHM02A1/xnucleoihm02a1.o
 .debug_aranges
                0x00000520       0x28 ../../../../../../Drivers/CMSIS/Device/ST/STM32F4xx/Source/Templates/system_stm32f4xx.o
 .debug_aranges
                0x00000548       0xc0 ../../../../../../Drivers/STM32F4xx_HAL_Driver/Src/stm32f4xx_hal.o
 .debug_aranges
                0x00000608       0x98 ../../../../../../Drivers/STM32F4xx_HAL_Driver/Src/stm32f4xx_hal_cortex.o
 .debug_aranges
                0x000006a0       0x58 ../../../../../../Drivers/STM32F4xx_HAL_Driver/Src/stm32f4xx_hal_gpio.o
 .debug_aranges
                0x000006f8       0x88 ../../../../../../Drivers/STM32F4xx_HAL_Driver/Src/stm32f4xx_hal_rcc.o
 .debug_aranges
                0x00000780      0x158 ../../../../../../Drivers/STM32F4xx_HAL_Driver/Src/stm32f4xx_hal_spi.o
 .debug_aranges
                0x000008d8      0x150 ../../../../../../Drivers/STM32F4xx_HAL_Driver/Src/stm32f4xx_hal_uart.o
 .debug_aranges
                0x00000a28       0x38 ../Src/example.o
 .debug_aranges
                0x00000a60       0x88 ../Src/example_usart.o
 .debug_aranges
                0x00000ae8       0x28 ../Src/main.o
 .debug_aranges
                0x00000b10       0x20 ../Src/params.o
 .debug_aranges
                0x00000b30       0x50 ../Src/stm32f4xx_hal_msp.o
 .debug_aranges
                0x00000b80       0x40 ../Src/stm32f4xx_it.o
 .debug_aranges
                0x00000bc0       0x28 gcc_startupfile_stm32f401retx.o

.debug_ranges   0x00000000      0xb30
 .debug_ranges  0x00000000      0x250 ../../../../../../Drivers/BSP/Components/L6470/L6470.o
 .debug_ranges  0x00000250       0xe0 ../../../../../../Drivers/BSP/STM32F4xx-Nucleo/stm32f4xx_nucleo.o
 .debug_ranges  0x00000330       0x50 ../../../../../../Drivers/BSP/X-NUCLEO-IHM02A1/NUCLEO-F401RE/xnucleoihm02a1_interface.o
 .debug_ranges  0x00000380      0x160 ../../../../../../Drivers/BSP/X-NUCLEO-IHM02A1/xnucleoihm02a1.o
 .debug_ranges  0x000004e0       0x18 ../../../../../../Drivers/CMSIS/Device/ST/STM32F4xx/Source/Templates/system_stm32f4xx.o
 .debug_ranges  0x000004f8       0xb0 ../../../../../../Drivers/STM32F4xx_HAL_Driver/Src/stm32f4xx_hal.o
 .debug_ranges  0x000005a8       0xe8 ../../../../../../Drivers/STM32F4xx_HAL_Driver/Src/stm32f4xx_hal_cortex.o
 .debug_ranges  0x00000690       0x48 ../../../../../../Drivers/STM32F4xx_HAL_Driver/Src/stm32f4xx_hal_gpio.o
 .debug_ranges  0x000006d8       0x78 ../../../../../../Drivers/STM32F4xx_HAL_Driver/Src/stm32f4xx_hal_rcc.o
 .debug_ranges  0x00000750      0x148 ../../../../../../Drivers/STM32F4xx_HAL_Driver/Src/stm32f4xx_hal_spi.o
 .debug_ranges  0x00000898      0x140 ../../../../../../Drivers/STM32F4xx_HAL_Driver/Src/stm32f4xx_hal_uart.o
 .debug_ranges  0x000009d8       0x28 ../Src/example.o
 .debug_ranges  0x00000a00       0x78 ../Src/example_usart.o
 .debug_ranges  0x00000a78       0x18 ../Src/main.o
 .debug_ranges  0x00000a90       0x10 ../Src/params.o
 .debug_ranges  0x00000aa0       0x40 ../Src/stm32f4xx_hal_msp.o
 .debug_ranges  0x00000ae0       0x30 ../Src/stm32f4xx_it.o
 .debug_ranges  0x00000b10       0x20 gcc_startupfile_stm32f401retx.o

.debug_line     0x00000000     0xc0a4
 .debug_line    0x00000000     0x14d3 ../../../../../../Drivers/BSP/Components/L6470/L6470.o
 .debug_line    0x000014d3      0xadc ../../../../../../Drivers/BSP/STM32F4xx-Nucleo/stm32f4xx_nucleo.o
 .debug_line    0x00001faf      0x754 ../../../../../../Drivers/BSP/X-NUCLEO-IHM02A1/NUCLEO-F401RE/xnucleoihm02a1_interface.o
 .debug_line    0x00002703      0xb5b ../../../../../../Drivers/BSP/X-NUCLEO-IHM02A1/xnucleoihm02a1.o
 .debug_line    0x0000325e      0x32a ../../../../../../Drivers/CMSIS/Device/ST/STM32F4xx/Source/Templates/system_stm32f4xx.o
 .debug_line    0x00003588      0x529 ../../../../../../Drivers/STM32F4xx_HAL_Driver/Src/stm32f4xx_hal.o
 .debug_line    0x00003ab1      0x83d ../../../../../../Drivers/STM32F4xx_HAL_Driver/Src/stm32f4xx_hal_cortex.o
 .debug_line    0x000042ee      0x866 ../../../../../../Drivers/STM32F4xx_HAL_Driver/Src/stm32f4xx_hal_gpio.o
 .debug_line    0x00004b54      0xfd2 ../../../../../../Drivers/STM32F4xx_HAL_Driver/Src/stm32f4xx_hal_rcc.o
 .debug_line    0x00005b26     0x22fd ../../../../../../Drivers/STM32F4xx_HAL_Driver/Src/stm32f4xx_hal_spi.o
 .debug_line    0x00007e23     0x18d5 ../../../../../../Drivers/STM32F4xx_HAL_Driver/Src/stm32f4xx_hal_uart.o
 .debug_line    0x000096f8      0x94f ../Src/example.o
 .debug_line    0x0000a047     0x1444 ../Src/example_usart.o
 .debug_line    0x0000b48b      0x232 ../Src/main.o
 .debug_line    0x0000b6bd      0x193 ../Src/params.o
 .debug_line    0x0000b850      0x4a0 ../Src/stm32f4xx_hal_msp.o
 .debug_line    0x0000bcf0      0x335 ../Src/stm32f4xx_it.o
 .debug_line    0x0000c025       0x7f gcc_startupfile_stm32f401retx.o

.debug_str      0x00000000     0x3dc2
 .debug_str     0x00000000     0x1398 ../../../../../../Drivers/BSP/Components/L6470/L6470.o
                               0x18a5 (size before relaxing)
 .debug_str     0x00001398      0xc10 ../../../../../../Drivers/BSP/STM32F4xx-Nucleo/stm32f4xx_nucleo.o
                               0x1344 (size before relaxing)
 .debug_str     0x00001fa8      0x3e6 ../../../../../../Drivers/BSP/X-NUCLEO-IHM02A1/NUCLEO-F401RE/xnucleoihm02a1_interface.o
                                0xefb (size before relaxing)
 .debug_str     0x0000238e      0x4b6 ../../../../../../Drivers/BSP/X-NUCLEO-IHM02A1/xnucleoihm02a1.o
                               0x150e (size before relaxing)
 .debug_str     0x00002844       0xf8 ../../../../../../Drivers/CMSIS/Device/ST/STM32F4xx/Source/Templates/system_stm32f4xx.o
                                0x3f3 (size before relaxing)
 .debug_str     0x0000293c      0x295 ../../../../../../Drivers/STM32F4xx_HAL_Driver/Src/stm32f4xx_hal.o
                                0x983 (size before relaxing)
 .debug_str     0x00002bd1      0x32c ../../../../../../Drivers/STM32F4xx_HAL_Driver/Src/stm32f4xx_hal_cortex.o
                                0xb07 (size before relaxing)
 .debug_str     0x00002efd      0x123 ../../../../../../Drivers/STM32F4xx_HAL_Driver/Src/stm32f4xx_hal_gpio.o
                                0x550 (size before relaxing)
 .debug_str     0x00003020      0x146 ../../../../../../Drivers/STM32F4xx_HAL_Driver/Src/stm32f4xx_hal_rcc.o
                                0x72b (size before relaxing)
 .debug_str     0x00003166      0x380 ../../../../../../Drivers/STM32F4xx_HAL_Driver/Src/stm32f4xx_hal_spi.o
                                0xadd (size before relaxing)
 .debug_str     0x000034e6      0x36c ../../../../../../Drivers/STM32F4xx_HAL_Driver/Src/stm32f4xx_hal_uart.o
                                0xacc (size before relaxing)
 .debug_str     0x00003852       0xf6 ../Src/example.o
                                0xf7a (size before relaxing)
 .debug_str     0x00003948      0x306 ../Src/example_usart.o
                                0xff3 (size before relaxing)
 .debug_str     0x00003c4e       0x1d ../Src/main.o
                                0x272 (size before relaxing)
 .debug_str     0x00003c6b       0x7d ../Src/params.o
                                0x37f (size before relaxing)
 .debug_str     0x00003ce8       0x3d ../Src/stm32f4xx_hal_msp.o
                               0x1055 (size before relaxing)
 .debug_str     0x00003d25       0x6f ../Src/stm32f4xx_it.o
                                0x718 (size before relaxing)
 .debug_str     0x00003d94       0x2e gcc_startupfile_stm32f401retx.o
                                 0xbe (size before relaxing)

.comment        0x00000000       0x49
 .comment       0x00000000       0x49 ../../../../../../Drivers/BSP/Components/L6470/L6470.o
                                 0x4a (size before relaxing)
 .comment       0x00000049       0x4a ../../../../../../Drivers/BSP/STM32F4xx-Nucleo/stm32f4xx_nucleo.o
 .comment       0x00000049       0x4a ../../../../../../Drivers/BSP/X-NUCLEO-IHM02A1/NUCLEO-F401RE/xnucleoihm02a1_interface.o
 .comment       0x00000049       0x4a ../../../../../../Drivers/BSP/X-NUCLEO-IHM02A1/xnucleoihm02a1.o
 .comment       0x00000049       0x4a ../../../../../../Drivers/CMSIS/Device/ST/STM32F4xx/Source/Templates/system_stm32f4xx.o
 .comment       0x00000049       0x4a ../../../../../../Drivers/STM32F4xx_HAL_Driver/Src/stm32f4xx_hal.o
 .comment       0x00000049       0x4a ../../../../../../Drivers/STM32F4xx_HAL_Driver/Src/stm32f4xx_hal_cortex.o
 .comment       0x00000049       0x4a ../../../../../../Drivers/STM32F4xx_HAL_Driver/Src/stm32f4xx_hal_gpio.o
 .comment       0x00000049       0x4a ../../../../../../Drivers/STM32F4xx_HAL_Driver/Src/stm32f4xx_hal_rcc.o
 .comment       0x00000049       0x4a ../../../../../../Drivers/STM32F4xx_HAL_Driver/Src/stm32f4xx_hal_spi.o
 .comment       0x00000049       0x4a ../../../../../../Drivers/STM32F4xx_HAL_Driver/Src/stm32f4xx_hal_uart.o
 .comment       0x00000049       0x4a ../Src/example.o
 .comment       0x00000049       0x4a ../Src/example_usart.o
 .comment       0x00000049       0x4a ../Src/main.o
 .comment       0x00000049       0x4a ../Src/params.o
 .comment       0x00000049       0x4a ../Src/stm32f4xx_hal_msp.o
 .comment       0x00000049       0x4a ../Src/stm32f4xx_it.o

.debug_frame    0x00000000     0x2214
 .debug_frame   0x00000000      0x734 ../../../../../../Drivers/BSP/Components/L6470/L6470.o
 .debug_frame   0x00000734      0x300 ../../../../../../Drivers/BSP/STM32F4xx-Nucleo/stm32f4xx_nucleo.o
 .debug_frame   0x00000a34      0x100 ../../../../../../Drivers/BSP/X-NUCLEO-IHM02A1/NUCLEO-F401RE/xnucleoihm02a1_interface.o
 .debug_frame   0x00000b34      0x440 ../../../../../../Drivers/BSP/X-NUCLEO-IHM02A1/xnucleoihm02a1.o
 .debug_frame   0x00000f74       0x30 ../../../../../../Drivers/CMSIS/Device/ST/STM32F4xx/Source/Templates/system_stm32f4xx.o
 .debug_frame   0x00000fa4      0x188 ../../../../../../Drivers/STM32F4xx_HAL_Driver/Src/stm32f4xx_hal.o
 .debug_frame   0x0000112c      0x17c ../../../../../../Drivers/STM32F4xx_HAL_Driver/Src/stm32f4xx_hal_cortex.o
 .debug_frame   0x000012a8       0xfc ../../../../../../Drivers/STM32F4xx_HAL_Driver/Src/stm32f4xx_hal_gpio.o
 .debug_frame   0x000013a4      0x144 ../../../../../../Drivers/STM32F4xx_HAL_Driver/Src/stm32f4xx_hal_rcc.o
 .debug_frame   0x000014e8      0x40c ../../../../../../Drivers/STM32F4xx_HAL_Driver/Src/stm32f4xx_hal_spi.o
 .debug_frame   0x000018f4      0x394 ../../../../../../Drivers/STM32F4xx_HAL_Driver/Src/stm32f4xx_hal_uart.o
 .debug_frame   0x00001c88       0x6c ../Src/example.o
 .debug_frame   0x00001cf4      0x1a0 ../Src/example_usart.o
 .debug_frame   0x00001e94       0x38 ../Src/main.o
 .debug_frame   0x00001ecc       0x20 ../Src/params.o
 .debug_frame   0x00001eec       0xd4 ../Src/stm32f4xx_hal_msp.o
 .debug_frame   0x00001fc0       0x88 ../Src/stm32f4xx_it.o
 .debug_frame   0x00002048       0x2c c:/programdata/chocolatey/lib/gcc-arm-embedded/tools/gcc-arm-none-eabi-10.3-2021.10/bin/../lib/gcc/arm-none-eabi/10.3.1/../../../../arm-none-eabi/lib/thumb/v7e-m+fp/hard\libc.a(lib_a-init.o)
 .debug_frame   0x00002074       0x68 c:/programdata/chocolatey/lib/gcc-arm-embedded/tools/gcc-arm-none-eabi-10.3-2021.10/bin/../lib/gcc/arm-none-eabi/10.3.1/../../../../arm-none-eabi/lib/thumb/v7e-m+fp/hard\libc.a(lib_a-__call_atexit.o)
 .debug_frame   0x000020dc       0x20 c:/programdata/chocolatey/lib/gcc-arm-embedded/tools/gcc-arm-none-eabi-10.3-2021.10/bin/../lib/gcc/arm-none-eabi/10.3.1/../../../../arm-none-eabi/lib/thumb/v7e-m+fp/hard\libc.a(lib_a-atexit.o)
 .debug_frame   0x000020fc       0x34 c:/programdata/chocolatey/lib/gcc-arm-embedded/tools/gcc-arm-none-eabi-10.3-2021.10/bin/../lib/gcc/arm-none-eabi/10.3.1/../../../../arm-none-eabi/lib/thumb/v7e-m+fp/hard\libc.a(lib_a-fini.o)
 .debug_frame   0x00002130       0xb0 c:/programdata/chocolatey/lib/gcc-arm-embedded/tools/gcc-arm-none-eabi-10.3-2021.10/bin/../lib/gcc/arm-none-eabi/10.3.1/../../../../arm-none-eabi/lib/thumb/v7e-m+fp/hard\libc.a(lib_a-lock.o)
 .debug_frame   0x000021e0       0x34 c:/programdata/chocolatey/lib/gcc-arm-embedded/tools/gcc-arm-none-eabi-10.3-2021.10/bin/../lib/gcc/arm-none-eabi/10.3.1/../../../../arm-none-eabi/lib/thumb/v7e-m+fp/hard\libc.a(lib_a-__atexit.o)
