Archive member included to satisfy reference by file (symbol)

c:/programdata/chocolatey/lib/gcc-arm-embedded/tools/gcc-arm-none-eabi-10.3-2021.10/bin/../lib/gcc/arm-none-eabi/10.3.1/../../../../arm-none-eabi/lib/thumb/v7e-m+fp/hard\libc_nano.a(lib_a-exit.o)
                              c:/programdata/chocolatey/lib/gcc-arm-embedded/tools/gcc-arm-none-eabi-10.3-2021.10/bin/../lib/gcc/arm-none-eabi/10.3.1/../../../../arm-none-eabi/lib/thumb/v7e-m+fp/hard/crt0.o (exit)
c:/programdata/chocolatey/lib/gcc-arm-embedded/tools/gcc-arm-none-eabi-10.3-2021.10/bin/../lib/gcc/arm-none-eabi/10.3.1/../../../../arm-none-eabi/lib/thumb/v7e-m+fp/hard\libc_nano.a(lib_a-impure.o)
                              c:/programdata/chocolatey/lib/gcc-arm-embedded/tools/gcc-arm-none-eabi-10.3-2021.10/bin/../lib/gcc/arm-none-eabi/10.3.1/../../../../arm-none-eabi/lib/thumb/v7e-m+fp/hard\libc_nano.a(lib_a-exit.o) (_global_impure_ptr)
c:/programdata/chocolatey/lib/gcc-arm-embedded/tools/gcc-arm-none-eabi-10.3-2021.10/bin/../lib/gcc/arm-none-eabi/10.3.1/../../../../arm-none-eabi/lib/thumb/v7e-m+fp/hard\libc_nano.a(lib_a-init.o)
                              c:/programdata/chocolatey/lib/gcc-arm-embedded/tools/gcc-arm-none-eabi-10.3-2021.10/bin/../lib/gcc/arm-none-eabi/10.3.1/../../../../arm-none-eabi/lib/thumb/v7e-m+fp/hard/crt0.o (__libc_init_array)
c:/programdata/chocolatey/lib/gcc-arm-embedded/tools/gcc-arm-none-eabi-10.3-2021.10/bin/../lib/gcc/arm-none-eabi/10.3.1/../../../../arm-none-eabi/lib/thumb/v7e-m+fp/hard\libc_nano.a(lib_a-memset.o)
                              c:/programdata/chocolatey/lib/gcc-arm-embedded/tools/gcc-arm-none-eabi-10.3-2021.10/bin/../lib/gcc/arm-none-eabi/10.3.1/../../../../arm-none-eabi/lib/thumb/v7e-m+fp/hard/crt0.o (memset)
c:/programdata/chocolatey/lib/gcc-arm-embedded/tools/gcc-arm-none-eabi-10.3-2021.10/bin/../lib/gcc/arm-none-eabi/10.3.1/../../../../arm-none-eabi/lib/thumb/v7e-m+fp/hard\libnosys.a(_exit.o)
                              c:/programdata/chocolatey/lib/gcc-arm-embedded/tools/gcc-arm-none-eabi-10.3-2021.10/bin/../lib/gcc/arm-none-eabi/10.3.1/../../../../arm-none-eabi/lib/thumb/v7e-m+fp/hard\libc_nano.a(lib_a-exit.o) (_exit)
c:/programdata/chocolatey/lib/gcc-arm-embedded/tools/gcc-arm-none-eabi-10.3-2021.10/bin/../lib/gcc/arm-none-eabi/10.3.1/thumb/v7e-m+fp/hard\libgcc.a(_arm_muldf3.o)
                              build/L6470.o (__aeabi_dmul)
c:/programdata/chocolatey/lib/gcc-arm-embedded/tools/gcc-arm-none-eabi-10.3-2021.10/bin/../lib/gcc/arm-none-eabi/10.3.1/thumb/v7e-m+fp/hard\libgcc.a(_arm_addsubdf3.o)
                              build/L6470.o (__aeabi_dadd)
c:/programdata/chocolatey/lib/gcc-arm-embedded/tools/gcc-arm-none-eabi-10.3-2021.10/bin/../lib/gcc/arm-none-eabi/10.3.1/thumb/v7e-m+fp/hard\libgcc.a(_arm_truncdfsf2.o)
                              build/L6470.o (__aeabi_d2f)

Discarded input sections

 .text          0x00000000        0x0 c:/programdata/chocolatey/lib/gcc-arm-embedded/tools/gcc-arm-none-eabi-10.3-2021.10/bin/../lib/gcc/arm-none-eabi/10.3.1/thumb/v7e-m+fp/hard/crti.o
 .data          0x00000000        0x0 c:/programdata/chocolatey/lib/gcc-arm-embedded/tools/gcc-arm-none-eabi-10.3-2021.10/bin/../lib/gcc/arm-none-eabi/10.3.1/thumb/v7e-m+fp/hard/crti.o
 .bss           0x00000000        0x0 c:/programdata/chocolatey/lib/gcc-arm-embedded/tools/gcc-arm-none-eabi-10.3-2021.10/bin/../lib/gcc/arm-none-eabi/10.3.1/thumb/v7e-m+fp/hard/crti.o
 .data          0x00000000        0x4 c:/programdata/chocolatey/lib/gcc-arm-embedded/tools/gcc-arm-none-eabi-10.3-2021.10/bin/../lib/gcc/arm-none-eabi/10.3.1/thumb/v7e-m+fp/hard/crtbegin.o
 .rodata        0x00000000       0x24 c:/programdata/chocolatey/lib/gcc-arm-embedded/tools/gcc-arm-none-eabi-10.3-2021.10/bin/../lib/gcc/arm-none-eabi/10.3.1/thumb/v7e-m+fp/hard/crtbegin.o
 .text          0x00000000       0x7c c:/programdata/chocolatey/lib/gcc-arm-embedded/tools/gcc-arm-none-eabi-10.3-2021.10/bin/../lib/gcc/arm-none-eabi/10.3.1/../../../../arm-none-eabi/lib/thumb/v7e-m+fp/hard/crt0.o
 .data          0x00000000        0x0 c:/programdata/chocolatey/lib/gcc-arm-embedded/tools/gcc-arm-none-eabi-10.3-2021.10/bin/../lib/gcc/arm-none-eabi/10.3.1/../../../../arm-none-eabi/lib/thumb/v7e-m+fp/hard/crt0.o
 .bss           0x00000000        0x0 c:/programdata/chocolatey/lib/gcc-arm-embedded/tools/gcc-arm-none-eabi-10.3-2021.10/bin/../lib/gcc/arm-none-eabi/10.3.1/../../../../arm-none-eabi/lib/thumb/v7e-m+fp/hard/crt0.o
 .ARM.extab     0x00000000        0x0 c:/programdata/chocolatey/lib/gcc-arm-embedded/tools/gcc-arm-none-eabi-10.3-2021.10/bin/../lib/gcc/arm-none-eabi/10.3.1/../../../../arm-none-eabi/lib/thumb/v7e-m+fp/hard/crt0.o
 .ARM.exidx     0x00000000       0x10 c:/programdata/chocolatey/lib/gcc-arm-embedded/tools/gcc-arm-none-eabi-10.3-2021.10/bin/../lib/gcc/arm-none-eabi/10.3.1/../../../../arm-none-eabi/lib/thumb/v7e-m+fp/hard/crt0.o
 .ARM.attributes
[...]
Memory Configuration

Name             Origin             Length             Attributes
FLASH            0x08000000         0x00080000         xr
RAM              0x20000000         0x00018000         xrw
*default*        0x00000000         0xffffffff

Linker script and memory map

LOAD c:/programdata/chocolatey/lib/gcc-arm-embedded/tools/gcc-arm-none-eabi-10.3-2021.10/bin/../lib/gcc/arm-none-eabi/10.3.1/thumb/v7e-m+fp/hard/crti.o
LOAD c:/programdata/chocolatey/lib/gcc-arm-embedded/tools/gcc-arm-none-eabi-10.3-2021.10/bin/../lib/gcc/arm-none-eabi/10.3.1/thumb/v7e-m+fp/hard/crtbegin.o
LOAD c:/programdata/chocolatey/lib/gcc-arm-embedded/tools/gcc-arm-none-eabi-10.3-2021.10/bin/../lib/gcc/arm-none-eabi/10.3.1/../../../../arm-none-eabi/lib/thumb/v7e-m+fp/hard/crt0.o
LOAD build/L6470.o
LOAD build/stm32f4xx_nucleo.o
LOAD build/xnucleoihm02a1.o
LOAD build/xnucleoihm02a1_interface.o
LOAD build/system_stm32f4xx.o
LOAD build/stm32f4xx_hal.o
LOAD build/stm32f4xx_hal_adc.o
LOAD build/stm32f4xx_hal_adc_ex.o
LOAD build/stm32f4xx_hal_cortex.o
LOAD build/stm32f4xx_hal_dma.o
LOAD build/stm32f4xx_hal_dma_ex.o
LOAD build/stm32f4xx_hal_flash.o
LOAD build/stm32f4xx_hal_flash_ex.o
LOAD build/stm32f4xx_hal_flash_ramfunc.o
LOAD build/stm32f4xx_hal_gpio.o
LOAD build/stm32f4xx_hal_pwr.o
LOAD build/stm32f4xx_hal_pwr_ex.o
LOAD build/stm32f4xx_hal_rcc.o
LOAD build/stm32f4xx_hal_rcc_ex.o
LOAD build/stm32f4xx_hal_spi.o
LOAD build/stm32f4xx_hal_uart.o
LOAD build/example.o
LOAD build/example_usart.o
LOAD build/main.o
LOAD build/params.o
LOAD build/stm32f4xx_hal_msp.o
LOAD build/stm32f4xx_it.o
LOAD build/startup_stm32f401xe.o
LOAD c:/programdata/chocolatey/lib/gcc-arm-embedded/tools/gcc-arm-none-eabi-10.3-2021.10/bin/../lib/gcc/arm-none-eabi/10.3.1/../../../../arm-none-eabi/lib/thumb/v7e-m+fp/hard\libc_nano.a
LOAD c:/programdata/chocolatey/lib/gcc-arm-embedded/tools/gcc-arm-none-eabi-10.3-2021.10/bin/../lib/gcc/arm-none-eabi/10.3.1/../../../../arm-none-eabi/lib/thumb/v7e-m+fp/hard\libm.a
LOAD c:/programdata/chocolatey/lib/gcc-arm-embedded/tools/gcc-arm-none-eabi-10.3-2021.10/bin/../lib/gcc/arm-none-eabi/10.3.1/../../../../arm-none-eabi/lib/thumb/v7e-m+fp/hard\libnosys.a
START GROUP
LOAD c:/programdata/chocolatey/lib/gcc-arm-embedded/tools/gcc-arm-none-eabi-10.3-2021.10/bin/../lib/gcc/arm-none-eabi/10.3.1/thumb/v7e-m+fp/hard\libgcc.a
LOAD c:/programdata/chocolatey/lib/gcc-arm-embedded/tools/gcc-arm-none-eabi-10.3-2021.10/bin/../lib/gcc/arm-none-eabi/10.3.1/../../../../arm-none-eabi/lib/thumb/v7e-m+fp/hard\libc_nano.a
END GROUP
START GROUP
LOAD c:/programdata/chocolatey/lib/gcc-arm-embedded/tools/gcc-arm-none-eabi-10.3-2021.10/bin/../lib/gcc/arm-none-eabi/10.3.1/thumb/v7e-m+fp/hard\libgcc.a
LOAD c:/programdata/chocolatey/lib/gcc-arm-embedded/tools/gcc-arm-none-eabi-10.3-2021.10/bin/../lib/gcc/arm-none-eabi/10.3.1/../../../../arm-none-eabi/lib/thumb/v7e-m+fp/hard\libc_nano.a
END GROUP
LOAD c:/programdata/chocolatey/lib/gcc-arm-embedded/tools/gcc-arm-none-eabi-10.3-2021.10/bin/../lib/gcc/arm-none-eabi/10.3.1/thumb/v7e-m+fp/hard/crtend.o
LOAD c:/programdata/chocolatey/lib/gcc-arm-embedded/tools/gcc-arm-none-eabi-10.3-2021.10/bin/../lib/gcc/arm-none-eabi/10.3.1/thumb/v7e-m+fp/hard/crtn.o
                0x20018000                _estack = 0x20018000
                0x00000200                _Min_Heap_Size = 0x200
                0x00000400                _Min_Stack_Size = 0x400

.isr_vector     0x08000000      0x194
                0x08000000                . = ALIGN (0x4)
 *(.isr_vector)
 .isr_vector    0x08000000      0x194 build/startup_stm32f401xe.o
                0x08000000                g_pfnVectors
                0x08000194                . = ALIGN (0x4)

.text           0x08000194     0x5d64
                0x08000194                . = ALIGN (0x4)
 *(.text)
 .text          0x08000194       0x40 c:/programdata/chocolatey/lib/gcc-arm-embedded/tools/gcc-arm-none-eabi-10.3-2021.10/bin/../lib/gcc/arm-none-eabi/10.3.1/thumb/v7e-m+fp/hard/crtbegin.o
 *(.text*)
 .text.L6470_ResetAppCmdPkg
                0x080001d4       0x58 build/L6470.o
                0x080001d4                L6470_ResetAppCmdPkg
 .text.L6470_FillAppCmdPkg
                0x0800022c       0x4e build/L6470.o
                0x0800022c                L6470_FillAppCmdPkg
 *fill*         0x0800027a        0x2 
 .text.L6470_PrepareAppCmdPkg
                0x0800027c       0x48 build/L6470.o
                0x0800027c                L6470_PrepareAppCmdPkg
 .text.L6470_PrepareDaisyChainCommand
                0x080002c4      0x454 build/L6470.o
                0x080002c4                L6470_PrepareDaisyChainCommand
 .text.L6470_GetParam
                0x08000718       0x70 build/L6470.o
                0x08000718                L6470_GetParam
 .text.L6470_GoTo
                0x08000788       0x4c build/L6470.o
                0x08000788                L6470_GoTo
 .text.L6470_GoHome
                0x080007d4       0x44 build/L6470.o
                0x080007d4                L6470_GoHome
 .text.L6470_ResetDevice
                0x08000818       0x44 build/L6470.o
                0x08000818                L6470_ResetDevice
 .text.L6470_GetStatus
                0x0800085c       0x54 build/L6470.o
                0x0800085c                L6470_GetStatus
 .text.L6470_ID
                0x080008b0       0x2e build/L6470.o
                0x080008b0                L6470_ID
 *fill*         0x080008de        0x2 
 .text.L6470_DaisyChainCommand
                0x080008e0       0x9c build/L6470.o
                0x080008e0                L6470_DaisyChainCommand
 .text.L6470_ExtractReturnedData
                0x0800097c       0x5a build/L6470.o
                0x0800097c                L6470_ExtractReturnedData
 *fill*         0x080009d6        0x2 
 .text.BSP_LED_Init
                0x080009d8       0x70 build/stm32f4xx_nucleo.o
                0x080009d8                BSP_LED_Init
 .text.BSP_LED_On
                0x08000a48       0x28 build/stm32f4xx_nucleo.o
                0x08000a48                BSP_LED_On
 .text.BSP_LED_Off
                0x08000a70       0x28 build/stm32f4xx_nucleo.o
                0x08000a70                BSP_LED_Off
 .text.BSP_PB_Init
                0x08000a98       0xb0 build/stm32f4xx_nucleo.o
                0x08000a98                BSP_PB_Init
 .text.BSP_NUCLEO_GPIO_Init
                0x08000b48      0x138 build/xnucleoihm02a1.o
                0x08000b48                BSP_NUCLEO_GPIO_Init
 .text.BSP_L6470_Init
                0x08000c80       0xb0 build/xnucleoihm02a1.o
                0x08000c80                BSP_L6470_Init
 .text.BSP_IRQ  0x08000d30       0x32 build/xnucleoihm02a1.o
                0x08000d30                BSP_IRQ
 .text.BSP_L6470_GetParam
                0x08000d62       0x3a build/xnucleoihm02a1.o
                0x08000d62                BSP_L6470_GetParam
 .text.BSP_L6470_GoTo
                0x08000d9c       0x30 build/xnucleoihm02a1.o
                0x08000d9c                BSP_L6470_GoTo
 .text.BSP_L6470_GoHome
                0x08000dcc       0x2e build/xnucleoihm02a1.o
                0x08000dcc                BSP_L6470_GoHome
 .text.EXPBRD_ID
                0x08000dfa       0x22 build/xnucleoihm02a1.o
                0x08000dfa                EXPBRD_ID
 .text.BSP_Select
                0x08000e1c       0x6c build/xnucleoihm02a1.o
                0x08000e1c                BSP_Select
 .text.BSP_Init
                0x08000e88       0x24 build/xnucleoihm02a1.o
                0x08000e88                BSP_Init
 .text.BSP_L6470_BusySynchEventManager
                0x08000eac       0x12 build/xnucleoihm02a1.o
                0x08000eac                BSP_L6470_BusySynchEventManager
 .text.BSP_L6470_FlagEventManager
                0x08000ebe       0x12 build/xnucleoihm02a1.o
                0x08000ebe                BSP_L6470_FlagEventManager
 .text.BSP_EmergencyStop
                0x08000ed0       0x1c build/xnucleoihm02a1.o
                0x08000ed0                BSP_EmergencyStop
 .text.SystemClock_Config
                0x08000eec       0x9c build/xnucleoihm02a1_interface.o
                0x08000eec                SystemClock_Config
 .text.MX_GPIO_Init
                0x08000f88       0x16 build/xnucleoihm02a1_interface.o
                0x08000f88                MX_GPIO_Init
 .text.MX_SPI_Init
                0x08000f9e        0xc build/xnucleoihm02a1_interface.o
                0x08000f9e                MX_SPI_Init
 *fill*         0x08000faa        0x2 
 .text.MX_SPI1_Init
                0x08000fac       0xdc build/xnucleoihm02a1_interface.o
                0x08000fac                MX_SPI1_Init
 .text.MX_USART2_Init
                0x08001088       0x48 build/xnucleoihm02a1_interface.o
                0x08001088                MX_USART2_Init
 .text.NUCLEO_Board_Init
                0x080010d0       0x26 build/xnucleoihm02a1_interface.o
                0x080010d0                NUCLEO_Board_Init
 .text.User_LED_Blinking
                0x080010f6       0x50 build/xnucleoihm02a1_interface.o
                0x080010f6                User_LED_Blinking
 *fill*         0x08001146        0x2 
 .text.SystemInit
                0x08001148       0x6c build/system_stm32f4xx.o
                0x08001148                SystemInit
 .text.HAL_Init
                0x080011b4       0x44 build/stm32f4xx_hal.o
                0x080011b4                HAL_Init
 .text.HAL_InitTick
                0x080011f8       0x38 build/stm32f4xx_hal.o
                0x080011f8                HAL_InitTick
 .text.HAL_IncTick
                0x08001230       0x1c build/stm32f4xx_hal.o
                0x08001230                HAL_IncTick
 .text.HAL_GetTick
                0x0800124c       0x18 build/stm32f4xx_hal.o
                0x0800124c                HAL_GetTick
 .text.HAL_Delay
                0x08001264       0x2e build/stm32f4xx_hal.o
                0x08001264                HAL_Delay
 *fill*         0x08001292        0x2 
 .text.NVIC_SetPriorityGrouping
                0x08001294       0x48 build/stm32f4xx_hal_cortex.o
 .text.NVIC_GetPriorityGrouping
                0x080012dc       0x1c build/stm32f4xx_hal_cortex.o
 .text.NVIC_EnableIRQ
                0x080012f8       0x34 build/stm32f4xx_hal_cortex.o
 .text.NVIC_DisableIRQ
                0x0800132c       0x34 build/stm32f4xx_hal_cortex.o
 .text.NVIC_SetPriority
                0x08001360       0x54 build/stm32f4xx_hal_cortex.o
 .text.NVIC_EncodePriority
                0x080013b4       0x66 build/stm32f4xx_hal_cortex.o
 *fill*         0x0800141a        0x2 
 .text.SysTick_Config
                0x0800141c       0x44 build/stm32f4xx_hal_cortex.o
 .text.HAL_NVIC_SetPriorityGrouping
                0x08001460       0x40 build/stm32f4xx_hal_cortex.o
                0x08001460                HAL_NVIC_SetPriorityGrouping
 .text.HAL_NVIC_SetPriority
                0x080014a0       0x58 build/stm32f4xx_hal_cortex.o
                0x080014a0                HAL_NVIC_SetPriority
 .text.HAL_NVIC_EnableIRQ
                0x080014f8       0x30 build/stm32f4xx_hal_cortex.o
                0x080014f8                HAL_NVIC_EnableIRQ
 .text.HAL_NVIC_DisableIRQ
                0x08001528       0x30 build/stm32f4xx_hal_cortex.o
                0x08001528                HAL_NVIC_DisableIRQ
 .text.HAL_SYSTICK_Config
                0x08001558       0x18 build/stm32f4xx_hal_cortex.o
                0x08001558                HAL_SYSTICK_Config
 .text.HAL_SYSTICK_IRQHandler
                0x08001570        0xc build/stm32f4xx_hal_cortex.o
                0x08001570                HAL_SYSTICK_IRQHandler
 .text.HAL_SYSTICK_Callback
                0x0800157c        0xe build/stm32f4xx_hal_cortex.o
                0x0800157c                HAL_SYSTICK_Callback
 *fill*         0x0800158a        0x2 
 .text.HAL_FLASH_Program
                0x0800158c       0xd8 build/stm32f4xx_hal_flash.o
                0x0800158c                HAL_FLASH_Program
 .text.HAL_FLASH_Unlock
                0x08001664       0x34 build/stm32f4xx_hal_flash.o
                0x08001664                HAL_FLASH_Unlock
 .text.HAL_FLASH_Lock
                0x08001698       0x20 build/stm32f4xx_hal_flash.o
                0x08001698                HAL_FLASH_Lock
 .text.FLASH_WaitForLastOperation
                0x080016b8       0x80 build/stm32f4xx_hal_flash.o
                0x080016b8                FLASH_WaitForLastOperation
 .text.FLASH_Program_DoubleWord
                0x08001738       0x68 build/stm32f4xx_hal_flash.o
 .text.FLASH_Program_Word
                0x080017a0       0x64 build/stm32f4xx_hal_flash.o
 .text.FLASH_Program_HalfWord
                0x08001804       0x64 build/stm32f4xx_hal_flash.o
 .text.FLASH_Program_Byte
                0x08001868       0x60 build/stm32f4xx_hal_flash.o
 .text.FLASH_SetErrorCode
                0x080018c8       0xcc build/stm32f4xx_hal_flash.o
 .text.HAL_FLASHEx_Erase
                0x08001994      0x120 build/stm32f4xx_hal_flash_ex.o
                0x08001994                HAL_FLASHEx_Erase
 .text.FLASH_FlushCaches
                0x08001ab4       0x8c build/stm32f4xx_hal_flash_ex.o
                0x08001ab4                FLASH_FlushCaches
 .text.FLASH_MassErase
                0x08001b40       0x84 build/stm32f4xx_hal_flash_ex.o
 .text.FLASH_Erase_Sector
                0x08001bc4      0x100 build/stm32f4xx_hal_flash_ex.o
                0x08001bc4                FLASH_Erase_Sector
 .text.HAL_GPIO_Init
                0x08001cc4      0x51c build/stm32f4xx_hal_gpio.o
                0x08001cc4                HAL_GPIO_Init
 .text.HAL_GPIO_ReadPin
                0x080021e0       0x40 build/stm32f4xx_hal_gpio.o
                0x080021e0                HAL_GPIO_ReadPin
 .text.HAL_GPIO_WritePin
                0x08002220       0x58 build/stm32f4xx_hal_gpio.o
                0x08002220                HAL_GPIO_WritePin
 .text.HAL_GPIO_EXTI_IRQHandler
                0x08002278       0x30 build/stm32f4xx_hal_gpio.o
                0x08002278                HAL_GPIO_EXTI_IRQHandler
 .text.HAL_RCC_OscConfig
                0x080022a8      0x5f4 build/stm32f4xx_hal_rcc.o
                0x080022a8                HAL_RCC_OscConfig
 .text.HAL_RCC_ClockConfig
                0x0800289c      0x4ec build/stm32f4xx_hal_rcc.o
                0x0800289c                HAL_RCC_ClockConfig
 .text.HAL_RCC_GetSysClockFreq
                0x08002d88      0x104 build/stm32f4xx_hal_rcc.o
                0x08002d88                HAL_RCC_GetSysClockFreq
 .text.HAL_RCC_GetHCLKFreq
                0x08002e8c       0x50 build/stm32f4xx_hal_rcc.o
                0x08002e8c                HAL_RCC_GetHCLKFreq
 .text.HAL_RCC_GetPCLK1Freq
                0x08002edc       0x44 build/stm32f4xx_hal_rcc.o
                0x08002edc                HAL_RCC_GetPCLK1Freq
 .text.HAL_RCC_GetPCLK2Freq
                0x08002f20       0x44 build/stm32f4xx_hal_rcc.o
                0x08002f20                HAL_RCC_GetPCLK2Freq
 .text.HAL_SPI_Init
                0x08002f64      0x228 build/stm32f4xx_hal_spi.o
                0x08002f64                HAL_SPI_Init
 .text.HAL_SPI_TransmitReceive
                0x0800318c      0x4cc build/stm32f4xx_hal_spi.o
                0x0800318c                HAL_SPI_TransmitReceive
 .text.SPI_WaitOnFlagUntilTimeout
                0x08003658      0x148 build/stm32f4xx_hal_spi.o
 .text.HAL_UART_Init
                0x080037a0      0x160 build/stm32f4xx_hal_uart.o
                0x080037a0                HAL_UART_Init
 .text.HAL_UART_Transmit
                0x08003900      0x152 build/stm32f4xx_hal_uart.o
                0x08003900                HAL_UART_Transmit
 .text.HAL_UART_Receive_IT
                0x08003a52       0xce build/stm32f4xx_hal_uart.o
                0x08003a52                HAL_UART_Receive_IT
 .text.HAL_UART_IRQHandler
                0x08003b20      0x1fa build/stm32f4xx_hal_uart.o
                0x08003b20                HAL_UART_IRQHandler
 .text.HAL_UART_TxCpltCallback
                0x08003d1a       0x14 build/stm32f4xx_hal_uart.o
                0x08003d1a                HAL_UART_TxCpltCallback
 .text.HAL_UART_RxCpltCallback
                0x08003d2e       0x14 build/stm32f4xx_hal_uart.o
                0x08003d2e                HAL_UART_RxCpltCallback
 .text.HAL_UART_ErrorCallback
                0x08003d42       0x14 build/stm32f4xx_hal_uart.o
                0x08003d42                HAL_UART_ErrorCallback
 .text.UART_WaitOnFlagUntilTimeout
                0x08003d56      0x132 build/stm32f4xx_hal_uart.o
 .text.UART_Transmit_IT
                0x08003e88       0xba build/stm32f4xx_hal_uart.o
 .text.UART_EndTransmit_IT
                0x08003f42       0x66 build/stm32f4xx_hal_uart.o
 .text.UART_Receive_IT
                0x08003fa8      0x126 build/stm32f4xx_hal_uart.o
 *fill*         0x080040ce        0x2 
 .text.UART_SetConfig
                0x080040d0      0x35c build/stm32f4xx_hal_uart.o
 .text.isButtonPressed
                0x0800442c       0x50 build/example.o
                0x0800442c                isButtonPressed
 .text.HAL_GPIO_EXTI_Callback
                0x0800447c       0x3c build/example.o
                0x0800447c                HAL_GPIO_EXTI_Callback
 .text.USART_SplitTextString
                0x080044b8      0x2d8 build/example_usart.o
                0x080044b8                USART_SplitTextString
 .text.USART_CheckTextCommandBundle
                0x08004790      0xbf8 build/example_usart.o
                0x08004790                USART_CheckTextCommandBundle
 .text.SaveMotorPositions
                0x08005388       0x30 build/example_usart.o
                0x08005388                SaveMotorPositions
 .text.Flash_WriteData
                0x080053b8       0x88 build/example_usart.o
                0x080053b8                Flash_WriteData
 .text.USART_DecodeTextString
                0x08005440      0x1ec build/example_usart.o
                0x08005440                USART_DecodeTextString
 .text.CompareTwoTextString
                0x0800562c       0x4e build/example_usart.o
                0x0800562c                CompareTwoTextString
 .text.str2num  0x0800567a       0x96 build/example_usart.o
                0x0800567a                str2num
 .text.USART_TxHelpMenu
                0x08005710      0x11c build/example_usart.o
                0x08005710                USART_TxHelpMenu
 .text.USART_Transmit
                0x0800582c       0x3e build/example_usart.o
                0x0800582c                USART_Transmit
 *fill*         0x0800586a        0x2 
 .text.USART_CheckAppCmd
                0x0800586c       0x48 build/example_usart.o
                0x0800586c                USART_CheckAppCmd
 .text.USART_ITCharManager
                0x080058b4       0xb0 build/example_usart.o
                0x080058b4                USART_ITCharManager
 .text.Fill_L6470_DaisyChainMnemonic
                0x08005964      0x19c build/example_usart.o
                0x08005964                Fill_L6470_DaisyChainMnemonic
 .text.num2hex  0x08005b00       0xc0 build/example_usart.o
                0x08005b00                num2hex
 .text.readMotorPositionFromFlash
                0x08005bc0       0x18 build/main.o
                0x08005bc0                readMotorPositionFromFlash
 .text.main     0x08005bd8       0x4c build/main.o
                0x08005bd8                main
 .text.assert_failed
                0x08005c24       0x16 build/main.o
                0x08005c24                assert_failed
 .text.HAL_MspInit
                0x08005c3a       0x1a build/stm32f4xx_hal_msp.o
                0x08005c3a                HAL_MspInit
 .text.HAL_SPI_MspInit
                0x08005c54      0x114 build/stm32f4xx_hal_msp.o
                0x08005c54                HAL_SPI_MspInit
 .text.HAL_UART_MspInit
                0x08005d68       0x88 build/stm32f4xx_hal_msp.o
                0x08005d68                HAL_UART_MspInit
 .text.SysTick_Handler
                0x08005df0       0x10 build/stm32f4xx_it.o
                0x08005df0                SysTick_Handler
 .text.EXTI1_IRQHandler
                0x08005e00        0xe build/stm32f4xx_it.o
                0x08005e00                EXTI1_IRQHandler
 .text.EXTI0_IRQHandler
                0x08005e0e        0xe build/stm32f4xx_it.o
                0x08005e0e                EXTI0_IRQHandler
 .text.USART2_IRQHandler
                0x08005e1c       0x18 build/stm32f4xx_it.o
                0x08005e1c                USART2_IRQHandler
 .text.EXTI15_10_IRQHandler
                0x08005e34       0x10 build/stm32f4xx_it.o
                0x08005e34                EXTI15_10_IRQHandler
 .text.Reset_Handler
                0x08005e44       0x50 build/startup_stm32f401xe.o
                0x08005e44                Reset_Handler
 .text.Default_Handler
                0x08005e94        0x2 build/startup_stm32f401xe.o
                0x08005e94                RTC_Alarm_IRQHandler
                0x08005e94                EXTI2_IRQHandler
                0x08005e94                DebugMon_Handler
                0x08005e94                SPI4_IRQHandler
                0x08005e94                TIM1_CC_IRQHandler
                0x08005e94                DMA2_Stream5_IRQHandler
                0x08005e94                HardFault_Handler
                0x08005e94                DMA1_Stream5_IRQHandler
                0x08005e94                PVD_IRQHandler
                0x08005e94                SDIO_IRQHandler
                0x08005e94                TAMP_STAMP_IRQHandler
                0x08005e94                PendSV_Handler
                0x08005e94                NMI_Handler
                0x08005e94                EXTI3_IRQHandler
                0x08005e94                TIM1_UP_TIM10_IRQHandler
                0x08005e94                I2C3_ER_IRQHandler
                0x08005e94                I2C2_EV_IRQHandler
                0x08005e94                DMA1_Stream2_IRQHandler
                0x08005e94                FPU_IRQHandler
                0x08005e94                UsageFault_Handler
                0x08005e94                DMA2_Stream2_IRQHandler
                0x08005e94                SPI1_IRQHandler
                0x08005e94                TIM1_BRK_TIM9_IRQHandler
                0x08005e94                DMA2_Stream3_IRQHandler
                0x08005e94                USART6_IRQHandler
                0x08005e94                DMA2_Stream0_IRQHandler
                0x08005e94                TIM4_IRQHandler
                0x08005e94                I2C1_EV_IRQHandler
                0x08005e94                DMA1_Stream6_IRQHandler
                0x08005e94                DMA1_Stream1_IRQHandler
                0x08005e94                TIM3_IRQHandler
                0x08005e94                RCC_IRQHandler
                0x08005e94                Default_Handler
                0x08005e94                ADC_IRQHandler
                0x08005e94                DMA1_Stream7_IRQHandler
                0x08005e94                TIM5_IRQHandler
                0x08005e94                DMA2_Stream7_IRQHandler
                0x08005e94                I2C3_EV_IRQHandler
                0x08005e94                EXTI9_5_IRQHandler
                0x08005e94                RTC_WKUP_IRQHandler
                0x08005e94                SPI2_IRQHandler
                0x08005e94                MemManage_Handler
                0x08005e94                DMA1_Stream0_IRQHandler
                0x08005e94                SVC_Handler
                0x08005e94                EXTI4_IRQHandler
                0x08005e94                WWDG_IRQHandler
                0x08005e94                TIM2_IRQHandler
                0x08005e94                OTG_FS_WKUP_IRQHandler
                0x08005e94                TIM1_TRG_COM_TIM11_IRQHandler
                0x08005e94                I2C2_ER_IRQHandler
                0x08005e94                DMA2_Stream1_IRQHandler
                0x08005e94                FLASH_IRQHandler
                0x08005e94                DMA2_Stream4_IRQHandler
                0x08005e94                BusFault_Handler
                0x08005e94                USART1_IRQHandler
                0x08005e94                OTG_FS_IRQHandler
                0x08005e94                SPI3_IRQHandler
                0x08005e94                DMA1_Stream4_IRQHandler
                0x08005e94                I2C1_ER_IRQHandler
                0x08005e94                DMA2_Stream6_IRQHandler
                0x08005e94                DMA1_Stream3_IRQHandler
 *fill*         0x08005e96        0x2 
 .text.__libc_init_array
                0x08005e98       0x48 c:/programdata/chocolatey/lib/gcc-arm-embedded/tools/gcc-arm-none-eabi-10.3-2021.10/bin/../lib/gcc/arm-none-eabi/10.3.1/../../../../arm-none-eabi/lib/thumb/v7e-m+fp/hard\libc_nano.a(lib_a-init.o)
                0x08005e98                __libc_init_array
 *(.glue_7)
 .glue_7        0x08005ee0        0x0 linker stubs
 *(.glue_7t)
 .glue_7t       0x08005ee0        0x0 linker stubs
 *(.eh_frame)
 .eh_frame      0x08005ee0        0x0 c:/programdata/chocolatey/lib/gcc-arm-embedded/tools/gcc-arm-none-eabi-10.3-2021.10/bin/../lib/gcc/arm-none-eabi/10.3.1/thumb/v7e-m+fp/hard/crtbegin.o
 *(.init)
 .init          0x08005ee0        0x4 c:/programdata/chocolatey/lib/gcc-arm-embedded/tools/gcc-arm-none-eabi-10.3-2021.10/bin/../lib/gcc/arm-none-eabi/10.3.1/thumb/v7e-m+fp/hard/crti.o
                0x08005ee0                _init
 .init          0x08005ee4        0x8 c:/programdata/chocolatey/lib/gcc-arm-embedded/tools/gcc-arm-none-eabi-10.3-2021.10/bin/../lib/gcc/arm-none-eabi/10.3.1/thumb/v7e-m+fp/hard/crtn.o
 *(.fini)
 .fini          0x08005eec        0x4 c:/programdata/chocolatey/lib/gcc-arm-embedded/tools/gcc-arm-none-eabi-10.3-2021.10/bin/../lib/gcc/arm-none-eabi/10.3.1/thumb/v7e-m+fp/hard/crti.o
                0x08005eec                _fini
 .fini          0x08005ef0        0x8 c:/programdata/chocolatey/lib/gcc-arm-embedded/tools/gcc-arm-none-eabi-10.3-2021.10/bin/../lib/gcc/arm-none-eabi/10.3.1/thumb/v7e-m+fp/hard/crtn.o
                0x08005ef8                . = ALIGN (0x4)
                0x08005ef8                _etext = .

.vfp11_veneer   0x08005ef8        0x0
 .vfp11_veneer  0x08005ef8        0x0 linker stubs

.v4_bx          0x08005ef8        0x0
 .v4_bx         0x08005ef8        0x0 linker stubs

.iplt           0x08005ef8        0x0
 .iplt          0x08005ef8        0x0 c:/programdata/chocolatey/lib/gcc-arm-embedded/tools/gcc-arm-none-eabi-10.3-2021.10/bin/../lib/gcc/arm-none-eabi/10.3.1/thumb/v7e-m+fp/hard/crtbegin.o

.rodata         0x08005ef8      0xc04
                0x08005ef8                . = ALIGN (0x4)
 *(.rodata)
 .rodata        0x08005ef8       0x38 build/stm32f4xx_hal_cortex.o
 .rodata        0x08005f30       0x3d build/stm32f4xx_hal_flash.o
 *fill*         0x08005f6d        0x3 
 .rodata        0x08005f70       0x3a build/stm32f4xx_hal_flash_ex.o
 *fill*         0x08005faa        0x2 
 .rodata        0x08005fac       0x36 build/stm32f4xx_hal_gpio.o
 *fill*         0x08005fe2        0x2 
 .rodata        0x08005fe4       0x35 build/stm32f4xx_hal_rcc.o
 *fill*         0x08006019        0x3 
 .rodata        0x0800601c       0x35 build/stm32f4xx_hal_spi.o
 *fill*         0x08006051        0x3 
 .rodata        0x08006054       0x36 build/stm32f4xx_hal_uart.o
 *fill*         0x0800608a        0x2 
 .rodata        0x0800608c      0x733 build/example_usart.o
 *(.rodata*)
 *fill*         0x080067bf        0x1 
 .rodata.L6470_Register
                0x080067c0      0x1f4 build/L6470.o
                0x080067c0                L6470_Register
 .rodata.L6470_ApplicationCommand
                0x080069b4      0x118 build/L6470.o
                0x080069b4                L6470_ApplicationCommand
 .rodata.L6470_Direction
                0x08006acc       0x12 build/L6470.o
                0x08006acc                L6470_Direction
 *fill*         0x08006ade        0x2 
 .rodata.L6470_ACT
                0x08006ae0        0xa build/L6470.o
                0x08006ae0                L6470_ACT
 *fill*         0x08006aea        0x2 
 .rodata.APBAHBPrescTable
                0x08006aec       0x10 build/stm32f4xx_hal_rcc.o
                0x08006aec                APBAHBPrescTable
                0x08006afc                . = ALIGN (0x4)

.rel.dyn        0x08006afc        0x0
 .rel.iplt      0x08006afc        0x0 c:/programdata/chocolatey/lib/gcc-arm-embedded/tools/gcc-arm-none-eabi-10.3-2021.10/bin/../lib/gcc/arm-none-eabi/10.3.1/thumb/v7e-m+fp/hard/crtbegin.o

.ARM.extab
 *(.ARM.extab* .gnu.linkonce.armextab.*)

.ARM            0x08006afc        0x0
                0x08006afc                __exidx_start = .
 *(.ARM.exidx*)
                0x08006afc                __exidx_end = .

.preinit_array  0x08006afc        0x0
                0x08006afc                PROVIDE (__preinit_array_start = .)
 *(.preinit_array*)
                0x08006afc                PROVIDE (__preinit_array_end = .)

.init_array     0x08006afc        0x4
                0x08006afc                PROVIDE (__init_array_start = .)
 *(SORT_BY_NAME(.init_array.*))
 *(.init_array*)
 .init_array    0x08006afc        0x4 c:/programdata/chocolatey/lib/gcc-arm-embedded/tools/gcc-arm-none-eabi-10.3-2021.10/bin/../lib/gcc/arm-none-eabi/10.3.1/thumb/v7e-m+fp/hard/crtbegin.o
                0x08006b00                PROVIDE (__init_array_end = .)

.fini_array     0x08006b00        0x4
                [!provide]                PROVIDE (__fini_array_start = .)
 *(SORT_BY_NAME(.fini_array.*))
 *(.fini_array*)
 .fini_array    0x08006b00        0x4 c:/programdata/chocolatey/lib/gcc-arm-embedded/tools/gcc-arm-none-eabi-10.3-2021.10/bin/../lib/gcc/arm-none-eabi/10.3.1/thumb/v7e-m+fp/hard/crtbegin.o
                [!provide]                PROVIDE (__fini_array_end = .)
                0x08006b04                _sidata = LOADADDR (.data)

.data           0x20000000       0x40 load address 0x08006b04
                0x20000000                . = ALIGN (0x4)
                0x20000000                _sdata = .
 *(.data)
 *(.data*)
 .data.GPIO_PORT
                0x20000000        0x4 build/stm32f4xx_nucleo.o
                0x20000000                GPIO_PORT
 .data.BUTTON_PORT
                0x20000004        0x4 build/stm32f4xx_nucleo.o
                0x20000004                BUTTON_PORT
 .data.L6470_nSTBY_nRST_GPIO
                0x20000008        0xc build/xnucleoihm02a1.o
                0x20000008                L6470_nSTBY_nRST_GPIO
 .data.L6470_nBUSY_SYNC_GPIO
                0x20000014        0xc build/xnucleoihm02a1.o
                0x20000014                L6470_nBUSY_SYNC_GPIO
 .data.L6470_nFLAG_GPIO
                0x20000020        0xc build/xnucleoihm02a1.o
                0x20000020                L6470_nFLAG_GPIO
 .data.L6470_nCS_GPIO_Array
                0x2000002c        0xc build/xnucleoihm02a1.o
                0x2000002c                L6470_nCS_GPIO_Array
 .data.SystemCoreClock
                0x20000038        0x4 build/system_stm32f4xx.o
                0x20000038                SystemCoreClock
 .data.lastButtonState.0
                0x2000003c        0x1 build/example.o
                0x20000040                . = ALIGN (0x4)
 *fill*         0x2000003d        0x3 
                0x20000040                _edata = .

.igot.plt       0x20000040        0x0 load address 0x08006b44
 .igot.plt      0x20000040        0x0 c:/programdata/chocolatey/lib/gcc-arm-embedded/tools/gcc-arm-none-eabi-10.3-2021.10/bin/../lib/gcc/arm-none-eabi/10.3.1/thumb/v7e-m+fp/hard/crtbegin.o
                0x20000040                . = ALIGN (0x4)

.bss            0x20000040      0x1e8 load address 0x08006b44
                0x20000040                _sbss = .
                0x20000040                __bss_start__ = _sbss
 *(.bss)
 .bss           0x20000040       0x1c c:/programdata/chocolatey/lib/gcc-arm-embedded/tools/gcc-arm-none-eabi-10.3-2021.10/bin/../lib/gcc/arm-none-eabi/10.3.1/thumb/v7e-m+fp/hard/crtbegin.o
 *(.bss*)
 .bss.L6470_AppCmdPkg
                0x2000005c       0x20 build/L6470.o
                0x2000005c                L6470_AppCmdPkg
 .bss.L6470_DaisyChainSpiTxStruct
                0x2000007c        0x8 build/L6470.o
                0x2000007c                L6470_DaisyChainSpiTxStruct
 .bss.L6470_DaisyChainSpiRxStruct
                0x20000084        0x8 build/L6470.o
                0x20000084                L6470_DaisyChainSpiRxStruct
 .bss.L6470_DaisyChain_HalfPrepared
                0x2000008c        0x1 build/L6470.o
                0x2000008c                L6470_DaisyChain_HalfPrepared
 .bss.delay_cnt
                0x2000008d        0x1 build/L6470.o
                0x2000008d                delay_cnt
 *fill*         0x2000008e        0x2 
 .bss.L6470_nCS_GPIO
                0x20000090        0xc build/xnucleoihm02a1.o
                0x20000090                L6470_nCS_GPIO
 .bss.hspi1     0x2000009c       0x58 build/xnucleoihm02a1_interface.o
                0x2000009c                hspi1
 .bss.uwTick    0x200000f4        0x4 build/stm32f4xx_hal.o
 .bss.pFlash    0x200000f8       0x20 build/stm32f4xx_hal_flash.o
                0x200000f8                pFlash
 .bss.huart2    0x20000118       0x40 build/example_usart.o
                0x20000118                huart2
 .bss.L6470_DaisyChainMnemonic
                0x20000158       0x1a build/example_usart.o
                0x20000158                L6470_DaisyChainMnemonic
 *fill*         0x20000172        0x2 
 .bss.UsartTextString
                0x20000174       0x40 build/example_usart.o
                0x20000174                UsartTextString
 .bss.L6470_TextCommandBundle
                0x200001b4       0x60 build/example_usart.o
                0x200001b4                L6470_TextCommandBundle
 .bss.ReceivedValue.1
                0x20000214        0x8 build/example_usart.o
 .bss.HexValue.0
                0x2000021c        0x9 build/example_usart.o
 *(COMMON)
                0x20000228                . = ALIGN (0x4)
 *fill*         0x20000225        0x3 
                0x20000228                _ebss = .
                0x20000228                __bss_end__ = _ebss

._user_heap_stack
                0x20000228      0x600 load address 0x08006b44
                0x20000228                . = ALIGN (0x8)
                [!provide]                PROVIDE (end = .)
                [!provide]                PROVIDE (_end = .)
                0x20000428                . = (. + _Min_Heap_Size)
 *fill*         0x20000228      0x200 
                0x20000828                . = (. + _Min_Stack_Size)
 *fill*         0x20000428      0x400 
                0x20000828                . = ALIGN (0x8)

/DISCARD/
 libc.a(*)
 libm.a(*)
 libgcc.a(*)

.ARM.attributes
                0x00000000       0x30
 *(.ARM.attributes)
 .ARM.attributes
                0x00000000       0x1e c:/programdata/chocolatey/lib/gcc-arm-embedded/tools/gcc-arm-none-eabi-10.3-2021.10/bin/../lib/gcc/arm-none-eabi/10.3.1/thumb/v7e-m+fp/hard/crti.o
 .ARM.attributes
                0x0000001e       0x34 c:/programdata/chocolatey/lib/gcc-arm-embedded/tools/gcc-arm-none-eabi-10.3-2021.10/bin/../lib/gcc/arm-none-eabi/10.3.1/thumb/v7e-m+fp/hard/crtbegin.o
 .ARM.attributes
                0x00000052       0x34 build/L6470.o
 .ARM.attributes
                0x00000086       0x34 build/stm32f4xx_nucleo.o
 .ARM.attributes
                0x000000ba       0x34 build/xnucleoihm02a1.o
 .ARM.attributes
                0x000000ee       0x34 build/xnucleoihm02a1_interface.o
 .ARM.attributes
                0x00000122       0x34 build/system_stm32f4xx.o
 .ARM.attributes
                0x00000156       0x34 build/stm32f4xx_hal.o
 .ARM.attributes
                0x0000018a       0x34 build/stm32f4xx_hal_cortex.o
 .ARM.attributes
                0x000001be       0x34 build/stm32f4xx_hal_flash.o
 .ARM.attributes
                0x000001f2       0x34 build/stm32f4xx_hal_flash_ex.o
 .ARM.attributes
                0x00000226       0x34 build/stm32f4xx_hal_gpio.o
 .ARM.attributes
                0x0000025a       0x34 build/stm32f4xx_hal_rcc.o
 .ARM.attributes
                0x0000028e       0x34 build/stm32f4xx_hal_spi.o
 .ARM.attributes
                0x000002c2       0x34 build/stm32f4xx_hal_uart.o
 .ARM.attributes
                0x000002f6       0x34 build/example.o
 .ARM.attributes
                0x0000032a       0x34 build/example_usart.o
 .ARM.attributes
                0x0000035e       0x34 build/main.o
 .ARM.attributes
                0x00000392       0x34 build/stm32f4xx_hal_msp.o
 .ARM.attributes
                0x000003c6       0x34 build/stm32f4xx_it.o
 .ARM.attributes
                0x000003fa       0x21 build/startup_stm32f401xe.o
 .ARM.attributes
                0x0000041b       0x34 c:/programdata/chocolatey/lib/gcc-arm-embedded/tools/gcc-arm-none-eabi-10.3-2021.10/bin/../lib/gcc/arm-none-eabi/10.3.1/../../../../arm-none-eabi/lib/thumb/v7e-m+fp/hard\libc_nano.a(lib_a-init.o)
 .ARM.attributes
                0x0000044f       0x1e c:/programdata/chocolatey/lib/gcc-arm-embedded/tools/gcc-arm-none-eabi-10.3-2021.10/bin/../lib/gcc/arm-none-eabi/10.3.1/thumb/v7e-m+fp/hard/crtn.o
OUTPUT(build/START.elf elf32-littlearm)
LOAD linker stubs
LOAD c:/programdata/chocolatey/lib/gcc-arm-embedded/tools/gcc-arm-none-eabi-10.3-2021.10/bin/../lib/gcc/arm-none-eabi/10.3.1/../../../../arm-none-eabi/lib/thumb/v7e-m+fp/hard\libc.a
LOAD c:/programdata/chocolatey/lib/gcc-arm-embedded/tools/gcc-arm-none-eabi-10.3-2021.10/bin/../lib/gcc/arm-none-eabi/10.3.1/../../../../arm-none-eabi/lib/thumb/v7e-m+fp/hard\libm.a
LOAD c:/programdata/chocolatey/lib/gcc-arm-embedded/tools/gcc-arm-none-eabi-10.3-2021.10/bin/../lib/gcc/arm-none-eabi/10.3.1/thumb/v7e-m+fp/hard\libgcc.a

.debug_info     0x00000000    0x112ef
 .debug_info    0x00000000     0x272a build/L6470.o
 .debug_info    0x0000272a     0x172f build/stm32f4xx_nucleo.o
 .debug_info    0x00003e59     0x1edf build/xnucleoihm02a1.o
 .debug_info    0x00005d38     0x122b build/xnucleoihm02a1_interface.o
 .debug_info    0x00006f63      0x569 build/system_stm32f4xx.o
 .debug_info    0x000074cc      0x889 build/stm32f4xx_hal.o
 .debug_info    0x00007d55      0xe16 build/stm32f4xx_hal_cortex.o
 .debug_info    0x00008b6b      0x600 build/stm32f4xx_hal_flash.o
 .debug_info    0x0000916b      0x915 build/stm32f4xx_hal_flash_ex.o
 .debug_info    0x00009a80      0x7fa build/stm32f4xx_hal_gpio.o
 .debug_info    0x0000a27a      0xbe8 build/stm32f4xx_hal_rcc.o
 .debug_info    0x0000ae62     0x118a build/stm32f4xx_hal_spi.o
 .debug_info    0x0000bfec     0x10d2 build/stm32f4xx_hal_uart.o
 .debug_info    0x0000d0be     0x150f build/example.o
 .debug_info    0x0000e5cd     0x12e3 build/example_usart.o
 .debug_info    0x0000f8b0      0x15e build/main.o
 .debug_info    0x0000fa0e     0x1283 build/stm32f4xx_hal_msp.o
 .debug_info    0x00010c91      0x63c build/stm32f4xx_it.o
 .debug_info    0x000112cd       0x22 build/startup_stm32f401xe.o

.debug_abbrev   0x00000000     0x2650
 .debug_abbrev  0x00000000      0x2e2 build/L6470.o
 .debug_abbrev  0x000002e2      0x292 build/stm32f4xx_nucleo.o
 .debug_abbrev  0x00000574      0x28d build/xnucleoihm02a1.o
 .debug_abbrev  0x00000801      0x212 build/xnucleoihm02a1_interface.o
 .debug_abbrev  0x00000a13      0x128 build/system_stm32f4xx.o
 .debug_abbrev  0x00000b3b      0x23a build/stm32f4xx_hal.o
 .debug_abbrev  0x00000d75      0x2ba build/stm32f4xx_hal_cortex.o
 .debug_abbrev  0x0000102f      0x221 build/stm32f4xx_hal_flash.o
 .debug_abbrev  0x00001250      0x28a build/stm32f4xx_hal_flash_ex.o
 .debug_abbrev  0x000014da      0x1c3 build/stm32f4xx_hal_gpio.o
 .debug_abbrev  0x0000169d      0x2bf build/stm32f4xx_hal_rcc.o
 .debug_abbrev  0x0000195c      0x245 build/stm32f4xx_hal_spi.o
 .debug_abbrev  0x00001ba1      0x243 build/stm32f4xx_hal_uart.o
 .debug_abbrev  0x00001de4      0x23b build/example.o
 .debug_abbrev  0x0000201f      0x2af build/example_usart.o
 .debug_abbrev  0x000022ce       0xbc build/main.o
 .debug_abbrev  0x0000238a      0x187 build/stm32f4xx_hal_msp.o
 .debug_abbrev  0x00002511      0x12d build/stm32f4xx_it.o
 .debug_abbrev  0x0000263e       0x12 build/startup_stm32f401xe.o

.debug_loc      0x00000000     0x769e
 .debug_loc     0x00000000     0x1820 build/L6470.o
 .debug_loc     0x00001820      0x7d4 build/stm32f4xx_nucleo.o
 .debug_loc     0x00001ff4      0xd28 build/xnucleoihm02a1.o
 .debug_loc     0x00002d1c      0x242 build/xnucleoihm02a1_interface.o
 .debug_loc     0x00002f5e       0xa0 build/system_stm32f4xx.o
 .debug_loc     0x00002ffe      0x5ac build/stm32f4xx_hal.o
 .debug_loc     0x000035aa      0x93c build/stm32f4xx_hal_cortex.o
 .debug_loc     0x00003ee6      0x4fc build/stm32f4xx_hal_flash.o
 .debug_loc     0x000043e2      0x6e0 build/stm32f4xx_hal_flash_ex.o
 .debug_loc     0x00004ac2      0x28c build/stm32f4xx_hal_gpio.o
 .debug_loc     0x00004d4e      0x432 build/stm32f4xx_hal_rcc.o
 .debug_loc     0x00005180      0xd1c build/stm32f4xx_hal_spi.o
 .debug_loc     0x00005e9c      0xcf0 build/stm32f4xx_hal_uart.o
 .debug_loc     0x00006b8c      0x218 build/example.o
 .debug_loc     0x00006da4      0x522 build/example_usart.o
 .debug_loc     0x000072c6       0xf0 build/main.o
 .debug_loc     0x000073b6      0x20c build/stm32f4xx_hal_msp.o
 .debug_loc     0x000075c2       0xdc build/stm32f4xx_it.o

.debug_aranges  0x00000000      0xdd8
 .debug_aranges
                0x00000000      0x260 build/L6470.o
 .debug_aranges
                0x00000260       0xf0 build/stm32f4xx_nucleo.o
 .debug_aranges
                0x00000350      0x170 build/xnucleoihm02a1.o
 .debug_aranges
                0x000004c0       0x60 build/xnucleoihm02a1_interface.o
 .debug_aranges
                0x00000520       0x28 build/system_stm32f4xx.o
 .debug_aranges
                0x00000548       0xc0 build/stm32f4xx_hal.o
 .debug_aranges
                0x00000608      0x108 build/stm32f4xx_hal_cortex.o
 .debug_aranges
                0x00000710       0xa0 build/stm32f4xx_hal_flash.o
 .debug_aranges
                0x000007b0       0xc8 build/stm32f4xx_hal_flash_ex.o
 .debug_aranges
                0x00000878       0x58 build/stm32f4xx_hal_gpio.o
 .debug_aranges
                0x000008d0       0x88 build/stm32f4xx_hal_rcc.o
 .debug_aranges
                0x00000958      0x158 build/stm32f4xx_hal_spi.o
 .debug_aranges
                0x00000ab0      0x150 build/stm32f4xx_hal_uart.o
 .debug_aranges
                0x00000c00       0x50 build/example.o
 .debug_aranges
                0x00000c50       0xa0 build/example_usart.o
 .debug_aranges
                0x00000cf0       0x30 build/main.o
 .debug_aranges
                0x00000d20       0x50 build/stm32f4xx_hal_msp.o
 .debug_aranges
                0x00000d70       0x40 build/stm32f4xx_it.o
 .debug_aranges
                0x00000db0       0x28 build/startup_stm32f401xe.o

.debug_ranges   0x00000000      0xcb0
 .debug_ranges  0x00000000      0x250 build/L6470.o
 .debug_ranges  0x00000250       0xe0 build/stm32f4xx_nucleo.o
 .debug_ranges  0x00000330      0x160 build/xnucleoihm02a1.o
 .debug_ranges  0x00000490       0x50 build/xnucleoihm02a1_interface.o
 .debug_ranges  0x000004e0       0x18 build/system_stm32f4xx.o
 .debug_ranges  0x000004f8       0xb0 build/stm32f4xx_hal.o
 .debug_ranges  0x000005a8       0xf8 build/stm32f4xx_hal_cortex.o
 .debug_ranges  0x000006a0       0x90 build/stm32f4xx_hal_flash.o
 .debug_ranges  0x00000730       0xb8 build/stm32f4xx_hal_flash_ex.o
 .debug_ranges  0x000007e8       0x48 build/stm32f4xx_hal_gpio.o
 .debug_ranges  0x00000830       0x78 build/stm32f4xx_hal_rcc.o
 .debug_ranges  0x000008a8      0x148 build/stm32f4xx_hal_spi.o
 .debug_ranges  0x000009f0      0x140 build/stm32f4xx_hal_uart.o
 .debug_ranges  0x00000b30       0x40 build/example.o
 .debug_ranges  0x00000b70       0x90 build/example_usart.o
 .debug_ranges  0x00000c00       0x20 build/main.o
 .debug_ranges  0x00000c20       0x40 build/stm32f4xx_hal_msp.o
 .debug_ranges  0x00000c60       0x30 build/stm32f4xx_it.o
 .debug_ranges  0x00000c90       0x20 build/startup_stm32f401xe.o

.debug_line     0x00000000     0xa0ee
 .debug_line    0x00000000     0x1167 build/L6470.o
 .debug_line    0x00001167      0x778 build/stm32f4xx_nucleo.o
 .debug_line    0x000018df      0x887 build/xnucleoihm02a1.o
 .debug_line    0x00002166      0x50b build/xnucleoihm02a1_interface.o
 .debug_line    0x00002671      0x2a2 build/system_stm32f4xx.o
 .debug_line    0x00002913      0x46e build/stm32f4xx_hal.o
 .debug_line    0x00002d81      0x8f7 build/stm32f4xx_hal_cortex.o
 .debug_line    0x00003678      0x5ab build/stm32f4xx_hal_flash.o
 .debug_line    0x00003c23      0x809 build/stm32f4xx_hal_flash_ex.o
 .debug_line    0x0000442c      0x78a build/stm32f4xx_hal_gpio.o
 .debug_line    0x00004bb6      0xc6a build/stm32f4xx_hal_rcc.o
 .debug_line    0x00005820     0x160d build/stm32f4xx_hal_spi.o
 .debug_line    0x00006e2d     0x1178 build/stm32f4xx_hal_uart.o
 .debug_line    0x00007fa5      0x72f build/example.o
 .debug_line    0x000086d4     0x1122 build/example_usart.o
 .debug_line    0x000097f6      0x1d2 build/main.o
 .debug_line    0x000099c8      0x39d build/stm32f4xx_hal_msp.o
 .debug_line    0x00009d65      0x2de build/stm32f4xx_it.o
 .debug_line    0x0000a043       0xab build/startup_stm32f401xe.o

.debug_str      0x00000000     0x43a0
 .debug_str     0x00000000     0x12c3 build/L6470.o
                               0x17d7 (size before relaxing)
 .debug_str     0x000012c3      0xae8 build/stm32f4xx_nucleo.o
                               0x118b (size before relaxing)
 .debug_str     0x00001dab      0x490 build/xnucleoihm02a1.o
                               0x12d7 (size before relaxing)
 .debug_str     0x0000223b      0x36d build/xnucleoihm02a1_interface.o
                                0xdaa (size before relaxing)
 .debug_str     0x000025a8       0xe6 build/system_stm32f4xx.o
                                0x373 (size before relaxing)
 .debug_str     0x0000268e      0x252 build/stm32f4xx_hal.o
                                0x8aa (size before relaxing)
 .debug_str     0x000028e0      0x378 build/stm32f4xx_hal_cortex.o
                                0xa79 (size before relaxing)
 .debug_str     0x00002c58      0x291 build/stm32f4xx_hal_flash.o
                                0x4fb (size before relaxing)
 .debug_str     0x00002ee9      0x320 build/stm32f4xx_hal_flash_ex.o
                                0x642 (size before relaxing)
 .debug_str     0x00003209      0x155 build/stm32f4xx_hal_gpio.o
                                0x4c2 (size before relaxing)
 .debug_str     0x0000335e      0x198 build/stm32f4xx_hal_rcc.o
                                0x676 (size before relaxing)
 .debug_str     0x000034f6      0x3a5 build/stm32f4xx_hal_spi.o
                                0xa24 (size before relaxing)
 .debug_str     0x0000389b      0x368 build/stm32f4xx_hal_uart.o
                                0x9e9 (size before relaxing)
 .debug_str     0x00003c03      0x173 build/example.o
                                0xf37 (size before relaxing)
 .debug_str     0x00003d76      0x40c build/example_usart.o
                               0x1059 (size before relaxing)
 .debug_str     0x00004182       0x91 build/main.o
                                0x238 (size before relaxing)
 .debug_str     0x00004213       0x80 build/stm32f4xx_hal_msp.o
                                0xfb3 (size before relaxing)
 .debug_str     0x00004293       0xb2 build/stm32f4xx_it.o
                                0x689 (size before relaxing)
 .debug_str     0x00004345       0x5b build/startup_stm32f401xe.o
                                 0x7e (size before relaxing)

.comment        0x00000000       0x49
 .comment       0x00000000       0x49 build/L6470.o
                                 0x4a (size before relaxing)
 .comment       0x00000049       0x4a build/stm32f4xx_nucleo.o
 .comment       0x00000049       0x4a build/xnucleoihm02a1.o
 .comment       0x00000049       0x4a build/xnucleoihm02a1_interface.o
 .comment       0x00000049       0x4a build/system_stm32f4xx.o
 .comment       0x00000049       0x4a build/stm32f4xx_hal.o
 .comment       0x00000049       0x4a build/stm32f4xx_hal_cortex.o
 .comment       0x00000049       0x4a build/stm32f4xx_hal_flash.o
 .comment       0x00000049       0x4a build/stm32f4xx_hal_flash_ex.o
 .comment       0x00000049       0x4a build/stm32f4xx_hal_gpio.o
 .comment       0x00000049       0x4a build/stm32f4xx_hal_rcc.o
 .comment       0x00000049       0x4a build/stm32f4xx_hal_spi.o
 .comment       0x00000049       0x4a build/stm32f4xx_hal_uart.o
 .comment       0x00000049       0x4a build/example.o
 .comment       0x00000049       0x4a build/example_usart.o
 .comment       0x00000049       0x4a build/main.o
 .comment       0x00000049       0x4a build/stm32f4xx_hal_msp.o
 .comment       0x00000049       0x4a build/stm32f4xx_it.o

.debug_frame    0x00000000     0x3794
 .debug_frame   0x00000000      0xad0 build/L6470.o
 .debug_frame   0x00000ad0      0x3b8 build/stm32f4xx_nucleo.o
 .debug_frame   0x00000e88      0x614 build/xnucleoihm02a1.o
 .debug_frame   0x0000149c      0x134 build/xnucleoihm02a1_interface.o
 .debug_frame   0x000015d0       0x58 build/system_stm32f4xx.o
 .debug_frame   0x00001628      0x2c0 build/stm32f4xx_hal.o
 .debug_frame   0x000018e8      0x44c build/stm32f4xx_hal_cortex.o
 .debug_frame   0x00001d34      0x25c build/stm32f4xx_hal_flash.o
 .debug_frame   0x00001f90      0x328 build/stm32f4xx_hal_flash_ex.o
 .debug_frame   0x000022b8      0x138 build/stm32f4xx_hal_gpio.o
 .debug_frame   0x000023f0      0x204 build/stm32f4xx_hal_rcc.o
 .debug_frame   0x000025f4      0x5f4 build/stm32f4xx_hal_spi.o
 .debug_frame   0x00002be8      0x5d4 build/stm32f4xx_hal_uart.o
 .debug_frame   0x000031bc      0x10c build/example.o
 .debug_frame   0x000032c8      0x280 build/example_usart.o
 .debug_frame   0x00003548       0x80 build/main.o
 .debug_frame   0x000035c8      0x104 build/stm32f4xx_hal_msp.o
 .debug_frame   0x000036cc       0x9c build/stm32f4xx_it.o
 .debug_frame   0x00003768       0x2c c:/programdata/chocolatey/lib/gcc-arm-embedded/tools/gcc-arm-none-eabi-10.3-2021.10/bin/../lib/gcc/arm-none-eabi/10.3.1/../../../../arm-none-eabi/lib/thumb/v7e-m+fp/hard\libc_nano.a(lib_a-init.o)

Cross Reference Table

Symbol                                            File
ADC_IRQHandler                                    build/startup_stm32f401xe.o
AHBPrescTable                                     build/system_stm32f4xx.o
APBAHBPrescTable                                  build/stm32f4xx_hal_rcc.o
AbsPos_2_Position                                 build/L6470.o
Acc_2_Step_s2                                     build/L6470.o
BSP_0_Config                                      build/xnucleoihm02a1.o
BSP_1_Config                                      build/xnucleoihm02a1.o
BSP_2_Config                                      build/xnucleoihm02a1.o
BSP_3_Config                                      build/xnucleoihm02a1.o
BSP_Config                                        build/xnucleoihm02a1.o
BSP_EmergencyStop                                 build/xnucleoihm02a1.o
                                                  build/example.o
BSP_GetExpansionBoardHandle                       build/xnucleoihm02a1.o
                                                  build/example.o
BSP_GetVersion                                    build/stm32f4xx_nucleo.o
BSP_IRQ                                           build/xnucleoihm02a1.o
BSP_Init                                          build/xnucleoihm02a1.o
                                                  build/main.o
BSP_JOY_GetState                                  build/stm32f4xx_nucleo.o
BSP_JOY_Init                                      build/stm32f4xx_nucleo.o
BSP_L6470_0_0_Config                              build/xnucleoihm02a1.o
BSP_L6470_0_1_Config                              build/xnucleoihm02a1.o
BSP_L6470_1_0_Config                              build/xnucleoihm02a1.o
BSP_L6470_1_1_Config                              build/xnucleoihm02a1.o
BSP_L6470_2_0_Config                              build/xnucleoihm02a1.o
BSP_L6470_2_1_Config                              build/xnucleoihm02a1.o
BSP_L6470_3_0_Config                              build/xnucleoihm02a1.o
BSP_L6470_3_1_Config                              build/xnucleoihm02a1.o
BSP_L6470_BusySynchEventManager                   build/xnucleoihm02a1.o
                                                  build/example.o
BSP_L6470_CheckStatusRegisterFlag                 build/xnucleoihm02a1.o
BSP_L6470_FlagEventManager                        build/xnucleoihm02a1.o
                                                  build/example.o
BSP_L6470_GetParam                                build/xnucleoihm02a1.o
                                                  build/example_usart.o
BSP_L6470_GetStatus                               build/xnucleoihm02a1.o
BSP_L6470_GoHome                                  build/xnucleoihm02a1.o
                                                  build/example.o
BSP_L6470_GoMark                                  build/xnucleoihm02a1.o
BSP_L6470_GoTo                                    build/xnucleoihm02a1.o
                                                  build/main.o
BSP_L6470_GoToDir                                 build/xnucleoihm02a1.o
BSP_L6470_GoUntil                                 build/xnucleoihm02a1.o
BSP_L6470_HardHiZ                                 build/xnucleoihm02a1.o
BSP_L6470_HardStop                                build/xnucleoihm02a1.o
BSP_L6470_Init                                    build/xnucleoihm02a1.o
BSP_L6470_Move                                    build/xnucleoihm02a1.o
BSP_L6470_PerformPreparedApplicationCommand       build/xnucleoihm02a1.o
BSP_L6470_ReleaseSW                               build/xnucleoihm02a1.o
BSP_L6470_ResetDevice                             build/xnucleoihm02a1.o
BSP_L6470_ResetPos                                build/xnucleoihm02a1.o
BSP_L6470_Run                                     build/xnucleoihm02a1.o
BSP_L6470_SetParam                                build/xnucleoihm02a1.o
BSP_L6470_SoftHiZ                                 build/xnucleoihm02a1.o
BSP_L6470_SoftStop                                build/xnucleoihm02a1.o
BSP_L6470_StepClock                               build/xnucleoihm02a1.o
BSP_LED_Init                                      build/stm32f4xx_nucleo.o
                                                  build/xnucleoihm02a1_interface.o
BSP_LED_Off                                       build/stm32f4xx_nucleo.o
                                                  build/xnucleoihm02a1_interface.o
BSP_LED_On                                        build/stm32f4xx_nucleo.o
                                                  build/example.o
                                                  build/xnucleoihm02a1_interface.o
BSP_LED_Toggle                                    build/stm32f4xx_nucleo.o
BSP_NUCLEO_GPIO_Init                              build/xnucleoihm02a1.o
BSP_PB_GetState                                   build/stm32f4xx_nucleo.o
BSP_PB_Init                                       build/stm32f4xx_nucleo.o
                                                  build/xnucleoihm02a1_interface.o
BSP_ST1S14_PGOOD                                  build/example.o
BSP_Select                                        build/xnucleoihm02a1.o
                                                  build/example_usart.o
BUTTON_IRQn                                       build/stm32f4xx_nucleo.o
BUTTON_PIN                                        build/stm32f4xx_nucleo.o
BUTTON_PORT                                       build/stm32f4xx_nucleo.o
BusFault_Handler                                  build/startup_stm32f401xe.o
CompareTwoTextString                              build/example_usart.o
ControlMotorWithButton                            build/example.o
DMA1_Stream0_IRQHandler                           build/startup_stm32f401xe.o
DMA1_Stream1_IRQHandler                           build/startup_stm32f401xe.o
DMA1_Stream2_IRQHandler                           build/startup_stm32f401xe.o
DMA1_Stream3_IRQHandler                           build/startup_stm32f401xe.o
DMA1_Stream4_IRQHandler                           build/startup_stm32f401xe.o
DMA1_Stream5_IRQHandler                           build/startup_stm32f401xe.o
DMA1_Stream6_IRQHandler                           build/startup_stm32f401xe.o
DMA1_Stream7_IRQHandler                           build/startup_stm32f401xe.o
DMA2_Stream0_IRQHandler                           build/startup_stm32f401xe.o
DMA2_Stream1_IRQHandler                           build/startup_stm32f401xe.o
DMA2_Stream2_IRQHandler                           build/startup_stm32f401xe.o
DMA2_Stream3_IRQHandler                           build/startup_stm32f401xe.o
DMA2_Stream4_IRQHandler                           build/startup_stm32f401xe.o
DMA2_Stream5_IRQHandler                           build/startup_stm32f401xe.o
DMA2_Stream6_IRQHandler                           build/startup_stm32f401xe.o
DMA2_Stream7_IRQHandler                           build/startup_stm32f401xe.o
DebugMon_Handler                                  build/startup_stm32f401xe.o
Dec_2_Step_s2                                     build/L6470.o
Default_Handler                                   build/startup_stm32f401xe.o
EXPBRD_ID                                         build/xnucleoihm02a1.o
                                                  build/example_usart.o
                                                  build/example.o
EXTI0_IRQHandler                                  build/stm32f4xx_it.o
EXTI15_10_IRQHandler                              build/stm32f4xx_it.o
EXTI1_IRQHandler                                  build/stm32f4xx_it.o
EXTI2_IRQHandler                                  build/startup_stm32f401xe.o
EXTI3_IRQHandler                                  build/startup_stm32f401xe.o
EXTI4_IRQHandler                                  build/startup_stm32f401xe.o
EXTI9_5_IRQHandler                                build/startup_stm32f401xe.o
FLASH_Erase_Sector                                build/stm32f4xx_hal_flash_ex.o
                                                  build/stm32f4xx_hal_flash.o
FLASH_FlushCaches                                 build/stm32f4xx_hal_flash_ex.o
                                                  build/stm32f4xx_hal_flash.o
FLASH_IRQHandler                                  build/startup_stm32f401xe.o
FLASH_WaitForLastOperation                        build/stm32f4xx_hal_flash.o
                                                  build/stm32f4xx_hal_flash_ex.o
FPU_IRQHandler                                    build/startup_stm32f401xe.o
Fill_L6470_DaisyChainMnemonic                     build/example_usart.o
                                                  build/main.o
Flash_WriteData                                   build/example_usart.o
FnSlpAcc_2_s_Step                                 build/L6470.o
FnSlpDec_2_s_Step                                 build/L6470.o
FsSpd_2_Step_s                                    build/L6470.o
GPIO_PIN                                          build/stm32f4xx_nucleo.o
GPIO_PORT                                         build/stm32f4xx_nucleo.o
GetMotorParameterInitData                         build/params.o
                                                  build/example.o
HAL_ADCEx_InjectedConfigChannel                   build/stm32f4xx_hal_adc_ex.o
HAL_ADCEx_InjectedConvCpltCallback                build/stm32f4xx_hal_adc_ex.o
                                                  build/stm32f4xx_hal_adc.o
HAL_ADCEx_InjectedGetValue                        build/stm32f4xx_hal_adc_ex.o
HAL_ADCEx_InjectedPollForConversion               build/stm32f4xx_hal_adc_ex.o
HAL_ADCEx_InjectedStart                           build/stm32f4xx_hal_adc_ex.o
HAL_ADCEx_InjectedStart_IT                        build/stm32f4xx_hal_adc_ex.o
HAL_ADCEx_InjectedStop                            build/stm32f4xx_hal_adc_ex.o
HAL_ADCEx_InjectedStop_IT                         build/stm32f4xx_hal_adc_ex.o
HAL_ADCEx_MultiModeConfigChannel                  build/stm32f4xx_hal_adc_ex.o
HAL_ADCEx_MultiModeGetValue                       build/stm32f4xx_hal_adc_ex.o
HAL_ADCEx_MultiModeStart_DMA                      build/stm32f4xx_hal_adc_ex.o
HAL_ADCEx_MultiModeStop_DMA                       build/stm32f4xx_hal_adc_ex.o
HAL_ADC_AnalogWDGConfig                           build/stm32f4xx_hal_adc.o
HAL_ADC_ConfigChannel                             build/stm32f4xx_hal_adc.o
                                                  build/xnucleoihm02a1_interface.o
                                                  build/stm32f4xx_nucleo.o
HAL_ADC_ConvCpltCallback                          build/stm32f4xx_hal_adc.o
                                                  build/stm32f4xx_hal_adc_ex.o
HAL_ADC_ConvHalfCpltCallback                      build/stm32f4xx_hal_adc.o
                                                  build/stm32f4xx_hal_adc_ex.o
HAL_ADC_DeInit                                    build/stm32f4xx_hal_adc.o
HAL_ADC_ErrorCallback                             build/stm32f4xx_hal_adc.o
                                                  build/stm32f4xx_hal_adc_ex.o
HAL_ADC_GetError                                  build/stm32f4xx_hal_adc.o
HAL_ADC_GetState                                  build/stm32f4xx_hal_adc.o
                                                  build/stm32f4xx_nucleo.o
HAL_ADC_GetValue                                  build/stm32f4xx_hal_adc.o
                                                  build/stm32f4xx_nucleo.o
HAL_ADC_IRQHandler                                build/stm32f4xx_hal_adc.o
HAL_ADC_Init                                      build/stm32f4xx_hal_adc.o
                                                  build/xnucleoihm02a1_interface.o
                                                  build/stm32f4xx_nucleo.o
HAL_ADC_LevelOutOfWindowCallback                  build/stm32f4xx_hal_adc.o
HAL_ADC_MspDeInit                                 build/stm32f4xx_hal_msp.o
                                                  build/stm32f4xx_hal_adc.o
HAL_ADC_MspInit                                   build/stm32f4xx_hal_msp.o
                                                  build/stm32f4xx_hal_adc.o
HAL_ADC_PollForConversion                         build/stm32f4xx_hal_adc.o
                                                  build/stm32f4xx_nucleo.o
HAL_ADC_PollForEvent                              build/stm32f4xx_hal_adc.o
HAL_ADC_Start                                     build/stm32f4xx_hal_adc.o
                                                  build/stm32f4xx_nucleo.o
HAL_ADC_Start_DMA                                 build/stm32f4xx_hal_adc.o
HAL_ADC_Start_IT                                  build/stm32f4xx_hal_adc.o
HAL_ADC_Stop                                      build/stm32f4xx_hal_adc.o
HAL_ADC_Stop_DMA                                  build/stm32f4xx_hal_adc.o
HAL_ADC_Stop_IT                                   build/stm32f4xx_hal_adc.o
HAL_DBGMCU_DisableDBGSleepMode                    build/stm32f4xx_hal.o
HAL_DBGMCU_DisableDBGStandbyMode                  build/stm32f4xx_hal.o
HAL_DBGMCU_DisableDBGStopMode                     build/stm32f4xx_hal.o
HAL_DBGMCU_EnableDBGSleepMode                     build/stm32f4xx_hal.o
HAL_DBGMCU_EnableDBGStandbyMode                   build/stm32f4xx_hal.o
HAL_DBGMCU_EnableDBGStopMode                      build/stm32f4xx_hal.o
HAL_DMAEx_ChangeMemory                            build/stm32f4xx_hal_dma_ex.o
HAL_DMAEx_MultiBufferStart                        build/stm32f4xx_hal_dma_ex.o
HAL_DMAEx_MultiBufferStart_IT                     build/stm32f4xx_hal_dma_ex.o
HAL_DMA_Abort                                     build/stm32f4xx_hal_dma.o
                                                  build/stm32f4xx_hal_uart.o
                                                  build/stm32f4xx_hal_spi.o
                                                  build/stm32f4xx_hal_adc_ex.o
                                                  build/stm32f4xx_hal_adc.o
HAL_DMA_DeInit                                    build/stm32f4xx_hal_dma.o
HAL_DMA_GetError                                  build/stm32f4xx_hal_dma.o
HAL_DMA_GetState                                  build/stm32f4xx_hal_dma.o
HAL_DMA_IRQHandler                                build/stm32f4xx_hal_dma.o
HAL_DMA_Init                                      build/stm32f4xx_hal_dma.o
HAL_DMA_PollForTransfer                           build/stm32f4xx_hal_dma.o
HAL_DMA_Start                                     build/stm32f4xx_hal_dma.o
HAL_DMA_Start_IT                                  build/stm32f4xx_hal_dma.o
                                                  build/stm32f4xx_hal_uart.o
                                                  build/stm32f4xx_hal_spi.o
                                                  build/stm32f4xx_hal_adc_ex.o
                                                  build/stm32f4xx_hal_adc.o
HAL_DeInit                                        build/stm32f4xx_hal.o
HAL_Delay                                         build/stm32f4xx_hal.o
                                                  build/example.o
                                                  build/xnucleoihm02a1_interface.o
                                                  build/stm32f4xx_nucleo.o
HAL_DisableCompensationCell                       build/stm32f4xx_hal.o
HAL_EnableCompensationCell                        build/stm32f4xx_hal.o
HAL_FLASHEx_AdvOBGetConfig                        build/stm32f4xx_hal_flash_ex.o
HAL_FLASHEx_AdvOBProgram                          build/stm32f4xx_hal_flash_ex.o
HAL_FLASHEx_Erase                                 build/stm32f4xx_hal_flash_ex.o
                                                  build/example_usart.o
HAL_FLASHEx_Erase_IT                              build/stm32f4xx_hal_flash_ex.o
HAL_FLASHEx_OBGetConfig                           build/stm32f4xx_hal_flash_ex.o
HAL_FLASHEx_OBProgram                             build/stm32f4xx_hal_flash_ex.o
HAL_FLASHEx_OB_DeSelectPCROP                      build/stm32f4xx_hal_flash_ex.o
HAL_FLASHEx_OB_SelectPCROP                        build/stm32f4xx_hal_flash_ex.o
HAL_FLASH_EndOfOperationCallback                  build/stm32f4xx_hal_flash.o
HAL_FLASH_GetError                                build/stm32f4xx_hal_flash.o
HAL_FLASH_IRQHandler                              build/stm32f4xx_hal_flash.o
HAL_FLASH_Lock                                    build/stm32f4xx_hal_flash.o
                                                  build/example_usart.o
HAL_FLASH_OB_Launch                               build/stm32f4xx_hal_flash.o
HAL_FLASH_OB_Lock                                 build/stm32f4xx_hal_flash.o
HAL_FLASH_OB_Unlock                               build/stm32f4xx_hal_flash.o
HAL_FLASH_OperationErrorCallback                  build/stm32f4xx_hal_flash.o
HAL_FLASH_Program                                 build/stm32f4xx_hal_flash.o
                                                  build/example_usart.o
HAL_FLASH_Program_IT                              build/stm32f4xx_hal_flash.o
HAL_FLASH_Unlock                                  build/stm32f4xx_hal_flash.o
                                                  build/example_usart.o
HAL_GPIO_DeInit                                   build/stm32f4xx_hal_gpio.o
                                                  build/stm32f4xx_hal_msp.o
HAL_GPIO_EXTI_Callback                            build/example.o
                                                  build/stm32f4xx_hal_gpio.o
HAL_GPIO_EXTI_IRQHandler                          build/stm32f4xx_hal_gpio.o
                                                  build/stm32f4xx_it.o
HAL_GPIO_Init                                     build/stm32f4xx_hal_gpio.o
                                                  build/stm32f4xx_hal_msp.o
                                                  build/stm32f4xx_hal_rcc.o
                                                  build/xnucleoihm02a1.o
                                                  build/stm32f4xx_nucleo.o
HAL_GPIO_LockPin                                  build/stm32f4xx_hal_gpio.o
HAL_GPIO_ReadPin                                  build/stm32f4xx_hal_gpio.o
                                                  build/example.o
                                                  build/stm32f4xx_nucleo.o
HAL_GPIO_TogglePin                                build/stm32f4xx_hal_gpio.o
                                                  build/stm32f4xx_nucleo.o
HAL_GPIO_WritePin                                 build/stm32f4xx_hal_gpio.o
                                                  build/xnucleoihm02a1.o
                                                  build/stm32f4xx_nucleo.o
                                                  build/L6470.o
HAL_GetDEVID                                      build/stm32f4xx_hal.o
HAL_GetHalVersion                                 build/stm32f4xx_hal.o
HAL_GetREVID                                      build/stm32f4xx_hal.o
HAL_GetTick                                       build/stm32f4xx_hal.o
                                                  build/stm32f4xx_hal_uart.o
                                                  build/stm32f4xx_hal_spi.o
                                                  build/stm32f4xx_hal_rcc_ex.o
                                                  build/stm32f4xx_hal_rcc.o
                                                  build/stm32f4xx_hal_pwr_ex.o
                                                  build/stm32f4xx_hal_flash.o
                                                  build/stm32f4xx_hal_dma.o
                                                  build/stm32f4xx_hal_adc_ex.o
                                                  build/stm32f4xx_hal_adc.o
HAL_HalfDuplex_EnableReceiver                     build/stm32f4xx_hal_uart.o
HAL_HalfDuplex_EnableTransmitter                  build/stm32f4xx_hal_uart.o
HAL_HalfDuplex_Init                               build/stm32f4xx_hal_uart.o
HAL_IncTick                                       build/stm32f4xx_hal.o
                                                  build/stm32f4xx_it.o
HAL_Init                                          build/stm32f4xx_hal.o
                                                  build/xnucleoihm02a1_interface.o
HAL_InitTick                                      build/stm32f4xx_hal.o
                                                  build/stm32f4xx_hal_rcc.o
HAL_LIN_Init                                      build/stm32f4xx_hal_uart.o
HAL_LIN_SendBreak                                 build/stm32f4xx_hal_uart.o
HAL_MPU_ConfigRegion                              build/stm32f4xx_hal_cortex.o
HAL_MspDeInit                                     build/stm32f4xx_hal.o
HAL_MspInit                                       build/stm32f4xx_hal_msp.o
                                                  build/stm32f4xx_hal.o
HAL_MultiProcessor_EnterMuteMode                  build/stm32f4xx_hal_uart.o
HAL_MultiProcessor_ExitMuteMode                   build/stm32f4xx_hal_uart.o
HAL_MultiProcessor_Init                           build/stm32f4xx_hal_uart.o
HAL_NVIC_ClearPendingIRQ                          build/stm32f4xx_hal_cortex.o
HAL_NVIC_DisableIRQ                               build/stm32f4xx_hal_cortex.o
                                                  build/stm32f4xx_hal_msp.o
                                                  build/xnucleoihm02a1.o
HAL_NVIC_EnableIRQ                                build/stm32f4xx_hal_cortex.o
                                                  build/stm32f4xx_hal_msp.o
                                                  build/xnucleoihm02a1.o
                                                  build/stm32f4xx_nucleo.o
HAL_NVIC_GetActive                                build/stm32f4xx_hal_cortex.o
HAL_NVIC_GetPendingIRQ                            build/stm32f4xx_hal_cortex.o
HAL_NVIC_GetPriority                              build/stm32f4xx_hal_cortex.o
HAL_NVIC_GetPriorityGrouping                      build/stm32f4xx_hal_cortex.o
HAL_NVIC_SetPendingIRQ                            build/stm32f4xx_hal_cortex.o
HAL_NVIC_SetPriority                              build/stm32f4xx_hal_cortex.o
                                                  build/stm32f4xx_hal_msp.o
                                                  build/stm32f4xx_hal.o
                                                  build/xnucleoihm02a1.o
                                                  build/stm32f4xx_nucleo.o
HAL_NVIC_SetPriorityGrouping                      build/stm32f4xx_hal_cortex.o
                                                  build/stm32f4xx_hal_msp.o
                                                  build/stm32f4xx_hal.o
HAL_NVIC_SystemReset                              build/stm32f4xx_hal_cortex.o
HAL_PWREx_ControlVoltageScaling                   build/stm32f4xx_hal_pwr_ex.o
HAL_PWREx_DisableBkUpReg                          build/stm32f4xx_hal_pwr_ex.o
HAL_PWREx_DisableFlashPowerDown                   build/stm32f4xx_hal_pwr_ex.o
HAL_PWREx_DisableLowRegulatorLowVoltage           build/stm32f4xx_hal_pwr_ex.o
HAL_PWREx_DisableMainRegulatorLowVoltage          build/stm32f4xx_hal_pwr_ex.o
HAL_PWREx_EnableBkUpReg                           build/stm32f4xx_hal_pwr_ex.o
HAL_PWREx_EnableFlashPowerDown                    build/stm32f4xx_hal_pwr_ex.o
HAL_PWREx_EnableLowRegulatorLowVoltage            build/stm32f4xx_hal_pwr_ex.o
HAL_PWREx_EnableMainRegulatorLowVoltage           build/stm32f4xx_hal_pwr_ex.o
HAL_PWREx_GetVoltageRange                         build/stm32f4xx_hal_pwr_ex.o
HAL_PWR_ConfigPVD                                 build/stm32f4xx_hal_pwr.o
HAL_PWR_DeInit                                    build/stm32f4xx_hal_pwr.o
HAL_PWR_DisableBkUpAccess                         build/stm32f4xx_hal_pwr.o
HAL_PWR_DisablePVD                                build/stm32f4xx_hal_pwr.o
HAL_PWR_DisableSEVOnPend                          build/stm32f4xx_hal_pwr.o
HAL_PWR_DisableSleepOnExit                        build/stm32f4xx_hal_pwr.o
HAL_PWR_DisableWakeUpPin                          build/stm32f4xx_hal_pwr.o
HAL_PWR_EnableBkUpAccess                          build/stm32f4xx_hal_pwr.o
HAL_PWR_EnablePVD                                 build/stm32f4xx_hal_pwr.o
HAL_PWR_EnableSEVOnPend                           build/stm32f4xx_hal_pwr.o
HAL_PWR_EnableSleepOnExit                         build/stm32f4xx_hal_pwr.o
HAL_PWR_EnableWakeUpPin                           build/stm32f4xx_hal_pwr.o
HAL_PWR_EnterSLEEPMode                            build/stm32f4xx_hal_pwr.o
HAL_PWR_EnterSTANDBYMode                          build/stm32f4xx_hal_pwr.o
HAL_PWR_EnterSTOPMode                             build/stm32f4xx_hal_pwr.o
HAL_PWR_PVDCallback                               build/stm32f4xx_hal_pwr.o
HAL_PWR_PVD_IRQHandler                            build/stm32f4xx_hal_pwr.o
HAL_RCCEx_GetPeriphCLKConfig                      build/stm32f4xx_hal_rcc_ex.o
HAL_RCCEx_PeriphCLKConfig                         build/stm32f4xx_hal_rcc_ex.o
HAL_RCC_CSSCallback                               build/stm32f4xx_hal_rcc.o
HAL_RCC_ClockConfig                               build/stm32f4xx_hal_rcc.o
                                                  build/xnucleoihm02a1_interface.o
HAL_RCC_DeInit                                    build/stm32f4xx_hal_rcc_ex.o
                                                  build/stm32f4xx_hal_rcc.o
HAL_RCC_DisableCSS                                build/stm32f4xx_hal_rcc.o
HAL_RCC_EnableCSS                                 build/stm32f4xx_hal_rcc.o
HAL_RCC_GetClockConfig                            build/stm32f4xx_hal_rcc.o
HAL_RCC_GetHCLKFreq                               build/stm32f4xx_hal_rcc.o
                                                  build/stm32f4xx_hal.o
HAL_RCC_GetOscConfig                              build/stm32f4xx_hal_rcc.o
HAL_RCC_GetPCLK1Freq                              build/stm32f4xx_hal_rcc.o
                                                  build/stm32f4xx_hal_uart.o
                                                  build/xnucleoihm02a1_interface.o
HAL_RCC_GetPCLK2Freq                              build/stm32f4xx_hal_rcc.o
                                                  build/stm32f4xx_hal_uart.o
                                                  build/xnucleoihm02a1_interface.o
HAL_RCC_GetSysClockFreq                           build/stm32f4xx_hal_rcc.o
HAL_RCC_MCOConfig                                 build/stm32f4xx_hal_rcc.o
HAL_RCC_NMI_IRQHandler                            build/stm32f4xx_hal_rcc.o
HAL_RCC_OscConfig                                 build/stm32f4xx_hal_rcc.o
                                                  build/xnucleoihm02a1_interface.o
HAL_ResumeTick                                    build/stm32f4xx_hal.o
HAL_SPI_DMAPause                                  build/stm32f4xx_hal_spi.o
HAL_SPI_DMAResume                                 build/stm32f4xx_hal_spi.o
HAL_SPI_DMAStop                                   build/stm32f4xx_hal_spi.o
HAL_SPI_DeInit                                    build/stm32f4xx_hal_spi.o
                                                  build/stm32f4xx_nucleo.o
HAL_SPI_ErrorCallback                             build/stm32f4xx_hal_spi.o
HAL_SPI_GetError                                  build/stm32f4xx_hal_spi.o
HAL_SPI_GetState                                  build/stm32f4xx_hal_spi.o
                                                  build/stm32f4xx_nucleo.o
HAL_SPI_IRQHandler                                build/stm32f4xx_hal_spi.o
HAL_SPI_Init                                      build/stm32f4xx_hal_spi.o
                                                  build/xnucleoihm02a1_interface.o
                                                  build/stm32f4xx_nucleo.o
HAL_SPI_MspDeInit                                 build/stm32f4xx_hal_msp.o
                                                  build/stm32f4xx_hal_spi.o
HAL_SPI_MspInit                                   build/stm32f4xx_hal_msp.o
                                                  build/stm32f4xx_hal_spi.o
HAL_SPI_Receive                                   build/stm32f4xx_hal_spi.o
HAL_SPI_Receive_DMA                               build/stm32f4xx_hal_spi.o
HAL_SPI_Receive_IT                                build/stm32f4xx_hal_spi.o
HAL_SPI_RxCpltCallback                            build/stm32f4xx_hal_spi.o
HAL_SPI_RxHalfCpltCallback                        build/stm32f4xx_hal_spi.o
HAL_SPI_Transmit                                  build/stm32f4xx_hal_spi.o
                                                  build/stm32f4xx_nucleo.o
HAL_SPI_TransmitReceive                           build/stm32f4xx_hal_spi.o
                                                  build/stm32f4xx_nucleo.o
                                                  build/L6470.o
HAL_SPI_TransmitReceive_DMA                       build/stm32f4xx_hal_spi.o
HAL_SPI_TransmitReceive_IT                        build/stm32f4xx_hal_spi.o
HAL_SPI_Transmit_DMA                              build/stm32f4xx_hal_spi.o
HAL_SPI_Transmit_IT                               build/stm32f4xx_hal_spi.o
HAL_SPI_TxCpltCallback                            build/stm32f4xx_hal_spi.o
HAL_SPI_TxHalfCpltCallback                        build/stm32f4xx_hal_spi.o
HAL_SPI_TxRxCpltCallback                          build/stm32f4xx_hal_spi.o
HAL_SPI_TxRxHalfCpltCallback                      build/stm32f4xx_hal_spi.o
HAL_SYSTICK_CLKSourceConfig                       build/stm32f4xx_hal_cortex.o
HAL_SYSTICK_Callback                              build/stm32f4xx_hal_cortex.o
HAL_SYSTICK_Config                                build/stm32f4xx_hal_cortex.o
                                                  build/stm32f4xx_hal.o
HAL_SYSTICK_IRQHandler                            build/stm32f4xx_hal_cortex.o
                                                  build/stm32f4xx_it.o
HAL_SuspendTick                                   build/stm32f4xx_hal.o
HAL_UART_DMAPause                                 build/stm32f4xx_hal_uart.o
HAL_UART_DMAResume                                build/stm32f4xx_hal_uart.o
HAL_UART_DMAStop                                  build/stm32f4xx_hal_uart.o
HAL_UART_DeInit                                   build/stm32f4xx_hal_uart.o
HAL_UART_ErrorCallback                            build/stm32f4xx_hal_uart.o
HAL_UART_GetError                                 build/stm32f4xx_hal_uart.o
HAL_UART_GetState                                 build/stm32f4xx_hal_uart.o
HAL_UART_IRQHandler                               build/stm32f4xx_hal_uart.o
                                                  build/stm32f4xx_it.o
HAL_UART_Init                                     build/stm32f4xx_hal_uart.o
                                                  build/xnucleoihm02a1_interface.o
HAL_UART_MspDeInit                                build/stm32f4xx_hal_msp.o
                                                  build/stm32f4xx_hal_uart.o
HAL_UART_MspInit                                  build/stm32f4xx_hal_msp.o
                                                  build/stm32f4xx_hal_uart.o
HAL_UART_Receive                                  build/stm32f4xx_hal_uart.o
HAL_UART_Receive_DMA                              build/stm32f4xx_hal_uart.o
HAL_UART_Receive_IT                               build/stm32f4xx_hal_uart.o
                                                  build/example_usart.o
HAL_UART_RxCpltCallback                           build/stm32f4xx_hal_uart.o
HAL_UART_RxHalfCpltCallback                       build/stm32f4xx_hal_uart.o
HAL_UART_Transmit                                 build/stm32f4xx_hal_uart.o
                                                  build/example_usart.o
HAL_UART_Transmit_DMA                             build/stm32f4xx_hal_uart.o
HAL_UART_Transmit_IT                              build/stm32f4xx_hal_uart.o
HAL_UART_TxCpltCallback                           build/stm32f4xx_hal_uart.o
HAL_UART_TxHalfCpltCallback                       build/stm32f4xx_hal_uart.o
HardFault_Handler                                 build/startup_stm32f401xe.o
I2C1_ER_IRQHandler                                build/startup_stm32f401xe.o
I2C1_EV_IRQHandler                                build/startup_stm32f401xe.o
I2C2_ER_IRQHandler                                build/startup_stm32f401xe.o
I2C2_EV_IRQHandler                                build/startup_stm32f401xe.o
I2C3_ER_IRQHandler                                build/startup_stm32f401xe.o
I2C3_EV_IRQHandler                                build/startup_stm32f401xe.o
IntSpeed_2_Step_s                                 build/L6470.o
L6470Command                                      build/L6470.o
                                                  build/xnucleoihm02a1.o
L6470DrvMtx                                       build/xnucleoihm02a1.o
L6470_ACT                                         build/L6470.o
                                                  build/example_usart.o
L6470_AppCmdPkg                                   build/L6470.o
L6470_ApplicationCommand                          build/L6470.o
                                                  build/example_usart.o
L6470_CheckStatusRegisterFlag                     build/L6470.o
                                                  build/xnucleoihm02a1.o
L6470_Config                                      build/L6470.o
                                                  build/xnucleoihm02a1.o
L6470_DaisyChainCommand                           build/L6470.o
                                                  build/example_usart.o
L6470_DaisyChainMnemonic                          build/example_usart.o
L6470_DaisyChainSpiRxStruct                       build/L6470.o
                                                  build/example_usart.o
L6470_DaisyChainSpiTxStruct                       build/L6470.o
                                                  build/example_usart.o
L6470_DaisyChain_HalfPrepared                     build/L6470.o
L6470_Direction                                   build/L6470.o
                                                  build/example_usart.o
L6470_ExtractReturnedData                         build/L6470.o
                                                  build/example_usart.o
L6470_FillAppCmdPkg                               build/L6470.o
L6470_GetParam                                    build/L6470.o
                                                  build/example_usart.o
                                                  build/xnucleoihm02a1.o
L6470_GetRegisterName                             build/L6470.o
                                                  build/example_usart.o
L6470_GetStatus                                   build/L6470.o
                                                  build/xnucleoihm02a1.o
L6470_GoHome                                      build/L6470.o
                                                  build/xnucleoihm02a1.o
L6470_GoMark                                      build/L6470.o
                                                  build/xnucleoihm02a1.o
L6470_GoTo                                        build/L6470.o
                                                  build/xnucleoihm02a1.o
L6470_GoToDir                                     build/L6470.o
                                                  build/xnucleoihm02a1.o
L6470_GoUntil                                     build/L6470.o
                                                  build/xnucleoihm02a1.o
L6470_HardHiZ                                     build/L6470.o
                                                  build/xnucleoihm02a1.o
L6470_HardStop                                    build/L6470.o
                                                  build/xnucleoihm02a1.o
L6470_ID                                          build/L6470.o
                                                  build/example_usart.o
                                                  build/example.o
                                                  build/xnucleoihm02a1.o
L6470_Move                                        build/L6470.o
                                                  build/xnucleoihm02a1.o
L6470_PerformPreparedApplicationCommand           build/L6470.o
                                                  build/xnucleoihm02a1.o
L6470_PrepareAppCmdPkg                            build/L6470.o
L6470_PrepareDaisyChainCommand                    build/L6470.o
L6470_PrepareGetParam                             build/L6470.o
L6470_PrepareGetStatus                            build/L6470.o
L6470_PrepareGoHome                               build/L6470.o
L6470_PrepareGoMark                               build/L6470.o
L6470_PrepareGoTo                                 build/L6470.o
L6470_PrepareGoToDir                              build/L6470.o
L6470_PrepareGoUntil                              build/L6470.o
L6470_PrepareHardHiZ                              build/L6470.o
L6470_PrepareHardStop                             build/L6470.o
L6470_PrepareMove                                 build/L6470.o
L6470_PrepareReleaseSW                            build/L6470.o
L6470_PrepareResetDevice                          build/L6470.o
L6470_PrepareResetPos                             build/L6470.o
L6470_PrepareRun                                  build/L6470.o
L6470_PrepareSetParam                             build/L6470.o
L6470_PrepareSoftHiZ                              build/L6470.o
L6470_PrepareSoftStop                             build/L6470.o
L6470_PrepareStepClock                            build/L6470.o
L6470_Register                                    build/L6470.o
                                                  build/example_usart.o
L6470_ReleaseSW                                   build/L6470.o
                                                  build/xnucleoihm02a1.o
L6470_ResetAppCmdPkg                              build/L6470.o
L6470_ResetDevice                                 build/L6470.o
                                                  build/xnucleoihm02a1.o
L6470_ResetPos                                    build/L6470.o
                                                  build/xnucleoihm02a1.o
L6470_Run                                         build/L6470.o
                                                  build/xnucleoihm02a1.o
L6470_SetParam                                    build/L6470.o
                                                  build/xnucleoihm02a1.o
L6470_SoftHiZ                                     build/L6470.o
                                                  build/xnucleoihm02a1.o
L6470_SoftStop                                    build/L6470.o
                                                  build/xnucleoihm02a1.o
L6470_StatusRegister                              build/L6470.o
L6470_StepClock                                   build/L6470.o
                                                  build/xnucleoihm02a1.o
L6470_TextCommandBundle                           build/example_usart.o
L6470_nBUSY_SYNC_GPIO                             build/xnucleoihm02a1.o
L6470_nCS_GPIO                                    build/xnucleoihm02a1.o
                                                  build/L6470.o
L6470_nCS_GPIO_Array                              build/xnucleoihm02a1.o
L6470_nFLAG_GPIO                                  build/xnucleoihm02a1.o
L6470_nSTBY_nRST_GPIO                             build/xnucleoihm02a1.o
LCD_Delay                                         build/stm32f4xx_nucleo.o
LCD_IO_Init                                       build/stm32f4xx_nucleo.o
LCD_IO_WriteData                                  build/stm32f4xx_nucleo.o
LCD_IO_WriteMultipleData                          build/stm32f4xx_nucleo.o
LCD_IO_WriteReg                                   build/stm32f4xx_nucleo.o
MX_ADC1_Init                                      build/xnucleoihm02a1_interface.o
MX_GPIO_Init                                      build/xnucleoihm02a1_interface.o
MX_SPI1_Init                                      build/xnucleoihm02a1_interface.o
MX_SPI2_Init                                      build/xnucleoihm02a1_interface.o
MX_SPI_Init                                       build/xnucleoihm02a1_interface.o
MX_USART2_Init                                    build/xnucleoihm02a1_interface.o
MaxSpeed_2_Step_s                                 build/L6470.o
MemManage_Handler                                 build/startup_stm32f401xe.o
MicrosteppingMotor_Example_01                     build/example.o
MinSpeed_2_Step_s                                 build/L6470.o
MotorParameterInitData                            build/params.o
NMI_Handler                                       build/startup_stm32f401xe.o
NUCLEO_Board_Init                                 build/xnucleoihm02a1_interface.o
                                                  build/main.o
OTG_FS_IRQHandler                                 build/startup_stm32f401xe.o
OTG_FS_WKUP_IRQHandler                            build/startup_stm32f401xe.o
OcdTh_2_mA                                        build/L6470.o
PVD_IRQHandler                                    build/startup_stm32f401xe.o
PendSV_Handler                                    build/startup_stm32f401xe.o
Position_2_AbsPos                                 build/L6470.o
RCC_IRQHandler                                    build/startup_stm32f401xe.o
RTC_Alarm_IRQHandler                              build/startup_stm32f401xe.o
RTC_WKUP_IRQHandler                               build/startup_stm32f401xe.o
Reset_Handler                                     build/startup_stm32f401xe.o
SDIO_IRQHandler                                   build/startup_stm32f401xe.o
SD_IO_Init                                        build/stm32f4xx_nucleo.o
SD_IO_ReadByte                                    build/stm32f4xx_nucleo.o
SD_IO_WaitResponse                                build/stm32f4xx_nucleo.o
SD_IO_WriteByte                                   build/stm32f4xx_nucleo.o
SD_IO_WriteCmd                                    build/stm32f4xx_nucleo.o
SD_IO_WriteDummy                                  build/stm32f4xx_nucleo.o
SPI1_IRQHandler                                   build/startup_stm32f401xe.o
SPI2_IRQHandler                                   build/startup_stm32f401xe.o
SPI3_IRQHandler                                   build/startup_stm32f401xe.o
SPI4_IRQHandler                                   build/startup_stm32f401xe.o
SVC_Handler                                       build/startup_stm32f401xe.o
SaveMotorPositions                                build/example_usart.o
Speed_2_Step_s                                    build/L6470.o
SpixTimeout                                       build/stm32f4xx_nucleo.o
StSlp_2_s_Step                                    build/L6470.o
StallTh_2_mA                                      build/L6470.o
StatusBuffer                                      build/xnucleoihm02a1.o
Step_s2_2_Acc                                     build/L6470.o
Step_s2_2_Dec                                     build/L6470.o
Step_s_2_FsSpd                                    build/L6470.o
Step_s_2_IntSpeed                                 build/L6470.o
Step_s_2_MaxSpeed                                 build/L6470.o
Step_s_2_MinSpeed                                 build/L6470.o
Step_s_2_Speed                                    build/L6470.o
                                                  build/example.o
SysTick_Handler                                   build/stm32f4xx_it.o
SystemClock_Config                                build/xnucleoihm02a1_interface.o
SystemCoreClock                                   build/system_stm32f4xx.o
                                                  build/stm32f4xx_hal_rcc.o
                                                  build/stm32f4xx_hal_adc_ex.o
                                                  build/stm32f4xx_hal_adc.o
SystemCoreClockUpdate                             build/system_stm32f4xx.o
SystemInit                                        build/system_stm32f4xx.o
                                                  build/startup_stm32f401xe.o
TAMP_STAMP_IRQHandler                             build/startup_stm32f401xe.o
TIM1_BRK_TIM9_IRQHandler                          build/startup_stm32f401xe.o
TIM1_CC_IRQHandler                                build/startup_stm32f401xe.o