Archive member included to satisfy reference by file (symbol)

c:/programdata/chocolatey/lib/gcc-arm-embedded/tools/gcc-arm-none-eabi-10.3-2021.10/bin/../lib/gcc/arm-none-eabi/10.3.1/../../../../arm-none-eabi/lib/thumb/v7e-m+fp/hard\libc_nano.a(lib_a-exit.o)
                              c:/programdata/chocolatey/lib/gcc-arm-embedded/tools/gcc-arm-none-eabi-10.3-2021.10/bin/../lib/gcc/arm-none-eabi/10.3.1/../../../../arm-none-eabi/lib/thumb/v7e-m+fp/hard/crt0.o (exit)
c:/programdata/chocolatey/lib/gcc-arm-embedded/tools/gcc-arm-none-eabi-10.3-2021.10/bin/../lib/gcc/arm-none-eabi/10.3.1/../../../../arm-none-eabi/lib/thumb/v7e-m+fp/hard\libc_nano.a(lib_a-impure.o)
                              c:/programdata/chocolatey/lib/gcc-arm-embedded/tools/gcc-arm-none-eabi-10.3-2021.10/bin/../lib/gcc/arm-none-eabi/10.3.1/../../../../arm-none-eabi/lib/thumb/v7e-m+fp/hard\libc_nano.a(lib_a-exit.o) (_global_impure_ptr)
c:/programdata/chocolatey/lib/gcc-arm-embedded/tools/gcc-arm-none-eabi-10.3-2021.10/bin/../lib/gcc/arm-none-eabi/10.3.1/../../../../arm-none-eabi/lib/thumb/v7e-m+fp/hard\libc_nano.a(lib_a-init.o)
                              c:/programdata/chocolatey/lib/gcc-arm-embedded/tools/gcc-arm-none-eabi-10.3-2021.10/bin/../lib/gcc/arm-none-eabi/10.3.1/../../../../arm-none-eabi/lib/thumb/v7e-m+fp/hard/crt0.o (__libc_init_array)
c:/programdata/chocolatey/lib/gcc-arm-embedded/tools/gcc-arm-none-eabi-10.3-2021.10/bin/../lib/gcc/arm-none-eabi/10.3.1/../../../../arm-none-eabi/lib/thumb/v7e-m+fp/hard\libc_nano.a(lib_a-memset.o)
                              c:/programdata/chocolatey/lib/gcc-arm-embedded/tools/gcc-arm-none-eabi-10.3-2021.10/bin/../lib/gcc/arm-none-eabi/10.3.1/../../../../arm-none-eabi/lib/thumb/v7e-m+fp/hard/crt0.o (memset)
c:/programdata/chocolatey/lib/gcc-arm-embedded/tools/gcc-arm-none-eabi-10.3-2021.10/bin/../lib/gcc/arm-none-eabi/10.3.1/../../../../arm-none-eabi/lib/thumb/v7e-m+fp/hard\libnosys.a(_exit.o)
                              c:/programdata/chocolatey/lib/gcc-arm-embedded/tools/gcc-arm-none-eabi-10.3-2021.10/bin/../lib/gcc/arm-none-eabi/10.3.1/../../../../arm-none-eabi/lib/thumb/v7e-m+fp/hard\libc_nano.a(lib_a-exit.o) (_exit)
c:/programdata/chocolatey/lib/gcc-arm-embedded/tools/gcc-arm-none-eabi-10.3-2021.10/bin/../lib/gcc/arm-none-eabi/10.3.1/thumb/v7e-m+fp/hard\libgcc.a(_arm_muldf3.o)
                              build/L6470.o (__aeabi_dmul)
c:/programdata/chocolatey/lib/gcc-arm-embedded/tools/gcc-arm-none-eabi-10.3-2021.10/bin/../lib/gcc/arm-none-eabi/10.3.1/thumb/v7e-m+fp/hard\libgcc.a(_arm_addsubdf3.o)
                              build/L6470.o (__aeabi_dadd)
c:/programdata/chocolatey/lib/gcc-arm-embedded/tools/gcc-arm-none-eabi-10.3-2021.10/bin/../lib/gcc/arm-none-eabi/10.3.1/thumb/v7e-m+fp/hard\libgcc.a(_arm_truncdfsf2.o)
                              build/L6470.o (__aeabi_d2f)

Discarded input sections

 .text          0x00000000        0x0 c:/programdata/chocolatey/lib/gcc-arm-embedded/tools/gcc-arm-none-eabi-10.3-2021.10/bin/../lib/gcc/arm-none-eabi/10.3.1/thumb/v7e-m+fp/hard/crti.o
 .data          0x00000000        0x0 c:/programdata/chocolatey/lib/gcc-arm-embedded/tools/gcc-arm-none-eabi-10.3-2021.10/bin/../lib/gcc/arm-none-eabi/10.3.1/thumb/v7e-m+fp/hard/crti.o
 .bss           0x00000000        0x0 c:/programdata/chocolatey/lib/gcc-arm-embedded/tools/gcc-arm-none-eabi-10.3-2021.10/bin/../lib/gcc/arm-none-eabi/10.3.1/thumb/v7e-m+fp/hard/crti.o
 .data          0x00000000        0x4 c:/programdata/chocolatey/lib/gcc-arm-embedded/tools/gcc-arm-none-eabi-10.3-2021.10/bin/../lib/gcc/arm-none-eabi/10.3.1/thumb/v7e-m+fp/hard/crtbegin.o
 .rodata        0x00000000       0x24 c:/programdata/chocolatey/lib/gcc-arm-embedded/tools/gcc-arm-none-eabi-10.3-2021.10/bin/../lib/gcc/arm-none-eabi/10.3.1/thumb/v7e-m+fp/hard/crtbegin.o
 .text          0x00000000       0x7c c:/programdata/chocolatey/lib/gcc-arm-embedded/tools/gcc-arm-none-eabi-10.3-2021.10/bin/../lib/gcc/arm-none-eabi/10.3.1/../../../../arm-none-eabi/lib/thumb/v7e-m+fp/hard/crt0.o
 .data          0x00000000        0x0 c:/programdata/chocolatey/lib/gcc-arm-embedded/tools/gcc-arm-none-eabi-10.3-2021.10/bin/../lib/gcc/arm-none-eabi/10.3.1/../../../../arm-none-eabi/lib/thumb/v7e-m+fp/hard/crt0.o
 .bss           0x00000000        0x0 c:/programdata/chocolatey/lib/gcc-arm-embedded/tools/gcc-arm-none-eabi-10.3-2021.10/bin/../lib/gcc/arm-none-eabi/10.3.1/../../../../arm-none-eabi/lib/thumb/v7e-m+fp/hard/crt0.o
 .ARM.extab     0x00000000        0x0 c:/programdata/chocolatey/lib/gcc-arm-embedded/tools/gcc-arm-none-eabi-10.3-2021.10/bin/../lib/gcc/arm-none-eabi/10.3.1/../../../../arm-none-eabi/lib/thumb/v7e-m+fp/hard/crt0.o
 .ARM.exidx     0x00000000       0x10 c:/programdata/chocolatey/lib/gcc-arm-embedded/tools/gcc-arm-none-eabi-10.3-2021.10/bin/../lib/gcc/arm-none-eabi/10.3.1/../../../../arm-none-eabi/lib/thumb/v7e-m+fp/hard/crt0.o
 .ARM.attributes
[...]
Memory Configuration

Name             Origin             Length             Attributes
FLASH            0x08000000         0x00080000         xr
RAM              0x20000000         0x00018000         xrw
*default*        0x00000000         0xffffffff

Linker script and memory map

LOAD c:/programdata/chocolatey/lib/gcc-arm-embedded/tools/gcc-arm-none-eabi-10.3-2021.10/bin/../lib/gcc/arm-none-eabi/10.3.1/thumb/v7e-m+fp/hard/crti.o
LOAD c:/programdata/chocolatey/lib/gcc-arm-embedded/tools/gcc-arm-none-eabi-10.3-2021.10/bin/../lib/gcc/arm-none-eabi/10.3.1/thumb/v7e-m+fp/hard/crtbegin.o
LOAD c:/programdata/chocolatey/lib/gcc-arm-embedded/tools/gcc-arm-none-eabi-10.3-2021.10/bin/../lib/gcc/arm-none-eabi/10.3.1/../../../../arm-none-eabi/lib/thumb/v7e-m+fp/hard/crt0.o
LOAD build/L6470.o
LOAD build/stm32f4xx_nucleo.o
LOAD build/xnucleoihm02a1.o
LOAD build/xnucleoihm02a1_interface.o
LOAD build/system_stm32f4xx.o
LOAD build/stm32f4xx_hal.o
LOAD build/stm32f4xx_hal_adc.o
LOAD build/stm32f4xx_hal_adc_ex.o
LOAD build/stm32f4xx_hal_cortex.o
LOAD build/stm32f4xx_hal_dma.o
LOAD build/stm32f4xx_hal_dma_ex.o
LOAD build/stm32f4xx_hal_flash.o
LOAD build/stm32f4xx_hal_flash_ex.o
LOAD build/stm32f4xx_hal_flash_ramfunc.o
LOAD build/stm32f4xx_hal_gpio.o
LOAD build/stm32f4xx_hal_pwr.o
LOAD build/stm32f4xx_hal_pwr_ex.o
LOAD build/stm32f4xx_hal_rcc.o
LOAD build/stm32f4xx_hal_rcc_ex.o
LOAD build/stm32f4xx_hal_spi.o
LOAD build/stm32f4xx_hal_uart.o
LOAD build/example.o
LOAD build/example_usart.o
LOAD build/main.o
LOAD build/params.o
LOAD build/stm32f4xx_hal_msp.o
LOAD build/stm32f4xx_it.o
LOAD build/startup_stm32f401xe.o
LOAD c:/programdata/chocolatey/lib/gcc-arm-embedded/tools/gcc-arm-none-eabi-10.3-2021.10/bin/../lib/gcc/arm-none-eabi/10.3.1/../../../../arm-none-eabi/lib/thumb/v7e-m+fp/hard\libc_nano.a
LOAD c:/programdata/chocolatey/lib/gcc-arm-embedded/tools/gcc-arm-none-eabi-10.3-2021.10/bin/../lib/gcc/arm-none-eabi/10.3.1/../../../../arm-none-eabi/lib/thumb/v7e-m+fp/hard\libm.a
LOAD c:/programdata/chocolatey/lib/gcc-arm-embedded/tools/gcc-arm-none-eabi-10.3-2021.10/bin/../lib/gcc/arm-none-eabi/10.3.1/../../../../arm-none-eabi/lib/thumb/v7e-m+fp/hard\libnosys.a
START GROUP
LOAD c:/programdata/chocolatey/lib/gcc-arm-embedded/tools/gcc-arm-none-eabi-10.3-2021.10/bin/../lib/gcc/arm-none-eabi/10.3.1/thumb/v7e-m+fp/hard\libgcc.a
LOAD c:/programdata/chocolatey/lib/gcc-arm-embedded/tools/gcc-arm-none-eabi-10.3-2021.10/bin/../lib/gcc/arm-none-eabi/10.3.1/../../../../arm-none-eabi/lib/thumb/v7e-m+fp/hard\libc_nano.a
END GROUP
START GROUP
LOAD c:/programdata/chocolatey/lib/gcc-arm-embedded/tools/gcc-arm-none-eabi-10.3-2021.10/bin/../lib/gcc/arm-none-eabi/10.3.1/thumb/v7e-m+fp/hard\libgcc.a
LOAD c:/programdata/chocolatey/lib/gcc-arm-embedded/tools/gcc-arm-none-eabi-10.3-2021.10/bin/../lib/gcc/arm-none-eabi/10.3.1/../../../../arm-none-eabi/lib/thumb/v7e-m+fp/hard\libc_nano.a
END GROUP
LOAD c:/programdata/chocolatey/lib/gcc-arm-embedded/tools/gcc-arm-none-eabi-10.3-2021.10/bin/../lib/gcc/arm-none-eabi/10.3.1/thumb/v7e-m+fp/hard/crtend.o
LOAD c:/programdata/chocolatey/lib/gcc-arm-embedded/tools/gcc-arm-none-eabi-10.3-2021.10/bin/../lib/gcc/arm-none-eabi/10.3.1/thumb/v7e-m+fp/hard/crtn.o
                0x20018000                _estack = 0x20018000
                0x00000200                _Min_Heap_Size = 0x200
                0x00000400                _Min_Stack_Size = 0x400

.isr_vector     0x08000000      0x194
                0x08000000                . = ALIGN (0x4)
 *(.isr_vector)
 .isr_vector    0x08000000      0x194 build/startup_stm32f401xe.o
                0x08000000                g_pfnVectors
                0x08000194                . = ALIGN (0x4)

.text           0x08000194     0x505c
                0x08000194                . = ALIGN (0x4)
 *(.text)
 .text          0x08000194       0x40 c:/programdata/chocolatey/lib/gcc-arm-embedded/tools/gcc-arm-none-eabi-10.3-2021.10/bin/../lib/gcc/arm-none-eabi/10.3.1/thumb/v7e-m+fp/hard/crtbegin.o
 *(.text*)
 .text.L6470_ResetAppCmdPkg
                0x080001d4       0x58 build/L6470.o
                0x080001d4                L6470_ResetAppCmdPkg
 .text.L6470_FillAppCmdPkg
                0x0800022c       0x4e build/L6470.o
                0x0800022c                L6470_FillAppCmdPkg
 *fill*         0x0800027a        0x2 
 .text.L6470_PrepareAppCmdPkg
                0x0800027c       0x48 build/L6470.o
                0x0800027c                L6470_PrepareAppCmdPkg
 .text.L6470_PrepareDaisyChainCommand
                0x080002c4      0x454 build/L6470.o
                0x080002c4                L6470_PrepareDaisyChainCommand
 .text.L6470_ResetDevice
                0x08000718       0x44 build/L6470.o
                0x08000718                L6470_ResetDevice
 .text.L6470_GetStatus
                0x0800075c       0x54 build/L6470.o
                0x0800075c                L6470_GetStatus
 .text.L6470_ID
                0x080007b0       0x2e build/L6470.o
                0x080007b0                L6470_ID
 *fill*         0x080007de        0x2 
 .text.L6470_DaisyChainCommand
                0x080007e0       0x9c build/L6470.o
                0x080007e0                L6470_DaisyChainCommand
 .text.L6470_ExtractReturnedData
                0x0800087c       0x5a build/L6470.o
                0x0800087c                L6470_ExtractReturnedData
 *fill*         0x080008d6        0x2 
 .text.BSP_LED_Init
                0x080008d8       0x70 build/stm32f4xx_nucleo.o
                0x080008d8                BSP_LED_Init
 .text.BSP_LED_On
                0x08000948       0x28 build/stm32f4xx_nucleo.o
                0x08000948                BSP_LED_On
 .text.BSP_LED_Off
                0x08000970       0x28 build/stm32f4xx_nucleo.o
                0x08000970                BSP_LED_Off
 .text.BSP_PB_Init
                0x08000998       0xb0 build/stm32f4xx_nucleo.o
                0x08000998                BSP_PB_Init
 .text.BSP_NUCLEO_GPIO_Init
                0x08000a48      0x138 build/xnucleoihm02a1.o
                0x08000a48                BSP_NUCLEO_GPIO_Init
 .text.BSP_L6470_Init
                0x08000b80       0xb0 build/xnucleoihm02a1.o
                0x08000b80                BSP_L6470_Init
 .text.BSP_IRQ  0x08000c30       0x32 build/xnucleoihm02a1.o
                0x08000c30                BSP_IRQ
 .text.EXPBRD_ID
                0x08000c62       0x22 build/xnucleoihm02a1.o
                0x08000c62                EXPBRD_ID
 .text.BSP_Select
                0x08000c84       0x6c build/xnucleoihm02a1.o
                0x08000c84                BSP_Select
 .text.BSP_Init
                0x08000cf0       0x24 build/xnucleoihm02a1.o
                0x08000cf0                BSP_Init
 .text.BSP_L6470_BusySynchEventManager
                0x08000d14       0x12 build/xnucleoihm02a1.o
                0x08000d14                BSP_L6470_BusySynchEventManager
 .text.BSP_L6470_FlagEventManager
                0x08000d26       0x12 build/xnucleoihm02a1.o
                0x08000d26                BSP_L6470_FlagEventManager
 .text.BSP_EmergencyStop
                0x08000d38       0x1c build/xnucleoihm02a1.o
                0x08000d38                BSP_EmergencyStop
 .text.SystemClock_Config
                0x08000d54       0x9c build/xnucleoihm02a1_interface.o
                0x08000d54                SystemClock_Config
 .text.MX_GPIO_Init
                0x08000df0       0x16 build/xnucleoihm02a1_interface.o
                0x08000df0                MX_GPIO_Init
 .text.MX_SPI_Init
                0x08000e06        0xc build/xnucleoihm02a1_interface.o
                0x08000e06                MX_SPI_Init
 *fill*         0x08000e12        0x2 
 .text.MX_SPI1_Init
                0x08000e14       0xdc build/xnucleoihm02a1_interface.o
                0x08000e14                MX_SPI1_Init
 .text.MX_USART2_Init
                0x08000ef0       0x48 build/xnucleoihm02a1_interface.o
                0x08000ef0                MX_USART2_Init
 .text.NUCLEO_Board_Init
                0x08000f38       0x26 build/xnucleoihm02a1_interface.o
                0x08000f38                NUCLEO_Board_Init
 .text.User_LED_Blinking
                0x08000f5e       0x50 build/xnucleoihm02a1_interface.o
                0x08000f5e                User_LED_Blinking
 *fill*         0x08000fae        0x2 
 .text.SystemInit
                0x08000fb0       0x6c build/system_stm32f4xx.o
                0x08000fb0                SystemInit
 .text.HAL_Init
                0x0800101c       0x44 build/stm32f4xx_hal.o
                0x0800101c                HAL_Init
 .text.HAL_InitTick
                0x08001060       0x38 build/stm32f4xx_hal.o
                0x08001060                HAL_InitTick
 .text.HAL_IncTick
                0x08001098       0x1c build/stm32f4xx_hal.o
                0x08001098                HAL_IncTick
 .text.HAL_GetTick
                0x080010b4       0x18 build/stm32f4xx_hal.o
                0x080010b4                HAL_GetTick
 .text.HAL_Delay
                0x080010cc       0x2e build/stm32f4xx_hal.o
                0x080010cc                HAL_Delay
 *fill*         0x080010fa        0x2 
 .text.NVIC_SetPriorityGrouping
                0x080010fc       0x48 build/stm32f4xx_hal_cortex.o
 .text.NVIC_GetPriorityGrouping
                0x08001144       0x1c build/stm32f4xx_hal_cortex.o
 .text.NVIC_EnableIRQ
                0x08001160       0x34 build/stm32f4xx_hal_cortex.o
 .text.NVIC_DisableIRQ
                0x08001194       0x34 build/stm32f4xx_hal_cortex.o
 .text.NVIC_SetPriority
                0x080011c8       0x54 build/stm32f4xx_hal_cortex.o
 .text.NVIC_EncodePriority
                0x0800121c       0x66 build/stm32f4xx_hal_cortex.o
 *fill*         0x08001282        0x2 
 .text.SysTick_Config
                0x08001284       0x44 build/stm32f4xx_hal_cortex.o
 .text.HAL_NVIC_SetPriorityGrouping
                0x080012c8       0x40 build/stm32f4xx_hal_cortex.o
                0x080012c8                HAL_NVIC_SetPriorityGrouping
 .text.HAL_NVIC_SetPriority
                0x08001308       0x58 build/stm32f4xx_hal_cortex.o
                0x08001308                HAL_NVIC_SetPriority
 .text.HAL_NVIC_EnableIRQ
                0x08001360       0x30 build/stm32f4xx_hal_cortex.o
                0x08001360                HAL_NVIC_EnableIRQ
 .text.HAL_NVIC_DisableIRQ
                0x08001390       0x30 build/stm32f4xx_hal_cortex.o
                0x08001390                HAL_NVIC_DisableIRQ
 .text.HAL_SYSTICK_Config
                0x080013c0       0x18 build/stm32f4xx_hal_cortex.o
                0x080013c0                HAL_SYSTICK_Config
 .text.HAL_SYSTICK_IRQHandler
                0x080013d8        0xc build/stm32f4xx_hal_cortex.o
                0x080013d8                HAL_SYSTICK_IRQHandler
 .text.HAL_SYSTICK_Callback
                0x080013e4        0xe build/stm32f4xx_hal_cortex.o
                0x080013e4                HAL_SYSTICK_Callback
 *fill*         0x080013f2        0x2 
 .text.HAL_GPIO_Init
                0x080013f4      0x51c build/stm32f4xx_hal_gpio.o
                0x080013f4                HAL_GPIO_Init
 .text.HAL_GPIO_WritePin
                0x08001910       0x58 build/stm32f4xx_hal_gpio.o
                0x08001910                HAL_GPIO_WritePin
 .text.HAL_GPIO_EXTI_IRQHandler
                0x08001968       0x30 build/stm32f4xx_hal_gpio.o
                0x08001968                HAL_GPIO_EXTI_IRQHandler
 .text.HAL_RCC_OscConfig
                0x08001998      0x5f4 build/stm32f4xx_hal_rcc.o
                0x08001998                HAL_RCC_OscConfig
 .text.HAL_RCC_ClockConfig
                0x08001f8c      0x4ec build/stm32f4xx_hal_rcc.o
                0x08001f8c                HAL_RCC_ClockConfig
 .text.HAL_RCC_GetSysClockFreq
                0x08002478      0x104 build/stm32f4xx_hal_rcc.o
                0x08002478                HAL_RCC_GetSysClockFreq
 .text.HAL_RCC_GetHCLKFreq
                0x0800257c       0x50 build/stm32f4xx_hal_rcc.o
                0x0800257c                HAL_RCC_GetHCLKFreq
 .text.HAL_RCC_GetPCLK1Freq
                0x080025cc       0x44 build/stm32f4xx_hal_rcc.o
                0x080025cc                HAL_RCC_GetPCLK1Freq
 .text.HAL_RCC_GetPCLK2Freq
                0x08002610       0x44 build/stm32f4xx_hal_rcc.o
                0x08002610                HAL_RCC_GetPCLK2Freq
 .text.HAL_SPI_Init
                0x08002654      0x228 build/stm32f4xx_hal_spi.o
                0x08002654                HAL_SPI_Init
 .text.HAL_SPI_TransmitReceive
                0x0800287c      0x4cc build/stm32f4xx_hal_spi.o
                0x0800287c                HAL_SPI_TransmitReceive
 .text.SPI_WaitOnFlagUntilTimeout
                0x08002d48      0x148 build/stm32f4xx_hal_spi.o
 .text.HAL_UART_Init
                0x08002e90      0x160 build/stm32f4xx_hal_uart.o
                0x08002e90                HAL_UART_Init
 .text.HAL_UART_Transmit
                0x08002ff0      0x152 build/stm32f4xx_hal_uart.o
                0x08002ff0                HAL_UART_Transmit
 .text.HAL_UART_Receive_IT
                0x08003142       0xce build/stm32f4xx_hal_uart.o
                0x08003142                HAL_UART_Receive_IT
 .text.HAL_UART_IRQHandler
                0x08003210      0x1fa build/stm32f4xx_hal_uart.o
                0x08003210                HAL_UART_IRQHandler
 .text.HAL_UART_TxCpltCallback
                0x0800340a       0x14 build/stm32f4xx_hal_uart.o
                0x0800340a                HAL_UART_TxCpltCallback
 .text.HAL_UART_RxCpltCallback
                0x0800341e       0x14 build/stm32f4xx_hal_uart.o
                0x0800341e                HAL_UART_RxCpltCallback
 .text.HAL_UART_ErrorCallback
                0x08003432       0x14 build/stm32f4xx_hal_uart.o
                0x08003432                HAL_UART_ErrorCallback
 .text.UART_WaitOnFlagUntilTimeout
                0x08003446      0x132 build/stm32f4xx_hal_uart.o
 .text.UART_Transmit_IT
                0x08003578       0xba build/stm32f4xx_hal_uart.o
 .text.UART_EndTransmit_IT
                0x08003632       0x66 build/stm32f4xx_hal_uart.o
 .text.UART_Receive_IT
                0x08003698      0x126 build/stm32f4xx_hal_uart.o
 *fill*         0x080037be        0x2 
 .text.UART_SetConfig
                0x080037c0      0x35c build/stm32f4xx_hal_uart.o
 .text.HAL_GPIO_EXTI_Callback
                0x08003b1c       0x3c build/example.o
                0x08003b1c                HAL_GPIO_EXTI_Callback
 .text.USART_SplitTextString
                0x08003b58      0x298 build/example_usart.o
                0x08003b58                USART_SplitTextString
 .text.USART_CheckTextCommandBundle
                0x08003df0      0xa34 build/example_usart.o
                0x08003df0                USART_CheckTextCommandBundle
 .text.USART_DecodeTextString
                0x08004824      0x1ec build/example_usart.o
                0x08004824                USART_DecodeTextString
 .text.CompareTwoTextString
                0x08004a10       0x4e build/example_usart.o
                0x08004a10                CompareTwoTextString
 .text.str2num  0x08004a5e       0x96 build/example_usart.o
                0x08004a5e                str2num
 .text.USART_TxWelcomeMessage
                0x08004af4       0x78 build/example_usart.o
                0x08004af4                USART_TxWelcomeMessage
 .text.USART_Transmit
                0x08004b6c       0x3e build/example_usart.o
                0x08004b6c                USART_Transmit
 *fill*         0x08004baa        0x2 
 .text.USART_CheckAppCmd
                0x08004bac       0x48 build/example_usart.o
                0x08004bac                USART_CheckAppCmd
 .text.USART_ITCharManager
                0x08004bf4       0xb0 build/example_usart.o
                0x08004bf4                USART_ITCharManager
 .text.Fill_L6470_DaisyChainMnemonic
                0x08004ca4      0x19c build/example_usart.o
                0x08004ca4                Fill_L6470_DaisyChainMnemonic
 .text.num2hex  0x08004e40       0xc0 build/example_usart.o
                0x08004e40                num2hex
 .text.main     0x08004f00       0x1a build/main.o
                0x08004f00                main
 .text.assert_failed
                0x08004f1a       0x16 build/main.o
                0x08004f1a                assert_failed
 .text.HAL_MspInit
                0x08004f30       0x1a build/stm32f4xx_hal_msp.o
                0x08004f30                HAL_MspInit
 *fill*         0x08004f4a        0x2 
 .text.HAL_SPI_MspInit
                0x08004f4c      0x114 build/stm32f4xx_hal_msp.o
                0x08004f4c                HAL_SPI_MspInit
 .text.HAL_UART_MspInit
                0x08005060       0x88 build/stm32f4xx_hal_msp.o
                0x08005060                HAL_UART_MspInit
 .text.SysTick_Handler
                0x080050e8       0x10 build/stm32f4xx_it.o
                0x080050e8                SysTick_Handler
 .text.EXTI1_IRQHandler
                0x080050f8        0xe build/stm32f4xx_it.o
                0x080050f8                EXTI1_IRQHandler
 .text.EXTI0_IRQHandler
                0x08005106        0xe build/stm32f4xx_it.o
                0x08005106                EXTI0_IRQHandler
 .text.USART2_IRQHandler
                0x08005114       0x18 build/stm32f4xx_it.o
                0x08005114                USART2_IRQHandler
 .text.EXTI15_10_IRQHandler
                0x0800512c       0x10 build/stm32f4xx_it.o
                0x0800512c                EXTI15_10_IRQHandler
 .text.Reset_Handler
                0x0800513c       0x50 build/startup_stm32f401xe.o
                0x0800513c                Reset_Handler
 .text.Default_Handler
                0x0800518c        0x2 build/startup_stm32f401xe.o
                0x0800518c                RTC_Alarm_IRQHandler
                0x0800518c                EXTI2_IRQHandler
                0x0800518c                DebugMon_Handler
                0x0800518c                SPI4_IRQHandler
                0x0800518c                TIM1_CC_IRQHandler
                0x0800518c                DMA2_Stream5_IRQHandler
                0x0800518c                HardFault_Handler
                0x0800518c                DMA1_Stream5_IRQHandler
                0x0800518c                PVD_IRQHandler
                0x0800518c                SDIO_IRQHandler
                0x0800518c                TAMP_STAMP_IRQHandler
                0x0800518c                PendSV_Handler
                0x0800518c                NMI_Handler
                0x0800518c                EXTI3_IRQHandler
                0x0800518c                TIM1_UP_TIM10_IRQHandler
                0x0800518c                I2C3_ER_IRQHandler
                0x0800518c                I2C2_EV_IRQHandler
                0x0800518c                DMA1_Stream2_IRQHandler
                0x0800518c                FPU_IRQHandler
                0x0800518c                UsageFault_Handler
                0x0800518c                DMA2_Stream2_IRQHandler
                0x0800518c                SPI1_IRQHandler
                0x0800518c                TIM1_BRK_TIM9_IRQHandler
                0x0800518c                DMA2_Stream3_IRQHandler
                0x0800518c                USART6_IRQHandler
                0x0800518c                DMA2_Stream0_IRQHandler
                0x0800518c                TIM4_IRQHandler
                0x0800518c                I2C1_EV_IRQHandler
                0x0800518c                DMA1_Stream6_IRQHandler
                0x0800518c                DMA1_Stream1_IRQHandler
                0x0800518c                TIM3_IRQHandler
                0x0800518c                RCC_IRQHandler
                0x0800518c                Default_Handler
                0x0800518c                ADC_IRQHandler
                0x0800518c                DMA1_Stream7_IRQHandler
                0x0800518c                TIM5_IRQHandler
                0x0800518c                DMA2_Stream7_IRQHandler
                0x0800518c                I2C3_EV_IRQHandler
                0x0800518c                EXTI9_5_IRQHandler
                0x0800518c                RTC_WKUP_IRQHandler
                0x0800518c                SPI2_IRQHandler
                0x0800518c                MemManage_Handler
                0x0800518c                DMA1_Stream0_IRQHandler
                0x0800518c                SVC_Handler
                0x0800518c                EXTI4_IRQHandler
                0x0800518c                WWDG_IRQHandler
                0x0800518c                TIM2_IRQHandler
                0x0800518c                OTG_FS_WKUP_IRQHandler
                0x0800518c                TIM1_TRG_COM_TIM11_IRQHandler
                0x0800518c                I2C2_ER_IRQHandler
                0x0800518c                DMA2_Stream1_IRQHandler
                0x0800518c                FLASH_IRQHandler
                0x0800518c                DMA2_Stream4_IRQHandler
                0x0800518c                BusFault_Handler
                0x0800518c                USART1_IRQHandler
                0x0800518c                OTG_FS_IRQHandler
                0x0800518c                SPI3_IRQHandler
                0x0800518c                DMA1_Stream4_IRQHandler
                0x0800518c                I2C1_ER_IRQHandler
                0x0800518c                DMA2_Stream6_IRQHandler
                0x0800518c                DMA1_Stream3_IRQHandler
 *fill*         0x0800518e        0x2 
 .text.__libc_init_array
                0x08005190       0x48 c:/programdata/chocolatey/lib/gcc-arm-embedded/tools/gcc-arm-none-eabi-10.3-2021.10/bin/../lib/gcc/arm-none-eabi/10.3.1/../../../../arm-none-eabi/lib/thumb/v7e-m+fp/hard\libc_nano.a(lib_a-init.o)
                0x08005190                __libc_init_array
 *(.glue_7)
 .glue_7        0x080051d8        0x0 linker stubs
 *(.glue_7t)
 .glue_7t       0x080051d8        0x0 linker stubs
 *(.eh_frame)
 .eh_frame      0x080051d8        0x0 c:/programdata/chocolatey/lib/gcc-arm-embedded/tools/gcc-arm-none-eabi-10.3-2021.10/bin/../lib/gcc/arm-none-eabi/10.3.1/thumb/v7e-m+fp/hard/crtbegin.o
 *(.init)
 .init          0x080051d8        0x4 c:/programdata/chocolatey/lib/gcc-arm-embedded/tools/gcc-arm-none-eabi-10.3-2021.10/bin/../lib/gcc/arm-none-eabi/10.3.1/thumb/v7e-m+fp/hard/crti.o
                0x080051d8                _init
 .init          0x080051dc        0x8 c:/programdata/chocolatey/lib/gcc-arm-embedded/tools/gcc-arm-none-eabi-10.3-2021.10/bin/../lib/gcc/arm-none-eabi/10.3.1/thumb/v7e-m+fp/hard/crtn.o
 *(.fini)
 .fini          0x080051e4        0x4 c:/programdata/chocolatey/lib/gcc-arm-embedded/tools/gcc-arm-none-eabi-10.3-2021.10/bin/../lib/gcc/arm-none-eabi/10.3.1/thumb/v7e-m+fp/hard/crti.o
                0x080051e4                _fini
 .fini          0x080051e8        0x8 c:/programdata/chocolatey/lib/gcc-arm-embedded/tools/gcc-arm-none-eabi-10.3-2021.10/bin/../lib/gcc/arm-none-eabi/10.3.1/thumb/v7e-m+fp/hard/crtn.o
                0x080051f0                . = ALIGN (0x4)
                0x080051f0                _etext = .

.vfp11_veneer   0x080051f0        0x0
 .vfp11_veneer  0x080051f0        0x0 linker stubs

.v4_bx          0x080051f0        0x0
 .v4_bx         0x080051f0        0x0 linker stubs

.iplt           0x080051f0        0x0
 .iplt          0x080051f0        0x0 c:/programdata/chocolatey/lib/gcc-arm-embedded/tools/gcc-arm-none-eabi-10.3-2021.10/bin/../lib/gcc/arm-none-eabi/10.3.1/thumb/v7e-m+fp/hard/crtbegin.o

.rodata         0x080051f0      0x820
                0x080051f0                . = ALIGN (0x4)
 *(.rodata)
 .rodata        0x080051f0       0x38 build/stm32f4xx_hal_cortex.o
 .rodata        0x08005228       0x36 build/stm32f4xx_hal_gpio.o
 *fill*         0x0800525e        0x2 
 .rodata        0x08005260       0x35 build/stm32f4xx_hal_rcc.o
 *fill*         0x08005295        0x3 
 .rodata        0x08005298       0x35 build/stm32f4xx_hal_spi.o
 *fill*         0x080052cd        0x3 
 .rodata        0x080052d0       0x36 build/stm32f4xx_hal_uart.o
 *fill*         0x08005306        0x2 
 .rodata        0x08005308      0x3d7 build/example_usart.o
 *(.rodata*)
 *fill*         0x080056df        0x1 
 .rodata.L6470_Register
                0x080056e0      0x1f4 build/L6470.o
                0x080056e0                L6470_Register
 .rodata.L6470_ApplicationCommand
                0x080058d4      0x10a build/L6470.o
                0x080058d4                L6470_ApplicationCommand
 *fill*         0x080059de        0x2 
 .rodata.L6470_Direction
                0x080059e0       0x12 build/L6470.o
                0x080059e0                L6470_Direction
 *fill*         0x080059f2        0x2 
 .rodata.L6470_ACT
                0x080059f4        0xa build/L6470.o
                0x080059f4                L6470_ACT
 *fill*         0x080059fe        0x2 
 .rodata.APBAHBPrescTable
                0x08005a00       0x10 build/stm32f4xx_hal_rcc.o
                0x08005a00                APBAHBPrescTable
                0x08005a10                . = ALIGN (0x4)

.rel.dyn        0x08005a10        0x0
 .rel.iplt      0x08005a10        0x0 c:/programdata/chocolatey/lib/gcc-arm-embedded/tools/gcc-arm-none-eabi-10.3-2021.10/bin/../lib/gcc/arm-none-eabi/10.3.1/thumb/v7e-m+fp/hard/crtbegin.o

.ARM.extab
 *(.ARM.extab* .gnu.linkonce.armextab.*)

.ARM            0x08005a10        0x0
                0x08005a10                __exidx_start = .
 *(.ARM.exidx*)
                0x08005a10                __exidx_end = .

.preinit_array  0x08005a10        0x0
                0x08005a10                PROVIDE (__preinit_array_start = .)
 *(.preinit_array*)
                0x08005a10                PROVIDE (__preinit_array_end = .)

.init_array     0x08005a10        0x4
                0x08005a10                PROVIDE (__init_array_start = .)
 *(SORT_BY_NAME(.init_array.*))
 *(.init_array*)
 .init_array    0x08005a10        0x4 c:/programdata/chocolatey/lib/gcc-arm-embedded/tools/gcc-arm-none-eabi-10.3-2021.10/bin/../lib/gcc/arm-none-eabi/10.3.1/thumb/v7e-m+fp/hard/crtbegin.o
                0x08005a14                PROVIDE (__init_array_end = .)

.fini_array     0x08005a14        0x4
                [!provide]                PROVIDE (__fini_array_start = .)
 *(SORT_BY_NAME(.fini_array.*))
 *(.fini_array*)
 .fini_array    0x08005a14        0x4 c:/programdata/chocolatey/lib/gcc-arm-embedded/tools/gcc-arm-none-eabi-10.3-2021.10/bin/../lib/gcc/arm-none-eabi/10.3.1/thumb/v7e-m+fp/hard/crtbegin.o
                [!provide]                PROVIDE (__fini_array_end = .)
                0x08005a18                _sidata = LOADADDR (.data)

.data           0x20000000       0x3c load address 0x08005a18
                0x20000000                . = ALIGN (0x4)
                0x20000000                _sdata = .
 *(.data)
 *(.data*)
 .data.GPIO_PORT
                0x20000000        0x4 build/stm32f4xx_nucleo.o
                0x20000000                GPIO_PORT
 .data.BUTTON_PORT
                0x20000004        0x4 build/stm32f4xx_nucleo.o
                0x20000004                BUTTON_PORT
 .data.L6470_nSTBY_nRST_GPIO
                0x20000008        0xc build/xnucleoihm02a1.o
                0x20000008                L6470_nSTBY_nRST_GPIO
 .data.L6470_nBUSY_SYNC_GPIO
                0x20000014        0xc build/xnucleoihm02a1.o
                0x20000014                L6470_nBUSY_SYNC_GPIO
 .data.L6470_nFLAG_GPIO
                0x20000020        0xc build/xnucleoihm02a1.o
                0x20000020                L6470_nFLAG_GPIO
 .data.L6470_nCS_GPIO_Array
                0x2000002c        0xc build/xnucleoihm02a1.o
                0x2000002c                L6470_nCS_GPIO_Array
 .data.SystemCoreClock
                0x20000038        0x4 build/system_stm32f4xx.o
                0x20000038                SystemCoreClock
                0x2000003c                . = ALIGN (0x4)
                0x2000003c                _edata = .

.igot.plt       0x2000003c        0x0 load address 0x08005a54
 .igot.plt      0x2000003c        0x0 c:/programdata/chocolatey/lib/gcc-arm-embedded/tools/gcc-arm-none-eabi-10.3-2021.10/bin/../lib/gcc/arm-none-eabi/10.3.1/thumb/v7e-m+fp/hard/crtbegin.o
                0x2000003c                . = ALIGN (0x4)

.bss            0x2000003c      0x1c8 load address 0x08005a54
                0x2000003c                _sbss = .
                0x2000003c                __bss_start__ = _sbss
 *(.bss)
 .bss           0x2000003c       0x1c c:/programdata/chocolatey/lib/gcc-arm-embedded/tools/gcc-arm-none-eabi-10.3-2021.10/bin/../lib/gcc/arm-none-eabi/10.3.1/thumb/v7e-m+fp/hard/crtbegin.o
 *(.bss*)
 .bss.L6470_AppCmdPkg
                0x20000058       0x20 build/L6470.o
                0x20000058                L6470_AppCmdPkg
 .bss.L6470_DaisyChainSpiTxStruct
                0x20000078        0x8 build/L6470.o
                0x20000078                L6470_DaisyChainSpiTxStruct
 .bss.L6470_DaisyChainSpiRxStruct
                0x20000080        0x8 build/L6470.o
                0x20000080                L6470_DaisyChainSpiRxStruct
 .bss.L6470_DaisyChain_HalfPrepared
                0x20000088        0x1 build/L6470.o
                0x20000088                L6470_DaisyChain_HalfPrepared
 .bss.delay_cnt
                0x20000089        0x1 build/L6470.o
                0x20000089                delay_cnt
 *fill*         0x2000008a        0x2 
 .bss.L6470_nCS_GPIO
                0x2000008c        0xc build/xnucleoihm02a1.o
                0x2000008c                L6470_nCS_GPIO
 .bss.hspi1     0x20000098       0x58 build/xnucleoihm02a1_interface.o
                0x20000098                hspi1
 .bss.uwTick    0x200000f0        0x4 build/stm32f4xx_hal.o
 .bss.huart2    0x200000f4       0x40 build/example_usart.o
                0x200000f4                huart2
 .bss.L6470_DaisyChainMnemonic
                0x20000134       0x1a build/example_usart.o
                0x20000134                L6470_DaisyChainMnemonic
 *fill*         0x2000014e        0x2 
 .bss.UsartTextString
                0x20000150       0x40 build/example_usart.o
                0x20000150                UsartTextString
 .bss.L6470_TextCommandBundle
                0x20000190       0x60 build/example_usart.o
                0x20000190                L6470_TextCommandBundle
 .bss.ReceivedValue.1
                0x200001f0        0x8 build/example_usart.o
 .bss.HexValue.0
                0x200001f8        0x9 build/example_usart.o
 *(COMMON)
                0x20000204                . = ALIGN (0x4)
 *fill*         0x20000201        0x3 
                0x20000204                _ebss = .
                0x20000204                __bss_end__ = _ebss

._user_heap_stack
                0x20000204      0x604 load address 0x08005a54
                0x20000208                . = ALIGN (0x8)
 *fill*         0x20000204        0x4 
                [!provide]                PROVIDE (end = .)
                [!provide]                PROVIDE (_end = .)
                0x20000408                . = (. + _Min_Heap_Size)
 *fill*         0x20000208      0x200 
                0x20000808                . = (. + _Min_Stack_Size)
 *fill*         0x20000408      0x400 
                0x20000808                . = ALIGN (0x8)

/DISCARD/
 libc.a(*)
 libm.a(*)
 libgcc.a(*)

.ARM.attributes
                0x00000000       0x30
 *(.ARM.attributes)
 .ARM.attributes
                0x00000000       0x1e c:/programdata/chocolatey/lib/gcc-arm-embedded/tools/gcc-arm-none-eabi-10.3-2021.10/bin/../lib/gcc/arm-none-eabi/10.3.1/thumb/v7e-m+fp/hard/crti.o
 .ARM.attributes
                0x0000001e       0x34 c:/programdata/chocolatey/lib/gcc-arm-embedded/tools/gcc-arm-none-eabi-10.3-2021.10/bin/../lib/gcc/arm-none-eabi/10.3.1/thumb/v7e-m+fp/hard/crtbegin.o
 .ARM.attributes
                0x00000052       0x34 build/L6470.o
 .ARM.attributes
                0x00000086       0x34 build/stm32f4xx_nucleo.o
 .ARM.attributes
                0x000000ba       0x34 build/xnucleoihm02a1.o
 .ARM.attributes
                0x000000ee       0x34 build/xnucleoihm02a1_interface.o
 .ARM.attributes
                0x00000122       0x34 build/system_stm32f4xx.o
 .ARM.attributes
                0x00000156       0x34 build/stm32f4xx_hal.o
 .ARM.attributes
                0x0000018a       0x34 build/stm32f4xx_hal_cortex.o
 .ARM.attributes
                0x000001be       0x34 build/stm32f4xx_hal_gpio.o
 .ARM.attributes
                0x000001f2       0x34 build/stm32f4xx_hal_rcc.o
 .ARM.attributes
                0x00000226       0x34 build/stm32f4xx_hal_spi.o
 .ARM.attributes
                0x0000025a       0x34 build/stm32f4xx_hal_uart.o
 .ARM.attributes
                0x0000028e       0x34 build/example.o
 .ARM.attributes
                0x000002c2       0x34 build/example_usart.o
 .ARM.attributes
                0x000002f6       0x34 build/main.o
 .ARM.attributes
                0x0000032a       0x34 build/stm32f4xx_hal_msp.o
 .ARM.attributes
                0x0000035e       0x34 build/stm32f4xx_it.o
 .ARM.attributes
                0x00000392       0x21 build/startup_stm32f401xe.o
 .ARM.attributes
                0x000003b3       0x34 c:/programdata/chocolatey/lib/gcc-arm-embedded/tools/gcc-arm-none-eabi-10.3-2021.10/bin/../lib/gcc/arm-none-eabi/10.3.1/../../../../arm-none-eabi/lib/thumb/v7e-m+fp/hard\libc_nano.a(lib_a-init.o)
 .ARM.attributes
                0x000003e7       0x1e c:/programdata/chocolatey/lib/gcc-arm-embedded/tools/gcc-arm-none-eabi-10.3-2021.10/bin/../lib/gcc/arm-none-eabi/10.3.1/thumb/v7e-m+fp/hard/crtn.o
OUTPUT(build/START.elf elf32-littlearm)
LOAD linker stubs
LOAD c:/programdata/chocolatey/lib/gcc-arm-embedded/tools/gcc-arm-none-eabi-10.3-2021.10/bin/../lib/gcc/arm-none-eabi/10.3.1/../../../../arm-none-eabi/lib/thumb/v7e-m+fp/hard\libc.a
LOAD c:/programdata/chocolatey/lib/gcc-arm-embedded/tools/gcc-arm-none-eabi-10.3-2021.10/bin/../lib/gcc/arm-none-eabi/10.3.1/../../../../arm-none-eabi/lib/thumb/v7e-m+fp/hard\libm.a
LOAD c:/programdata/chocolatey/lib/gcc-arm-embedded/tools/gcc-arm-none-eabi-10.3-2021.10/bin/../lib/gcc/arm-none-eabi/10.3.1/thumb/v7e-m+fp/hard\libgcc.a

.debug_info     0x00000000    0x1014a
 .debug_info    0x00000000     0x2724 build/L6470.o
 .debug_info    0x00002724     0x172f build/stm32f4xx_nucleo.o
 .debug_info    0x00003e53     0x1edf build/xnucleoihm02a1.o
 .debug_info    0x00005d32     0x122b build/xnucleoihm02a1_interface.o
 .debug_info    0x00006f5d      0x569 build/system_stm32f4xx.o
 .debug_info    0x000074c6      0x889 build/stm32f4xx_hal.o
 .debug_info    0x00007d4f      0xe16 build/stm32f4xx_hal_cortex.o
 .debug_info    0x00008b65      0x7fa build/stm32f4xx_hal_gpio.o
 .debug_info    0x0000935f      0xbe8 build/stm32f4xx_hal_rcc.o
 .debug_info    0x00009f47     0x118a build/stm32f4xx_hal_spi.o
 .debug_info    0x0000b0d1     0x10d2 build/stm32f4xx_hal_uart.o
 .debug_info    0x0000c1a3     0x1497 build/example.o
 .debug_info    0x0000d63a     0x111f build/example_usart.o
 .debug_info    0x0000e759      0x110 build/main.o
 .debug_info    0x0000e869     0x1283 build/stm32f4xx_hal_msp.o
 .debug_info    0x0000faec      0x63c build/stm32f4xx_it.o
 .debug_info    0x00010128       0x22 build/startup_stm32f401xe.o

.debug_abbrev   0x00000000     0x216c
 .debug_abbrev  0x00000000      0x2e2 build/L6470.o
 .debug_abbrev  0x000002e2      0x292 build/stm32f4xx_nucleo.o
 .debug_abbrev  0x00000574      0x28d build/xnucleoihm02a1.o
 .debug_abbrev  0x00000801      0x212 build/xnucleoihm02a1_interface.o
 .debug_abbrev  0x00000a13      0x128 build/system_stm32f4xx.o
 .debug_abbrev  0x00000b3b      0x23a build/stm32f4xx_hal.o
 .debug_abbrev  0x00000d75      0x2ba build/stm32f4xx_hal_cortex.o
 .debug_abbrev  0x0000102f      0x1c3 build/stm32f4xx_hal_gpio.o
 .debug_abbrev  0x000011f2      0x2bf build/stm32f4xx_hal_rcc.o
 .debug_abbrev  0x000014b1      0x245 build/stm32f4xx_hal_spi.o
 .debug_abbrev  0x000016f6      0x243 build/stm32f4xx_hal_uart.o
 .debug_abbrev  0x00001939      0x234 build/example.o
 .debug_abbrev  0x00001b6d      0x2ac build/example_usart.o
 .debug_abbrev  0x00001e19       0x8d build/main.o
 .debug_abbrev  0x00001ea6      0x187 build/stm32f4xx_hal_msp.o
 .debug_abbrev  0x0000202d      0x12d build/stm32f4xx_it.o
 .debug_abbrev  0x0000215a       0x12 build/startup_stm32f401xe.o

.debug_loc      0x00000000     0x68ec
 .debug_loc     0x00000000     0x1820 build/L6470.o
 .debug_loc     0x00001820      0x7d4 build/stm32f4xx_nucleo.o
 .debug_loc     0x00001ff4      0xd28 build/xnucleoihm02a1.o
 .debug_loc     0x00002d1c      0x242 build/xnucleoihm02a1_interface.o
 .debug_loc     0x00002f5e       0xa0 build/system_stm32f4xx.o
 .debug_loc     0x00002ffe      0x5ac build/stm32f4xx_hal.o
 .debug_loc     0x000035aa      0x93c build/stm32f4xx_hal_cortex.o
 .debug_loc     0x00003ee6      0x28c build/stm32f4xx_hal_gpio.o
 .debug_loc     0x00004172      0x432 build/stm32f4xx_hal_rcc.o
 .debug_loc     0x000045a4      0xd1c build/stm32f4xx_hal_spi.o
 .debug_loc     0x000052c0      0xcf0 build/stm32f4xx_hal_uart.o
 .debug_loc     0x00005fb0      0x178 build/example.o
 .debug_loc     0x00006128      0x454 build/example_usart.o
 .debug_loc     0x0000657c       0x88 build/main.o
 .debug_loc     0x00006604      0x20c build/stm32f4xx_hal_msp.o
 .debug_loc     0x00006810       0xdc build/stm32f4xx_it.o

.debug_aranges  0x00000000      0xc40
 .debug_aranges
                0x00000000      0x260 build/L6470.o
 .debug_aranges
                0x00000260       0xf0 build/stm32f4xx_nucleo.o
 .debug_aranges
                0x00000350      0x170 build/xnucleoihm02a1.o
 .debug_aranges
                0x000004c0       0x60 build/xnucleoihm02a1_interface.o
 .debug_aranges
                0x00000520       0x28 build/system_stm32f4xx.o
 .debug_aranges
                0x00000548       0xc0 build/stm32f4xx_hal.o
 .debug_aranges
                0x00000608      0x108 build/stm32f4xx_hal_cortex.o
 .debug_aranges
                0x00000710       0x58 build/stm32f4xx_hal_gpio.o
 .debug_aranges
                0x00000768       0x88 build/stm32f4xx_hal_rcc.o
 .debug_aranges
                0x000007f0      0x158 build/stm32f4xx_hal_spi.o
 .debug_aranges
                0x00000948      0x150 build/stm32f4xx_hal_uart.o
 .debug_aranges
                0x00000a98       0x40 build/example.o
 .debug_aranges
                0x00000ad8       0x88 build/example_usart.o
 .debug_aranges
                0x00000b60       0x28 build/main.o
 .debug_aranges
                0x00000b88       0x50 build/stm32f4xx_hal_msp.o
 .debug_aranges
                0x00000bd8       0x40 build/stm32f4xx_it.o
 .debug_aranges
                0x00000c18       0x28 build/startup_stm32f401xe.o

.debug_ranges   0x00000000      0xb38
 .debug_ranges  0x00000000      0x250 build/L6470.o
 .debug_ranges  0x00000250       0xe0 build/stm32f4xx_nucleo.o
 .debug_ranges  0x00000330      0x160 build/xnucleoihm02a1.o
 .debug_ranges  0x00000490       0x50 build/xnucleoihm02a1_interface.o
 .debug_ranges  0x000004e0       0x18 build/system_stm32f4xx.o
 .debug_ranges  0x000004f8       0xb0 build/stm32f4xx_hal.o
 .debug_ranges  0x000005a8       0xf8 build/stm32f4xx_hal_cortex.o
 .debug_ranges  0x000006a0       0x48 build/stm32f4xx_hal_gpio.o
 .debug_ranges  0x000006e8       0x78 build/stm32f4xx_hal_rcc.o
 .debug_ranges  0x00000760      0x148 build/stm32f4xx_hal_spi.o
 .debug_ranges  0x000008a8      0x140 build/stm32f4xx_hal_uart.o
 .debug_ranges  0x000009e8       0x30 build/example.o
 .debug_ranges  0x00000a18       0x78 build/example_usart.o
 .debug_ranges  0x00000a90       0x18 build/main.o
 .debug_ranges  0x00000aa8       0x40 build/stm32f4xx_hal_msp.o
 .debug_ranges  0x00000ae8       0x30 build/stm32f4xx_it.o
 .debug_ranges  0x00000b18       0x20 build/startup_stm32f401xe.o

.debug_line     0x00000000     0x91d3
 .debug_line    0x00000000     0x1167 build/L6470.o
 .debug_line    0x00001167      0x778 build/stm32f4xx_nucleo.o
 .debug_line    0x000018df      0x887 build/xnucleoihm02a1.o
 .debug_line    0x00002166      0x50b build/xnucleoihm02a1_interface.o
 .debug_line    0x00002671      0x2a2 build/system_stm32f4xx.o
 .debug_line    0x00002913      0x46e build/stm32f4xx_hal.o
 .debug_line    0x00002d81      0x8f7 build/stm32f4xx_hal_cortex.o
 .debug_line    0x00003678      0x78a build/stm32f4xx_hal_gpio.o
 .debug_line    0x00003e02      0xc6a build/stm32f4xx_hal_rcc.o
 .debug_line    0x00004a6c     0x160d build/stm32f4xx_hal_spi.o
 .debug_line    0x00006079     0x1178 build/stm32f4xx_hal_uart.o
 .debug_line    0x000071f1      0x6df build/example.o
 .debug_line    0x000078d0     0x1037 build/example_usart.o
 .debug_line    0x00008907      0x1a6 build/main.o
 .debug_line    0x00008aad      0x39d build/stm32f4xx_hal_msp.o
 .debug_line    0x00008e4a      0x2de build/stm32f4xx_it.o
 .debug_line    0x00009128       0xab build/startup_stm32f401xe.o

.debug_str      0x00000000     0x3cfa
 .debug_str     0x00000000     0x12c4 build/L6470.o
                               0x17c9 (size before relaxing)
 .debug_str     0x000012c4      0xae8 build/stm32f4xx_nucleo.o
                               0x118b (size before relaxing)
 .debug_str     0x00001dac      0x490 build/xnucleoihm02a1.o
                               0x12d7 (size before relaxing)
 .debug_str     0x0000223c      0x36d build/xnucleoihm02a1_interface.o
                                0xdaa (size before relaxing)
 .debug_str     0x000025a9       0xe6 build/system_stm32f4xx.o
                                0x373 (size before relaxing)
 .debug_str     0x0000268f      0x252 build/stm32f4xx_hal.o
                                0x8aa (size before relaxing)
 .debug_str     0x000028e1      0x378 build/stm32f4xx_hal_cortex.o
                                0xa79 (size before relaxing)
 .debug_str     0x00002c59      0x155 build/stm32f4xx_hal_gpio.o
                                0x4c2 (size before relaxing)
 .debug_str     0x00002dae      0x198 build/stm32f4xx_hal_rcc.o
                                0x676 (size before relaxing)
 .debug_str     0x00002f46      0x3a5 build/stm32f4xx_hal_spi.o
                                0xa24 (size before relaxing)
 .debug_str     0x000032eb      0x368 build/stm32f4xx_hal_uart.o
                                0x9e9 (size before relaxing)
 .debug_str     0x00003653      0x137 build/example.o
                                0xefb (size before relaxing)
 .debug_str     0x0000378a      0x375 build/example_usart.o
                                0xf2d (size before relaxing)
 .debug_str     0x00003aff       0x6e build/main.o
                                0x1f7 (size before relaxing)
 .debug_str     0x00003b6d       0x80 build/stm32f4xx_hal_msp.o
                                0xfb3 (size before relaxing)
 .debug_str     0x00003bed       0xb2 build/stm32f4xx_it.o
                                0x689 (size before relaxing)
 .debug_str     0x00003c9f       0x5b build/startup_stm32f401xe.o
                                 0x7e (size before relaxing)

.comment        0x00000000       0x49
 .comment       0x00000000       0x49 build/L6470.o
                                 0x4a (size before relaxing)
 .comment       0x00000049       0x4a build/stm32f4xx_nucleo.o
 .comment       0x00000049       0x4a build/xnucleoihm02a1.o
 .comment       0x00000049       0x4a build/xnucleoihm02a1_interface.o
 .comment       0x00000049       0x4a build/system_stm32f4xx.o
 .comment       0x00000049       0x4a build/stm32f4xx_hal.o
 .comment       0x00000049       0x4a build/stm32f4xx_hal_cortex.o
 .comment       0x00000049       0x4a build/stm32f4xx_hal_gpio.o
 .comment       0x00000049       0x4a build/stm32f4xx_hal_rcc.o
 .comment       0x00000049       0x4a build/stm32f4xx_hal_spi.o
 .comment       0x00000049       0x4a build/stm32f4xx_hal_uart.o
 .comment       0x00000049       0x4a build/example.o
 .comment       0x00000049       0x4a build/example_usart.o
 .comment       0x00000049       0x4a build/main.o
 .comment       0x00000049       0x4a build/stm32f4xx_hal_msp.o
 .comment       0x00000049       0x4a build/stm32f4xx_it.o

.debug_frame    0x00000000     0x3134
 .debug_frame   0x00000000      0xad0 build/L6470.o
 .debug_frame   0x00000ad0      0x3b8 build/stm32f4xx_nucleo.o
 .debug_frame   0x00000e88      0x614 build/xnucleoihm02a1.o
 .debug_frame   0x0000149c      0x134 build/xnucleoihm02a1_interface.o
 .debug_frame   0x000015d0       0x58 build/system_stm32f4xx.o
 .debug_frame   0x00001628      0x2c0 build/stm32f4xx_hal.o
 .debug_frame   0x000018e8      0x44c build/stm32f4xx_hal_cortex.o
 .debug_frame   0x00001d34      0x138 build/stm32f4xx_hal_gpio.o
 .debug_frame   0x00001e6c      0x204 build/stm32f4xx_hal_rcc.o
 .debug_frame   0x00002070      0x5f4 build/stm32f4xx_hal_spi.o
 .debug_frame   0x00002664      0x5d4 build/stm32f4xx_hal_uart.o
 .debug_frame   0x00002c38       0xc4 build/example.o
 .debug_frame   0x00002cfc      0x218 build/example_usart.o
 .debug_frame   0x00002f14       0x54 build/main.o
 .debug_frame   0x00002f68      0x104 build/stm32f4xx_hal_msp.o
 .debug_frame   0x0000306c       0x9c build/stm32f4xx_it.o
 .debug_frame   0x00003108       0x2c c:/programdata/chocolatey/lib/gcc-arm-embedded/tools/gcc-arm-none-eabi-10.3-2021.10/bin/../lib/gcc/arm-none-eabi/10.3.1/../../../../arm-none-eabi/lib/thumb/v7e-m+fp/hard\libc_nano.a(lib_a-init.o)

Cross Reference Table

Symbol                                            File
ADC_IRQHandler                                    build/startup_stm32f401xe.o
AHBPrescTable                                     build/system_stm32f4xx.o
APBAHBPrescTable                                  build/stm32f4xx_hal_rcc.o
AbsPos_2_Position                                 build/L6470.o
Acc_2_Step_s2                                     build/L6470.o
BSP_0_Config                                      build/xnucleoihm02a1.o
BSP_1_Config                                      build/xnucleoihm02a1.o
BSP_2_Config                                      build/xnucleoihm02a1.o
BSP_3_Config                                      build/xnucleoihm02a1.o
BSP_Config                                        build/xnucleoihm02a1.o
BSP_EmergencyStop                                 build/xnucleoihm02a1.o
                                                  build/example.o
BSP_GetExpansionBoardHandle                       build/xnucleoihm02a1.o
                                                  build/example.o
BSP_GetVersion                                    build/stm32f4xx_nucleo.o
BSP_IRQ                                           build/xnucleoihm02a1.o
BSP_Init                                          build/xnucleoihm02a1.o
                                                  build/main.o
BSP_JOY_GetState                                  build/stm32f4xx_nucleo.o
BSP_JOY_Init                                      build/stm32f4xx_nucleo.o
BSP_L6470_0_0_Config                              build/xnucleoihm02a1.o
BSP_L6470_0_1_Config                              build/xnucleoihm02a1.o
BSP_L6470_1_0_Config                              build/xnucleoihm02a1.o
BSP_L6470_1_1_Config                              build/xnucleoihm02a1.o
BSP_L6470_2_0_Config                              build/xnucleoihm02a1.o
BSP_L6470_2_1_Config                              build/xnucleoihm02a1.o
BSP_L6470_3_0_Config                              build/xnucleoihm02a1.o
BSP_L6470_3_1_Config                              build/xnucleoihm02a1.o
BSP_L6470_BusySynchEventManager                   build/xnucleoihm02a1.o
                                                  build/example.o
BSP_L6470_CheckStatusRegisterFlag                 build/xnucleoihm02a1.o
BSP_L6470_FlagEventManager                        build/xnucleoihm02a1.o
                                                  build/example.o
BSP_L6470_GetParam                                build/xnucleoihm02a1.o
BSP_L6470_GetStatus                               build/xnucleoihm02a1.o
BSP_L6470_GoHome                                  build/xnucleoihm02a1.o
BSP_L6470_GoMark                                  build/xnucleoihm02a1.o
BSP_L6470_GoTo                                    build/xnucleoihm02a1.o
BSP_L6470_GoToDir                                 build/xnucleoihm02a1.o
BSP_L6470_GoUntil                                 build/xnucleoihm02a1.o
BSP_L6470_HardHiZ                                 build/xnucleoihm02a1.o
BSP_L6470_HardStop                                build/xnucleoihm02a1.o
BSP_L6470_Init                                    build/xnucleoihm02a1.o
BSP_L6470_Move                                    build/xnucleoihm02a1.o
BSP_L6470_PerformPreparedApplicationCommand       build/xnucleoihm02a1.o
BSP_L6470_ReleaseSW                               build/xnucleoihm02a1.o
BSP_L6470_ResetDevice                             build/xnucleoihm02a1.o
BSP_L6470_ResetPos                                build/xnucleoihm02a1.o
BSP_L6470_Run                                     build/xnucleoihm02a1.o
BSP_L6470_SetParam                                build/xnucleoihm02a1.o
BSP_L6470_SoftHiZ                                 build/xnucleoihm02a1.o
BSP_L6470_SoftStop                                build/xnucleoihm02a1.o
BSP_L6470_StepClock                               build/xnucleoihm02a1.o
BSP_LED_Init                                      build/stm32f4xx_nucleo.o
                                                  build/xnucleoihm02a1_interface.o
BSP_LED_Off                                       build/stm32f4xx_nucleo.o
                                                  build/xnucleoihm02a1_interface.o
BSP_LED_On                                        build/stm32f4xx_nucleo.o
                                                  build/example.o
                                                  build/xnucleoihm02a1_interface.o
BSP_LED_Toggle                                    build/stm32f4xx_nucleo.o
BSP_NUCLEO_GPIO_Init                              build/xnucleoihm02a1.o
BSP_PB_GetState                                   build/stm32f4xx_nucleo.o
BSP_PB_Init                                       build/stm32f4xx_nucleo.o
                                                  build/xnucleoihm02a1_interface.o
BSP_ST1S14_PGOOD                                  build/example.o
BSP_Select                                        build/xnucleoihm02a1.o
                                                  build/example_usart.o
BUTTON_IRQn                                       build/stm32f4xx_nucleo.o
BUTTON_PIN                                        build/stm32f4xx_nucleo.o
BUTTON_PORT                                       build/stm32f4xx_nucleo.o
BusFault_Handler                                  build/startup_stm32f401xe.o
CompareTwoTextString                              build/example_usart.o
ControlMotorWithButton                            build/example.o
DMA1_Stream0_IRQHandler                           build/startup_stm32f401xe.o
DMA1_Stream1_IRQHandler                           build/startup_stm32f401xe.o
DMA1_Stream2_IRQHandler                           build/startup_stm32f401xe.o
DMA1_Stream3_IRQHandler                           build/startup_stm32f401xe.o
DMA1_Stream4_IRQHandler                           build/startup_stm32f401xe.o
DMA1_Stream5_IRQHandler                           build/startup_stm32f401xe.o
DMA1_Stream6_IRQHandler                           build/startup_stm32f401xe.o
DMA1_Stream7_IRQHandler                           build/startup_stm32f401xe.o
DMA2_Stream0_IRQHandler                           build/startup_stm32f401xe.o
DMA2_Stream1_IRQHandler                           build/startup_stm32f401xe.o
DMA2_Stream2_IRQHandler                           build/startup_stm32f401xe.o
DMA2_Stream3_IRQHandler                           build/startup_stm32f401xe.o
DMA2_Stream4_IRQHandler                           build/startup_stm32f401xe.o
DMA2_Stream5_IRQHandler                           build/startup_stm32f401xe.o
DMA2_Stream6_IRQHandler                           build/startup_stm32f401xe.o
DMA2_Stream7_IRQHandler                           build/startup_stm32f401xe.o
DebugMon_Handler                                  build/startup_stm32f401xe.o
Dec_2_Step_s2                                     build/L6470.o
Default_Handler                                   build/startup_stm32f401xe.o
EXPBRD_ID                                         build/xnucleoihm02a1.o
                                                  build/example_usart.o
                                                  build/example.o
EXTI0_IRQHandler                                  build/stm32f4xx_it.o
EXTI15_10_IRQHandler                              build/stm32f4xx_it.o
EXTI1_IRQHandler                                  build/stm32f4xx_it.o
EXTI2_IRQHandler                                  build/startup_stm32f401xe.o
EXTI3_IRQHandler                                  build/startup_stm32f401xe.o
EXTI4_IRQHandler                                  build/startup_stm32f401xe.o
EXTI9_5_IRQHandler                                build/startup_stm32f401xe.o
FLASH_Erase_Sector                                build/stm32f4xx_hal_flash_ex.o
                                                  build/stm32f4xx_hal_flash.o
FLASH_FlushCaches                                 build/stm32f4xx_hal_flash_ex.o
                                                  build/stm32f4xx_hal_flash.o
FLASH_IRQHandler                                  build/startup_stm32f401xe.o
FLASH_WaitForLastOperation                        build/stm32f4xx_hal_flash.o
                                                  build/stm32f4xx_hal_flash_ex.o
FPU_IRQHandler                                    build/startup_stm32f401xe.o
Fill_L6470_DaisyChainMnemonic                     build/example_usart.o
                                                  build/main.o
FnSlpAcc_2_s_Step                                 build/L6470.o
FnSlpDec_2_s_Step                                 build/L6470.o
FsSpd_2_Step_s                                    build/L6470.o
GPIO_PIN                                          build/stm32f4xx_nucleo.o
GPIO_PORT                                         build/stm32f4xx_nucleo.o
GetMotorParameterInitData                         build/params.o
                                                  build/example.o
HAL_ADCEx_InjectedConfigChannel                   build/stm32f4xx_hal_adc_ex.o
HAL_ADCEx_InjectedConvCpltCallback                build/stm32f4xx_hal_adc_ex.o
                                                  build/stm32f4xx_hal_adc.o
HAL_ADCEx_InjectedGetValue                        build/stm32f4xx_hal_adc_ex.o
HAL_ADCEx_InjectedPollForConversion               build/stm32f4xx_hal_adc_ex.o
HAL_ADCEx_InjectedStart                           build/stm32f4xx_hal_adc_ex.o
HAL_ADCEx_InjectedStart_IT                        build/stm32f4xx_hal_adc_ex.o
HAL_ADCEx_InjectedStop                            build/stm32f4xx_hal_adc_ex.o
HAL_ADCEx_InjectedStop_IT                         build/stm32f4xx_hal_adc_ex.o
HAL_ADCEx_MultiModeConfigChannel                  build/stm32f4xx_hal_adc_ex.o
HAL_ADCEx_MultiModeGetValue                       build/stm32f4xx_hal_adc_ex.o
HAL_ADCEx_MultiModeStart_DMA                      build/stm32f4xx_hal_adc_ex.o
HAL_ADCEx_MultiModeStop_DMA                       build/stm32f4xx_hal_adc_ex.o
HAL_ADC_AnalogWDGConfig                           build/stm32f4xx_hal_adc.o
HAL_ADC_ConfigChannel                             build/stm32f4xx_hal_adc.o
                                                  build/xnucleoihm02a1_interface.o
                                                  build/stm32f4xx_nucleo.o
HAL_ADC_ConvCpltCallback                          build/stm32f4xx_hal_adc.o
                                                  build/stm32f4xx_hal_adc_ex.o
HAL_ADC_ConvHalfCpltCallback                      build/stm32f4xx_hal_adc.o
                                                  build/stm32f4xx_hal_adc_ex.o
HAL_ADC_DeInit                                    build/stm32f4xx_hal_adc.o
HAL_ADC_ErrorCallback                             build/stm32f4xx_hal_adc.o
                                                  build/stm32f4xx_hal_adc_ex.o
HAL_ADC_GetError                                  build/stm32f4xx_hal_adc.o
HAL_ADC_GetState                                  build/stm32f4xx_hal_adc.o
                                                  build/stm32f4xx_nucleo.o
HAL_ADC_GetValue                                  build/stm32f4xx_hal_adc.o
                                                  build/stm32f4xx_nucleo.o
HAL_ADC_IRQHandler                                build/stm32f4xx_hal_adc.o
HAL_ADC_Init                                      build/stm32f4xx_hal_adc.o
                                                  build/xnucleoihm02a1_interface.o
                                                  build/stm32f4xx_nucleo.o
HAL_ADC_LevelOutOfWindowCallback                  build/stm32f4xx_hal_adc.o
HAL_ADC_MspDeInit                                 build/stm32f4xx_hal_msp.o
                                                  build/stm32f4xx_hal_adc.o
HAL_ADC_MspInit                                   build/stm32f4xx_hal_msp.o
                                                  build/stm32f4xx_hal_adc.o
HAL_ADC_PollForConversion                         build/stm32f4xx_hal_adc.o
                                                  build/stm32f4xx_nucleo.o
HAL_ADC_PollForEvent                              build/stm32f4xx_hal_adc.o
HAL_ADC_Start                                     build/stm32f4xx_hal_adc.o
                                                  build/stm32f4xx_nucleo.o
HAL_ADC_Start_DMA                                 build/stm32f4xx_hal_adc.o
HAL_ADC_Start_IT                                  build/stm32f4xx_hal_adc.o
HAL_ADC_Stop                                      build/stm32f4xx_hal_adc.o
HAL_ADC_Stop_DMA                                  build/stm32f4xx_hal_adc.o
HAL_ADC_Stop_IT                                   build/stm32f4xx_hal_adc.o
HAL_DBGMCU_DisableDBGSleepMode                    build/stm32f4xx_hal.o
HAL_DBGMCU_DisableDBGStandbyMode                  build/stm32f4xx_hal.o
HAL_DBGMCU_DisableDBGStopMode                     build/stm32f4xx_hal.o
HAL_DBGMCU_EnableDBGSleepMode                     build/stm32f4xx_hal.o
HAL_DBGMCU_EnableDBGStandbyMode                   build/stm32f4xx_hal.o
HAL_DBGMCU_EnableDBGStopMode                      build/stm32f4xx_hal.o
HAL_DMAEx_ChangeMemory                            build/stm32f4xx_hal_dma_ex.o
HAL_DMAEx_MultiBufferStart                        build/stm32f4xx_hal_dma_ex.o
HAL_DMAEx_MultiBufferStart_IT                     build/stm32f4xx_hal_dma_ex.o
HAL_DMA_Abort                                     build/stm32f4xx_hal_dma.o
                                                  build/stm32f4xx_hal_uart.o
                                                  build/stm32f4xx_hal_spi.o
                                                  build/stm32f4xx_hal_adc_ex.o
                                                  build/stm32f4xx_hal_adc.o
HAL_DMA_DeInit                                    build/stm32f4xx_hal_dma.o
HAL_DMA_GetError                                  build/stm32f4xx_hal_dma.o
HAL_DMA_GetState                                  build/stm32f4xx_hal_dma.o
HAL_DMA_IRQHandler                                build/stm32f4xx_hal_dma.o
HAL_DMA_Init                                      build/stm32f4xx_hal_dma.o
HAL_DMA_PollForTransfer                           build/stm32f4xx_hal_dma.o
HAL_DMA_Start                                     build/stm32f4xx_hal_dma.o
HAL_DMA_Start_IT                                  build/stm32f4xx_hal_dma.o
                                                  build/stm32f4xx_hal_uart.o
                                                  build/stm32f4xx_hal_spi.o
                                                  build/stm32f4xx_hal_adc_ex.o
                                                  build/stm32f4xx_hal_adc.o
HAL_DeInit                                        build/stm32f4xx_hal.o
HAL_Delay                                         build/stm32f4xx_hal.o
                                                  build/example.o
                                                  build/xnucleoihm02a1_interface.o
                                                  build/stm32f4xx_nucleo.o
HAL_DisableCompensationCell                       build/stm32f4xx_hal.o
HAL_EnableCompensationCell                        build/stm32f4xx_hal.o
HAL_FLASHEx_AdvOBGetConfig                        build/stm32f4xx_hal_flash_ex.o
HAL_FLASHEx_AdvOBProgram                          build/stm32f4xx_hal_flash_ex.o
HAL_FLASHEx_Erase                                 build/stm32f4xx_hal_flash_ex.o
HAL_FLASHEx_Erase_IT                              build/stm32f4xx_hal_flash_ex.o
HAL_FLASHEx_OBGetConfig                           build/stm32f4xx_hal_flash_ex.o
HAL_FLASHEx_OBProgram                             build/stm32f4xx_hal_flash_ex.o
HAL_FLASHEx_OB_DeSelectPCROP                      build/stm32f4xx_hal_flash_ex.o
HAL_FLASHEx_OB_SelectPCROP                        build/stm32f4xx_hal_flash_ex.o
HAL_FLASH_EndOfOperationCallback                  build/stm32f4xx_hal_flash.o
HAL_FLASH_GetError                                build/stm32f4xx_hal_flash.o
HAL_FLASH_IRQHandler                              build/stm32f4xx_hal_flash.o
HAL_FLASH_Lock                                    build/stm32f4xx_hal_flash.o
HAL_FLASH_OB_Launch                               build/stm32f4xx_hal_flash.o
HAL_FLASH_OB_Lock                                 build/stm32f4xx_hal_flash.o
HAL_FLASH_OB_Unlock                               build/stm32f4xx_hal_flash.o
HAL_FLASH_OperationErrorCallback                  build/stm32f4xx_hal_flash.o
HAL_FLASH_Program                                 build/stm32f4xx_hal_flash.o
HAL_FLASH_Program_IT                              build/stm32f4xx_hal_flash.o
HAL_FLASH_Unlock                                  build/stm32f4xx_hal_flash.o
HAL_GPIO_DeInit                                   build/stm32f4xx_hal_gpio.o
                                                  build/stm32f4xx_hal_msp.o
HAL_GPIO_EXTI_Callback                            build/example.o
                                                  build/stm32f4xx_hal_gpio.o
HAL_GPIO_EXTI_IRQHandler                          build/stm32f4xx_hal_gpio.o
                                                  build/stm32f4xx_it.o
HAL_GPIO_Init                                     build/stm32f4xx_hal_gpio.o
                                                  build/stm32f4xx_hal_msp.o
                                                  build/stm32f4xx_hal_rcc.o
                                                  build/xnucleoihm02a1.o
                                                  build/stm32f4xx_nucleo.o
HAL_GPIO_LockPin                                  build/stm32f4xx_hal_gpio.o
HAL_GPIO_ReadPin                                  build/stm32f4xx_hal_gpio.o
                                                  build/example.o
                                                  build/stm32f4xx_nucleo.o
HAL_GPIO_TogglePin                                build/stm32f4xx_hal_gpio.o
                                                  build/stm32f4xx_nucleo.o
HAL_GPIO_WritePin                                 build/stm32f4xx_hal_gpio.o
                                                  build/xnucleoihm02a1.o
                                                  build/stm32f4xx_nucleo.o
                                                  build/L6470.o
HAL_GetDEVID                                      build/stm32f4xx_hal.o
HAL_GetHalVersion                                 build/stm32f4xx_hal.o
HAL_GetREVID                                      build/stm32f4xx_hal.o
HAL_GetTick                                       build/stm32f4xx_hal.o
                                                  build/stm32f4xx_hal_uart.o
                                                  build/stm32f4xx_hal_spi.o
                                                  build/stm32f4xx_hal_rcc_ex.o
                                                  build/stm32f4xx_hal_rcc.o
                                                  build/stm32f4xx_hal_pwr_ex.o
                                                  build/stm32f4xx_hal_flash.o
                                                  build/stm32f4xx_hal_dma.o
                                                  build/stm32f4xx_hal_adc_ex.o
                                                  build/stm32f4xx_hal_adc.o
HAL_HalfDuplex_EnableReceiver                     build/stm32f4xx_hal_uart.o
HAL_HalfDuplex_EnableTransmitter                  build/stm32f4xx_hal_uart.o
HAL_HalfDuplex_Init                               build/stm32f4xx_hal_uart.o
HAL_IncTick                                       build/stm32f4xx_hal.o
                                                  build/stm32f4xx_it.o
HAL_Init                                          build/stm32f4xx_hal.o
                                                  build/xnucleoihm02a1_interface.o
HAL_InitTick                                      build/stm32f4xx_hal.o
                                                  build/stm32f4xx_hal_rcc.o
HAL_LIN_Init                                      build/stm32f4xx_hal_uart.o
HAL_LIN_SendBreak                                 build/stm32f4xx_hal_uart.o
HAL_MPU_ConfigRegion                              build/stm32f4xx_hal_cortex.o
HAL_MspDeInit                                     build/stm32f4xx_hal.o
HAL_MspInit                                       build/stm32f4xx_hal_msp.o
                                                  build/stm32f4xx_hal.o
HAL_MultiProcessor_EnterMuteMode                  build/stm32f4xx_hal_uart.o
HAL_MultiProcessor_ExitMuteMode                   build/stm32f4xx_hal_uart.o
HAL_MultiProcessor_Init                           build/stm32f4xx_hal_uart.o
HAL_NVIC_ClearPendingIRQ                          build/stm32f4xx_hal_cortex.o
HAL_NVIC_DisableIRQ                               build/stm32f4xx_hal_cortex.o
                                                  build/stm32f4xx_hal_msp.o
                                                  build/xnucleoihm02a1.o
HAL_NVIC_EnableIRQ                                build/stm32f4xx_hal_cortex.o
                                                  build/stm32f4xx_hal_msp.o
                                                  build/xnucleoihm02a1.o
                                                  build/stm32f4xx_nucleo.o
HAL_NVIC_GetActive                                build/stm32f4xx_hal_cortex.o
HAL_NVIC_GetPendingIRQ                            build/stm32f4xx_hal_cortex.o
HAL_NVIC_GetPriority                              build/stm32f4xx_hal_cortex.o
HAL_NVIC_GetPriorityGrouping                      build/stm32f4xx_hal_cortex.o
HAL_NVIC_SetPendingIRQ                            build/stm32f4xx_hal_cortex.o
HAL_NVIC_SetPriority                              build/stm32f4xx_hal_cortex.o
                                                  build/stm32f4xx_hal_msp.o
                                                  build/stm32f4xx_hal.o
                                                  build/xnucleoihm02a1.o
                                                  build/stm32f4xx_nucleo.o
HAL_NVIC_SetPriorityGrouping                      build/stm32f4xx_hal_cortex.o
                                                  build/stm32f4xx_hal_msp.o
                                                  build/stm32f4xx_hal.o
HAL_NVIC_SystemReset                              build/stm32f4xx_hal_cortex.o
HAL_PWREx_ControlVoltageScaling                   build/stm32f4xx_hal_pwr_ex.o
HAL_PWREx_DisableBkUpReg                          build/stm32f4xx_hal_pwr_ex.o
HAL_PWREx_DisableFlashPowerDown                   build/stm32f4xx_hal_pwr_ex.o
HAL_PWREx_DisableLowRegulatorLowVoltage           build/stm32f4xx_hal_pwr_ex.o
HAL_PWREx_DisableMainRegulatorLowVoltage          build/stm32f4xx_hal_pwr_ex.o
HAL_PWREx_EnableBkUpReg                           build/stm32f4xx_hal_pwr_ex.o
HAL_PWREx_EnableFlashPowerDown                    build/stm32f4xx_hal_pwr_ex.o
HAL_PWREx_EnableLowRegulatorLowVoltage            build/stm32f4xx_hal_pwr_ex.o
HAL_PWREx_EnableMainRegulatorLowVoltage           build/stm32f4xx_hal_pwr_ex.o
HAL_PWREx_GetVoltageRange                         build/stm32f4xx_hal_pwr_ex.o
HAL_PWR_ConfigPVD                                 build/stm32f4xx_hal_pwr.o
HAL_PWR_DeInit                                    build/stm32f4xx_hal_pwr.o
HAL_PWR_DisableBkUpAccess                         build/stm32f4xx_hal_pwr.o
HAL_PWR_DisablePVD                                build/stm32f4xx_hal_pwr.o
HAL_PWR_DisableSEVOnPend                          build/stm32f4xx_hal_pwr.o
HAL_PWR_DisableSleepOnExit                        build/stm32f4xx_hal_pwr.o
HAL_PWR_DisableWakeUpPin                          build/stm32f4xx_hal_pwr.o
HAL_PWR_EnableBkUpAccess                          build/stm32f4xx_hal_pwr.o
HAL_PWR_EnablePVD                                 build/stm32f4xx_hal_pwr.o
HAL_PWR_EnableSEVOnPend                           build/stm32f4xx_hal_pwr.o
HAL_PWR_EnableSleepOnExit                         build/stm32f4xx_hal_pwr.o
HAL_PWR_EnableWakeUpPin                           build/stm32f4xx_hal_pwr.o
HAL_PWR_EnterSLEEPMode                            build/stm32f4xx_hal_pwr.o
HAL_PWR_EnterSTANDBYMode                          build/stm32f4xx_hal_pwr.o
HAL_PWR_EnterSTOPMode                             build/stm32f4xx_hal_pwr.o
HAL_PWR_PVDCallback                               build/stm32f4xx_hal_pwr.o
HAL_PWR_PVD_IRQHandler                            build/stm32f4xx_hal_pwr.o
HAL_RCCEx_GetPeriphCLKConfig                      build/stm32f4xx_hal_rcc_ex.o
HAL_RCCEx_PeriphCLKConfig                         build/stm32f4xx_hal_rcc_ex.o
HAL_RCC_CSSCallback                               build/stm32f4xx_hal_rcc.o
HAL_RCC_ClockConfig                               build/stm32f4xx_hal_rcc.o
                                                  build/xnucleoihm02a1_interface.o
HAL_RCC_DeInit                                    build/stm32f4xx_hal_rcc_ex.o
                                                  build/stm32f4xx_hal_rcc.o
HAL_RCC_DisableCSS                                build/stm32f4xx_hal_rcc.o
HAL_RCC_EnableCSS                                 build/stm32f4xx_hal_rcc.o
HAL_RCC_GetClockConfig                            build/stm32f4xx_hal_rcc.o
HAL_RCC_GetHCLKFreq                               build/stm32f4xx_hal_rcc.o
                                                  build/stm32f4xx_hal.o
HAL_RCC_GetOscConfig                              build/stm32f4xx_hal_rcc.o
HAL_RCC_GetPCLK1Freq                              build/stm32f4xx_hal_rcc.o
                                                  build/stm32f4xx_hal_uart.o
                                                  build/xnucleoihm02a1_interface.o
HAL_RCC_GetPCLK2Freq                              build/stm32f4xx_hal_rcc.o
                                                  build/stm32f4xx_hal_uart.o
                                                  build/xnucleoihm02a1_interface.o
HAL_RCC_GetSysClockFreq                           build/stm32f4xx_hal_rcc.o
HAL_RCC_MCOConfig                                 build/stm32f4xx_hal_rcc.o
HAL_RCC_NMI_IRQHandler                            build/stm32f4xx_hal_rcc.o
HAL_RCC_OscConfig                                 build/stm32f4xx_hal_rcc.o
                                                  build/xnucleoihm02a1_interface.o
HAL_ResumeTick                                    build/stm32f4xx_hal.o
HAL_SPI_DMAPause                                  build/stm32f4xx_hal_spi.o
HAL_SPI_DMAResume                                 build/stm32f4xx_hal_spi.o
HAL_SPI_DMAStop                                   build/stm32f4xx_hal_spi.o
HAL_SPI_DeInit                                    build/stm32f4xx_hal_spi.o
                                                  build/stm32f4xx_nucleo.o
HAL_SPI_ErrorCallback                             build/stm32f4xx_hal_spi.o
HAL_SPI_GetError                                  build/stm32f4xx_hal_spi.o
HAL_SPI_GetState                                  build/stm32f4xx_hal_spi.o
                                                  build/stm32f4xx_nucleo.o
HAL_SPI_IRQHandler                                build/stm32f4xx_hal_spi.o
HAL_SPI_Init                                      build/stm32f4xx_hal_spi.o
                                                  build/xnucleoihm02a1_interface.o
                                                  build/stm32f4xx_nucleo.o
HAL_SPI_MspDeInit                                 build/stm32f4xx_hal_msp.o
                                                  build/stm32f4xx_hal_spi.o
HAL_SPI_MspInit                                   build/stm32f4xx_hal_msp.o
                                                  build/stm32f4xx_hal_spi.o
HAL_SPI_Receive                                   build/stm32f4xx_hal_spi.o
HAL_SPI_Receive_DMA                               build/stm32f4xx_hal_spi.o
HAL_SPI_Receive_IT                                build/stm32f4xx_hal_spi.o
HAL_SPI_RxCpltCallback                            build/stm32f4xx_hal_spi.o
HAL_SPI_RxHalfCpltCallback                        build/stm32f4xx_hal_spi.o
HAL_SPI_Transmit                                  build/stm32f4xx_hal_spi.o
                                                  build/stm32f4xx_nucleo.o
HAL_SPI_TransmitReceive                           build/stm32f4xx_hal_spi.o
                                                  build/stm32f4xx_nucleo.o
                                                  build/L6470.o
HAL_SPI_TransmitReceive_DMA                       build/stm32f4xx_hal_spi.o
HAL_SPI_TransmitReceive_IT                        build/stm32f4xx_hal_spi.o
HAL_SPI_Transmit_DMA                              build/stm32f4xx_hal_spi.o
HAL_SPI_Transmit_IT                               build/stm32f4xx_hal_spi.o
HAL_SPI_TxCpltCallback                            build/stm32f4xx_hal_spi.o
HAL_SPI_TxHalfCpltCallback                        build/stm32f4xx_hal_spi.o
HAL_SPI_TxRxCpltCallback                          build/stm32f4xx_hal_spi.o
HAL_SPI_TxRxHalfCpltCallback                      build/stm32f4xx_hal_spi.o
HAL_SYSTICK_CLKSourceConfig                       build/stm32f4xx_hal_cortex.o
HAL_SYSTICK_Callback                              build/stm32f4xx_hal_cortex.o
HAL_SYSTICK_Config                                build/stm32f4xx_hal_cortex.o
                                                  build/stm32f4xx_hal.o
HAL_SYSTICK_IRQHandler                            build/stm32f4xx_hal_cortex.o
                                                  build/stm32f4xx_it.o
HAL_SuspendTick                                   build/stm32f4xx_hal.o
HAL_UART_DMAPause                                 build/stm32f4xx_hal_uart.o
HAL_UART_DMAResume                                build/stm32f4xx_hal_uart.o
HAL_UART_DMAStop                                  build/stm32f4xx_hal_uart.o
HAL_UART_DeInit                                   build/stm32f4xx_hal_uart.o
HAL_UART_ErrorCallback                            build/stm32f4xx_hal_uart.o
HAL_UART_GetError                                 build/stm32f4xx_hal_uart.o
HAL_UART_GetState                                 build/stm32f4xx_hal_uart.o
HAL_UART_IRQHandler                               build/stm32f4xx_hal_uart.o
                                                  build/stm32f4xx_it.o
HAL_UART_Init                                     build/stm32f4xx_hal_uart.o
                                                  build/xnucleoihm02a1_interface.o
HAL_UART_MspDeInit                                build/stm32f4xx_hal_msp.o
                                                  build/stm32f4xx_hal_uart.o
HAL_UART_MspInit                                  build/stm32f4xx_hal_msp.o
                                                  build/stm32f4xx_hal_uart.o
HAL_UART_Receive                                  build/stm32f4xx_hal_uart.o
HAL_UART_Receive_DMA                              build/stm32f4xx_hal_uart.o
HAL_UART_Receive_IT                               build/stm32f4xx_hal_uart.o
                                                  build/example_usart.o
HAL_UART_RxCpltCallback                           build/stm32f4xx_hal_uart.o
HAL_UART_RxHalfCpltCallback                       build/stm32f4xx_hal_uart.o
HAL_UART_Transmit                                 build/stm32f4xx_hal_uart.o
                                                  build/example_usart.o
HAL_UART_Transmit_DMA                             build/stm32f4xx_hal_uart.o
HAL_UART_Transmit_IT                              build/stm32f4xx_hal_uart.o
HAL_UART_TxCpltCallback                           build/stm32f4xx_hal_uart.o
HAL_UART_TxHalfCpltCallback                       build/stm32f4xx_hal_uart.o
HardFault_Handler                                 build/startup_stm32f401xe.o
I2C1_ER_IRQHandler                                build/startup_stm32f401xe.o
I2C1_EV_IRQHandler                                build/startup_stm32f401xe.o
I2C2_ER_IRQHandler                                build/startup_stm32f401xe.o
I2C2_EV_IRQHandler                                build/startup_stm32f401xe.o
I2C3_ER_IRQHandler                                build/startup_stm32f401xe.o
I2C3_EV_IRQHandler                                build/startup_stm32f401xe.o
IntSpeed_2_Step_s                                 build/L6470.o
L6470Command                                      build/L6470.o
                                                  build/xnucleoihm02a1.o
L6470DrvMtx                                       build/xnucleoihm02a1.o
L6470_ACT                                         build/L6470.o
                                                  build/example_usart.o
L6470_AppCmdPkg                                   build/L6470.o
L6470_ApplicationCommand                          build/L6470.o
                                                  build/example_usart.o
L6470_CheckStatusRegisterFlag                     build/L6470.o
                                                  build/xnucleoihm02a1.o
L6470_Config                                      build/L6470.o
                                                  build/xnucleoihm02a1.o
L6470_DaisyChainCommand                           build/L6470.o
                                                  build/example_usart.o
L6470_DaisyChainMnemonic                          build/example_usart.o
L6470_DaisyChainSpiRxStruct                       build/L6470.o
                                                  build/example_usart.o
L6470_DaisyChainSpiTxStruct                       build/L6470.o
                                                  build/example_usart.o
L6470_DaisyChain_HalfPrepared                     build/L6470.o
L6470_Direction                                   build/L6470.o
                                                  build/example_usart.o
L6470_ExtractReturnedData                         build/L6470.o
                                                  build/example_usart.o
L6470_FillAppCmdPkg                               build/L6470.o
L6470_GetParam                                    build/L6470.o
                                                  build/example_usart.o
                                                  build/xnucleoihm02a1.o
L6470_GetRegisterName                             build/L6470.o
                                                  build/example_usart.o
L6470_GetStatus                                   build/L6470.o
                                                  build/xnucleoihm02a1.o
L6470_GoHome                                      build/L6470.o
                                                  build/xnucleoihm02a1.o
L6470_GoMark                                      build/L6470.o
                                                  build/xnucleoihm02a1.o
L6470_GoTo                                        build/L6470.o
                                                  build/xnucleoihm02a1.o
L6470_GoToDir                                     build/L6470.o
                                                  build/xnucleoihm02a1.o
L6470_GoUntil                                     build/L6470.o
                                                  build/xnucleoihm02a1.o
L6470_HardHiZ                                     build/L6470.o
                                                  build/xnucleoihm02a1.o
L6470_HardStop                                    build/L6470.o
                                                  build/xnucleoihm02a1.o
L6470_ID                                          build/L6470.o
                                                  build/example_usart.o
                                                  build/example.o
                                                  build/xnucleoihm02a1.o
L6470_Move                                        build/L6470.o
                                                  build/xnucleoihm02a1.o
L6470_PerformPreparedApplicationCommand           build/L6470.o
                                                  build/xnucleoihm02a1.o
L6470_PrepareAppCmdPkg                            build/L6470.o
L6470_PrepareDaisyChainCommand                    build/L6470.o
L6470_PrepareGetParam                             build/L6470.o
L6470_PrepareGetStatus                            build/L6470.o
L6470_PrepareGoHome                               build/L6470.o
L6470_PrepareGoMark                               build/L6470.o
L6470_PrepareGoTo                                 build/L6470.o
L6470_PrepareGoToDir                              build/L6470.o
L6470_PrepareGoUntil                              build/L6470.o
L6470_PrepareHardHiZ                              build/L6470.o
L6470_PrepareHardStop                             build/L6470.o
L6470_PrepareMove                                 build/L6470.o
L6470_PrepareReleaseSW                            build/L6470.o
L6470_PrepareResetDevice                          build/L6470.o
L6470_PrepareResetPos                             build/L6470.o
L6470_PrepareRun                                  build/L6470.o
L6470_PrepareSetParam                             build/L6470.o
L6470_PrepareSoftHiZ                              build/L6470.o
L6470_PrepareSoftStop                             build/L6470.o
L6470_PrepareStepClock                            build/L6470.o
L6470_Register                                    build/L6470.o
                                                  build/example_usart.o
L6470_ReleaseSW                                   build/L6470.o
                                                  build/xnucleoihm02a1.o
L6470_ResetAppCmdPkg                              build/L6470.o
L6470_ResetDevice                                 build/L6470.o
                                                  build/xnucleoihm02a1.o
L6470_ResetPos                                    build/L6470.o
                                                  build/xnucleoihm02a1.o
L6470_Run                                         build/L6470.o
                                                  build/xnucleoihm02a1.o
L6470_SetParam                                    build/L6470.o
                                                  build/xnucleoihm02a1.o
L6470_SoftHiZ                                     build/L6470.o
                                                  build/xnucleoihm02a1.o
L6470_SoftStop                                    build/L6470.o
                                                  build/xnucleoihm02a1.o
L6470_StatusRegister                              build/L6470.o
L6470_StepClock                                   build/L6470.o
                                                  build/xnucleoihm02a1.o
L6470_TextCommandBundle                           build/example_usart.o
L6470_nBUSY_SYNC_GPIO                             build/xnucleoihm02a1.o
L6470_nCS_GPIO                                    build/xnucleoihm02a1.o
                                                  build/L6470.o
L6470_nCS_GPIO_Array                              build/xnucleoihm02a1.o
L6470_nFLAG_GPIO                                  build/xnucleoihm02a1.o
L6470_nSTBY_nRST_GPIO                             build/xnucleoihm02a1.o
LCD_Delay                                         build/stm32f4xx_nucleo.o
LCD_IO_Init                                       build/stm32f4xx_nucleo.o
LCD_IO_WriteData                                  build/stm32f4xx_nucleo.o
LCD_IO_WriteMultipleData                          build/stm32f4xx_nucleo.o
LCD_IO_WriteReg                                   build/stm32f4xx_nucleo.o
MX_ADC1_Init                                      build/xnucleoihm02a1_interface.o
MX_GPIO_Init                                      build/xnucleoihm02a1_interface.o
MX_SPI1_Init                                      build/xnucleoihm02a1_interface.o
MX_SPI2_Init                                      build/xnucleoihm02a1_interface.o
MX_SPI_Init                                       build/xnucleoihm02a1_interface.o
MX_USART2_Init                                    build/xnucleoihm02a1_interface.o
MaxSpeed_2_Step_s                                 build/L6470.o
MemManage_Handler                                 build/startup_stm32f401xe.o
MicrosteppingMotor_Example_01                     build/example.o
MinSpeed_2_Step_s                                 build/L6470.o
MotorParameterInitData                            build/params.o
NMI_Handler                                       build/startup_stm32f401xe.o
NUCLEO_Board_Init                                 build/xnucleoihm02a1_interface.o
                                                  build/main.o
OTG_FS_IRQHandler                                 build/startup_stm32f401xe.o
OTG_FS_WKUP_IRQHandler                            build/startup_stm32f401xe.o
OcdTh_2_mA                                        build/L6470.o
PVD_IRQHandler                                    build/startup_stm32f401xe.o
PendSV_Handler                                    build/startup_stm32f401xe.o
Position_2_AbsPos                                 build/L6470.o
RCC_IRQHandler                                    build/startup_stm32f401xe.o
RTC_Alarm_IRQHandler                              build/startup_stm32f401xe.o
RTC_WKUP_IRQHandler                               build/startup_stm32f401xe.o
Reset_Handler                                     build/startup_stm32f401xe.o
SDIO_IRQHandler                                   build/startup_stm32f401xe.o
SD_IO_Init                                        build/stm32f4xx_nucleo.o
SD_IO_ReadByte                                    build/stm32f4xx_nucleo.o
SD_IO_WaitResponse                                build/stm32f4xx_nucleo.o
SD_IO_WriteByte                                   build/stm32f4xx_nucleo.o
SD_IO_WriteCmd                                    build/stm32f4xx_nucleo.o
SD_IO_WriteDummy                                  build/stm32f4xx_nucleo.o
SPI1_IRQHandler                                   build/startup_stm32f401xe.o
SPI2_IRQHandler                                   build/startup_stm32f401xe.o
SPI3_IRQHandler                                   build/startup_stm32f401xe.o
SPI4_IRQHandler                                   build/startup_stm32f401xe.o
SVC_Handler                                       build/startup_stm32f401xe.o
Speed_2_Step_s                                    build/L6470.o
SpixTimeout                                       build/stm32f4xx_nucleo.o
StSlp_2_s_Step                                    build/L6470.o
StallTh_2_mA                                      build/L6470.o
StatusBuffer                                      build/xnucleoihm02a1.o
Step_s2_2_Acc                                     build/L6470.o
Step_s2_2_Dec                                     build/L6470.o
Step_s_2_FsSpd                                    build/L6470.o
Step_s_2_IntSpeed                                 build/L6470.o
Step_s_2_MaxSpeed                                 build/L6470.o
Step_s_2_MinSpeed                                 build/L6470.o
Step_s_2_Speed                                    build/L6470.o
                                                  build/example.o
SysTick_Handler                                   build/stm32f4xx_it.o
SystemClock_Config                                build/xnucleoihm02a1_interface.o
SystemCoreClock                                   build/system_stm32f4xx.o
                                                  build/stm32f4xx_hal_rcc.o
                                                  build/stm32f4xx_hal_adc_ex.o
                                                  build/stm32f4xx_hal_adc.o
SystemCoreClockUpdate                             build/system_stm32f4xx.o
SystemInit                                        build/system_stm32f4xx.o
                                                  build/startup_stm32f401xe.o
TAMP_STAMP_IRQHandler                             build/startup_stm32f401xe.o
TIM1_BRK_TIM9_IRQHandler                          build/startup_stm32f401xe.o
TIM1_CC_IRQHandler                                build/startup_stm32f401xe.o
TIM1_TRG_COM_TIM11_IRQHandler                     build/startup_stm32f401xe.o
TIM1_UP_TIM10_IRQHandler                          build/startup_stm32f401xe.o
TIM2_IRQHandler                                   build/startup_stm32f401xe.o
TIM3_IRQHandler                                   build/startup_stm32f401xe.o
TIM4_IRQHandler                                   build/startup_stm32f401xe.o
TIM5_IRQHandler                                   build/startup_stm32f401xe.o
USART1_IRQHandler                                 build/startup_stm32f401xe.o
USART2_IRQHandler                                 build/stm32f4xx_it.o
USART6_IRQHandler                                 build/startup_stm32f401xe.o
USART_CheckAppCmd                                 build/example_usart.o
                                                  build/main.o
USART_CheckTextCommandBundle                      build/example_usart.o
USART_DecodeTextString                            build/example_usart.o
USART_ITCharManager                               build/example_usart.o
                                                  build/stm32f4xx_it.o
USART_PrintAllRegisterValues                      build/example_usart.o
                                                  build/example.o
USART_PrintRegisterValues                         build/example_usart.o
USART_SplitTextString                             build/example_usart.o
USART_Transmit                                    build/example_usart.o
                                                  build/example.o
USART_TxWelcomeMessage                            build/example_usart.o
                                                  build/main.o
UsageFault_Handler                                build/startup_stm32f401xe.o
UsartTextString                                   build/example_usart.o
User_LED_Blinking                                 build/xnucleoihm02a1_interface.o
WWDG_IRQHandler                                   build/startup_stm32f401xe.o
XNUCLEOIHM02A1Command                             build/xnucleoihm02a1.o
XNUCLEOIHM02A1Drv                                 build/xnucleoihm02a1.o
__adddf3                                          c:/programdata/chocolatey/lib/gcc-arm-embedded/tools/gcc-arm-none-eabi-10.3-2021.10/bin/../lib/gcc/arm-none-eabi/10.3.1/thumb/v7e-m+fp/hard\libgcc.a(_arm_addsubdf3.o)
__aeabi_d2f                                       c:/programdata/chocolatey/lib/gcc-arm-embedded/tools/gcc-arm-none-eabi-10.3-2021.10/bin/../lib/gcc/arm-none-eabi/10.3.1/thumb/v7e-m+fp/hard\libgcc.a(_arm_truncdfsf2.o)
                                                  build/L6470.o
__aeabi_dadd                                      c:/programdata/chocolatey/lib/gcc-arm-embedded/tools/gcc-arm-none-eabi-10.3-2021.10/bin/../lib/gcc/arm-none-eabi/10.3.1/thumb/v7e-m+fp/hard\libgcc.a(_arm_addsubdf3.o)
                                                  build/L6470.o
__aeabi_dmul                                      c:/programdata/chocolatey/lib/gcc-arm-embedded/tools/gcc-arm-none-eabi-10.3-2021.10/bin/../lib/gcc/arm-none-eabi/10.3.1/thumb/v7e-m+fp/hard\libgcc.a(_arm_muldf3.o)
                                                  build/L6470.o
__aeabi_drsub                                     c:/programdata/chocolatey/lib/gcc-arm-embedded/tools/gcc-arm-none-eabi-10.3-2021.10/bin/../lib/gcc/arm-none-eabi/10.3.1/thumb/v7e-m+fp/hard\libgcc.a(_arm_addsubdf3.o)
__aeabi_dsub                                      c:/programdata/chocolatey/lib/gcc-arm-embedded/tools/gcc-arm-none-eabi-10.3-2021.10/bin/../lib/gcc/arm-none-eabi/10.3.1/thumb/v7e-m+fp/hard\libgcc.a(_arm_addsubdf3.o)
__aeabi_f2d                                       c:/programdata/chocolatey/lib/gcc-arm-embedded/tools/gcc-arm-none-eabi-10.3-2021.10/bin/../lib/gcc/arm-none-eabi/10.3.1/thumb/v7e-m+fp/hard\libgcc.a(_arm_addsubdf3.o)
__aeabi_i2d                                       c:/programdata/chocolatey/lib/gcc-arm-embedded/tools/gcc-arm-none-eabi-10.3-2021.10/bin/../lib/gcc/arm-none-eabi/10.3.1/thumb/v7e-m+fp/hard\libgcc.a(_arm_addsubdf3.o)
                                                  build/L6470.o
__aeabi_l2d                                       c:/programdata/chocolatey/lib/gcc-arm-embedded/tools/gcc-arm-none-eabi-10.3-2021.10/bin/../lib/gcc/arm-none-eabi/10.3.1/thumb/v7e-m+fp/hard\libgcc.a(_arm_addsubdf3.o)
__aeabi_ui2d                                      c:/programdata/chocolatey/lib/gcc-arm-embedded/tools/gcc-arm-none-eabi-10.3-2021.10/bin/../lib/gcc/arm-none-eabi/10.3.1/thumb/v7e-m+fp/hard\libgcc.a(_arm_addsubdf3.o)
__aeabi_ul2d                                      c:/programdata/chocolatey/lib/gcc-arm-embedded/tools/gcc-arm-none-eabi-10.3-2021.10/bin/../lib/gcc/arm-none-eabi/10.3.1/thumb/v7e-m+fp/hard\libgcc.a(_arm_addsubdf3.o)
__bss_end__                                       c:/programdata/chocolatey/lib/gcc-arm-embedded/tools/gcc-arm-none-eabi-10.3-2021.10/bin/../lib/gcc/arm-none-eabi/10.3.1/../../../../arm-none-eabi/lib/thumb/v7e-m+fp/hard/crt0.o
__bss_start__                                     c:/programdata/chocolatey/lib/gcc-arm-embedded/tools/gcc-arm-none-eabi-10.3-2021.10/bin/../lib/gcc/arm-none-eabi/10.3.1/../../../../arm-none-eabi/lib/thumb/v7e-m+fp/hard/crt0.o
__call_exitprocs                                  c:/programdata/chocolatey/lib/gcc-arm-embedded/tools/gcc-arm-none-eabi-10.3-2021.10/bin/../lib/gcc/arm-none-eabi/10.3.1/../../../../arm-none-eabi/lib/thumb/v7e-m+fp/hard\libc_nano.a(lib_a-exit.o)
__deregister_frame_info                           c:/programdata/chocolatey/lib/gcc-arm-embedded/tools/gcc-arm-none-eabi-10.3-2021.10/bin/../lib/gcc/arm-none-eabi/10.3.1/thumb/v7e-m+fp/hard/crtbegin.o